******************************************************************************
                  TI ARM Linker PC v18.1.3                     
******************************************************************************
>> Linked Sat Nov  3 12:06:28 2018

OUTPUT FILE NAME:   <milestone_1.out>
ENTRY POINT SYMBOL: "_c_int00_noargs"  address: 20007689


MEMORY CONFIGURATION

         name            origin    length      used     unused   attr    fill
----------------------  --------  ---------  --------  --------  ----  --------
  SRAM_CODE             20004000   00013000  00003eba  0000f146  RW X
  SRAM_DATA             20017000   00019000  00000e5a  000181a6  RW X


SEGMENT ALLOCATION MAP

run origin  load origin   length   init length attrs members
----------  ----------- ---------- ----------- ----- -------
20004000    20004000    00003ec0   00003ec0    r-x
  20004000    20004000    00000400   00000400    r-- .intvecs
  20004400    20004400    00003662   00003662    r-x .text
  20007a64    20007a64    00000410   00000410    r-- .const
  20007e78    20007e78    00000048   00000048    r-- .cinit
20017000    20017000    00000d5c   00000000    rw-
  20017000    20017000    00000800   00000000    rw- .sysmem
  20017800    20017800    0000053a   00000000    rw- .bss
  20017d3c    20017d3c    00000020   00000000    rw- .data
2002ff00    2002ff00    00000100   00000000    rw-
  2002ff00    2002ff00    00000100   00000000    rw- .stack


SECTION ALLOCATION MAP

 output                                  attributes/
section   page    origin      length       input sections
--------  ----  ----------  ----------   ----------------
.intvecs   0    20004000    00000400     
                  20004000    00000400     startup_ccs.obj (.intvecs)

.init_array 
*          0    20004000    00000000     UNINITIALIZED

.text      0    20004400    00003662     
                  20004400    00000a4a     rtsv7M4_T_le_eabi.lib : _printfi.c.obj (.text:__TI_printfi)
                  20004e4a    00000002     driverlib.a : interrupt.obj (.text:IntDefaultHandler)
                  20004e4c    00000334     main.obj (.text)
                  20005180    00000280     uart_if.obj (.text)
                  20005400    00000268     rtsv7M4_T_le_eabi.lib : _printfi.c.obj (.text:_pconv_a)
                  20005668    000001cc                           : _printfi.c.obj (.text:_pconv_g)
                  20005834    000001cc     udma_if.obj (.text)
                  20005a00    000001b6     rtsv7M4_T_le_eabi.lib : fd_add_t2.asm.obj (.text)
                  20005bb6    00000002                           : _lock.c.obj (.text:_nop)
                  20005bb8    00000178     driverlib.a : prcm.obj (.text:PRCMCC3200MCUInit)
                  20005d30    0000013c     rtsv7M4_T_le_eabi.lib : _printfi.c.obj (.text:_pconv_e)
                  20005e6c    00000136                           : fd_div_t2.asm.obj (.text)
                  20005fa2    00000002                           : div0.asm.obj (.text)
                  20005fa4    00000120                           : _printfi.c.obj (.text:fcvt)
                  200060c4    00000114                           : memory.c.obj (.text:realloc)
                  200061d8    000000fc                           : fd_mul_t2.asm.obj (.text)
                  200062d4    000000f0     driverlib.a : udma.obj (.text:uDMAChannelTransferSet)
                  200063c4    000000d8     rtsv7M4_T_le_eabi.lib : memory.c.obj (.text:free)
                  2000649c    000000d0                           : s_scalbn.c.obj (.text:scalbn)
                  2000656c    000000b1                           : _printfi.c.obj (.text:_ltostr)
                  2000661d    00000003     --HOLE-- [fill = 0]
                  20006620    000000a8     driverlib.a : interrupt.obj (.text:IntDisable)
                  200066c8    000000a8                 : interrupt.obj (.text:IntEnable)
                  20006770    0000009c     rtsv7M4_T_le_eabi.lib : memcpy_t2.asm.obj (.text)
                  2000680c    00000096                           : ull_div_t2.asm.obj (.text)
                  200068a2    00000002     --HOLE-- [fill = 0]
                  200068a4    00000094     driverlib.a : prcm.obj (.text:PRCMPeripheralClockGet)
                  20006938    00000092     rtsv7M4_T_le_eabi.lib : fs_div_t2.asm.obj (.text)
                  200069ca    00000002     --HOLE-- [fill = 0]
                  200069cc    0000008c     pinmux.obj (.text)
                  20006a58    00000088     driverlib.a : pin.obj (.text:PinConfigSet)
                  20006ae0    00000086     rtsv7M4_T_le_eabi.lib : fd_cmp_t2.asm.obj (.text:__aeabi_cdcmple)
                  20006b66    00000086                           : fd_cmp_t2.asm.obj (.text:__aeabi_cdrcmple)
                  20006bec    0000007a                           : memset_t2.asm.obj (.text)
                  20006c66    00000002     --HOLE-- [fill = 0]
                  20006c68    00000078                           : memory.c.obj (.text:malloc)
                  20006ce0    00000076     driverlib.a : uart.obj (.text:UARTConfigSetExpClk)
                  20006d56    0000006e     rtsv7M4_T_le_eabi.lib : _printfi.c.obj (.text:_mcpy)
                  20006dc4    00000068                           : copy_decompress_lzss.c.obj (.text:decompress:lzss:__TI_decompress_lzss)
                  20006e2c    00000064     driverlib.a : udma.obj (.text:uDMAChannelAttributeDisable)
                  20006e90    00000064                 : udma.obj (.text:uDMAChannelAttributeEnable)
                  20006ef4    00000060     rtsv7M4_T_le_eabi.lib : fs_cmp_t2.asm.obj (.text:__aeabi_cfcmple)
                  20006f54    00000060                           : fs_cmp_t2.asm.obj (.text:__aeabi_cfrcmple)
                  20006fb4    0000005c                           : s_frexp.c.obj (.text:frexp)
                  20007010    00000058     driverlib.a : prcm.obj (.text:PRCMPeripheralReset)
                  20007068    00000056     rtsv7M4_T_le_eabi.lib : _printfi.c.obj (.text:_pconv_f)
                  200070be    00000002     --HOLE-- [fill = 0]
                  200070c0    00000054     driverlib.a : interrupt.obj (.text:IntPrioritySet)
                  20007114    00000054     rtsv7M4_T_le_eabi.lib : ltoa.c.obj (.text:ltoa)
                  20007168    00000052                           : _printfi.c.obj (.text:_ecpy)
                  200071ba    00000002     --HOLE-- [fill = 0]
                  200071bc    0000004c                           : atoi.c.obj (.text:atoi)
                  20007208    0000004c     driverlib.a : udma.obj (.text:uDMAChannelAssign)
                  20007254    00000048     rtsv7M4_T_le_eabi.lib : fd_toi_t2.asm.obj (.text)
                  2000729c    00000044     driverlib.a : uart.obj (.text:UARTIntNumberGet)
                  200072e0    00000044     rtsv7M4_T_le_eabi.lib : autoinit.c.obj (.text:__TI_auto_init_nobinit_nopinit:__TI_auto_init_nobinit_nopinit)
                  20007324    00000040     driverlib.a : pin.obj (.text:PinModeSet)
                  20007364    00000040     rtsv7M4_T_le_eabi.lib : vsnprintf.c.obj (.text:vsnprintf)
                  200073a4    0000003e                           : _printfi.c.obj (.text:_fcpy)
                  200073e2    00000002     --HOLE-- [fill = 0]
                  200073e4    0000003c     driverlib.a : prcm.obj (.text:PRCMPeripheralClkEnable)
                  20007420    0000003c     rtsv7M4_T_le_eabi.lib : memory.c.obj (.text:minsert)
                  2000745c    0000003c     driverlib.a : udma.obj (.text:uDMAChannelControlSet)
                  20007498    00000038     rtsv7M4_T_le_eabi.lib : memory.c.obj (.text:minit)
                  200074d0    00000038                           : fs_toi_t2.asm.obj (.text)
                  20007508    00000036     driverlib.a : gpio.obj (.text:GPIODirModeSet)
                  2000753e    00000034     rtsv7M4_T_le_eabi.lib : fs_tou_t2.asm.obj (.text)
                  20007572    00000030     driverlib.a : pin.obj (.text:PinTypeGPIO)
                  200075a2    00000002     --HOLE-- [fill = 0]
                  200075a4    00000030                 : uart.obj (.text:UARTDisable)
                  200075d4    00000030     rtsv7M4_T_le_eabi.lib : vsnprintf.c.obj (.text:_outs)
                  20007604    0000002e                           : i_tofd_t2.asm.obj (.text)
                  20007632    00000002     --HOLE-- [fill = 0]
                  20007634    0000002c     driverlib.a : prcm.obj (.text:PRCMSysResetCauseGet)
                  20007660    00000028                 : prcm.obj (.text:PRCMPeripheralClkDisable)
                  20007688    00000028     rtsv7M4_T_le_eabi.lib : boot_cortex_m.c.obj (.text:_c_int00_noargs:_c_int00_noargs)
                  200076b0    00000028                           : memory.c.obj (.text:mremove)
                  200076d8    00000024     driverlib.a : interrupt.obj (.text:IntUnregister)
                  200076fc    00000024                 : uart.obj (.text:UARTEnable)
                  20007720    00000024     rtsv7M4_T_le_eabi.lib : memmov.c.obj (.text:memmove)
                  20007744    00000020     driverlib.a : gpio.obj (.text:GPIOPinWrite)
                  20007764    00000020                 : interrupt.obj (.text:IntRegister)
                  20007784    0000001e                 : uart.obj (.text:UARTCharPut)
                  200077a2    0000001e                 : uart.obj (.text:UARTIntRegister)
                  200077c0    0000001c                 : uart.obj (.text:UARTCharGetNonBlocking)
                  200077dc    0000001c     rtsv7M4_T_le_eabi.lib : memccpy.c.obj (.text:memccpy)
                  200077f8    0000001c     driverlib.a : udma.obj (.text:uDMAChannelDisable)
                  20007814    0000001c                 : udma.obj (.text:uDMAChannelEnable)
                  20007830    0000001c                 : udma.obj (.text:uDMAChannelRequest)
                  2000784c    0000001a                 : pin.obj (.text:PinTypeUART)
                  20007866    00000018                 : uart.obj (.text:UARTCharsAvail)
                  2000787e    00000018                 : uart.obj (.text:UARTDMADisable)
                  20007896    00000018                 : uart.obj (.text:UARTDMAEnable)
                  200078ae    00000018                 : uart.obj (.text:UARTFIFOLevelSet)
                  200078c6    00000018                 : uart.obj (.text:UARTIntEnable)
                  200078de    00000018     rtsv7M4_T_le_eabi.lib : vsnprintf.c.obj (.text:_outc)
                  200078f6    00000016     driverlib.a : prcm.obj (.text:PRCMHIBRegRead)
                  2000790c    00000016                 : prcm.obj (.text:PRCMHIBRegWrite)
                  20007922    00000016     rtsv7M4_T_le_eabi.lib : strchr.c.obj (.text:strchr)
                  20007938    00000016     driverlib.a : udma.obj (.text:uDMAIntRegister)
                  2000794e    00000014                 : cpu.obj (.text:CPUcpsie)
                  20007962    00000002     --HOLE-- [fill = 0]
                  20007964    00000014                 : interrupt.obj (.text:IntVTableBaseSet)
                  20007978    00000014     rtsv7M4_T_le_eabi.lib : strlen.c.obj (.text:strlen)
                  2000798c    00000014     driverlib.a : udma.obj (.text:uDMAControlBaseSet)
                  200079a0    00000014                 : udma.obj (.text:uDMAIntClear)
                  200079b4    00000012                 : uart.obj (.text:UARTIntClear)
                  200079c6    00000012                 : udma.obj (.text:uDMAIntUnregister)
                  200079d8    00000012     rtsv7M4_T_le_eabi.lib : wcslen.c.obj (.text:wcslen)
                  200079ea    0000000e                           : copy_decompress_none.c.obj (.text:decompress:none:__TI_decompress_none)
                  200079f8    0000000e     startup_ccs.obj (.text)
                  20007a06    0000000c     rtsv7M4_T_le_eabi.lib : copy_zero_init.c.obj (.text:decompress:ZI:__TI_zero_init)
                  20007a12    00000002     --HOLE-- [fill = 0]
                  20007a14    0000000c     driverlib.a : udma.obj (.text:uDMADisable)
                  20007a20    0000000c                 : udma.obj (.text:uDMAEnable)
                  20007a2c    0000000c                 : udma.obj (.text:uDMAIntStatus)
                  20007a38    0000000a                 : interrupt.obj (.text:IntMasterEnable)
                  20007a42    00000002     --HOLE-- [fill = 0]
                  20007a44    00000008     rtsv7M4_T_le_eabi.lib : errno.c.obj (.text:__aeabi_errno_addr)
                  20007a4c    00000008                           : s_copysign.c.obj (.text:copysign)
                  20007a54    00000006     driverlib.a : utils.obj (.text:UtilsDelay)
                  20007a5a    00000004     rtsv7M4_T_le_eabi.lib : pre_init.c.obj (.text:_system_pre_init)
                  20007a5e    00000004                           : exit.c.obj (.text:abort:abort)

.const     0    20007a64    00000410     
                  20007a64    00000101     rtsv7M4_T_le_eabi.lib : ctype.c.obj (.const:.string:_ctypes_)
                  20007b65    00000003     --HOLE-- [fill = 0]
                  20007b68    00000100     driverlib.a : pin.obj (.const:g_ulPinToPadMap)
                  20007c68    000000d4                 : interrupt.obj (.const:g_pulRegs)
                  20007d3c    000000a8                 : prcm.obj (.const:PRCM_PeriphRegsList)
                  20007de4    00000080                 : interrupt.obj (.const)
                  20007e64    00000010                 : uart.obj (.const)

.cinit     0    20007e78    00000048     
                  20007e78    0000001f     (.cinit..data.load) [load image, compression = lzss]
                  20007e97    00000001     --HOLE-- [fill = 0]
                  20007e98    0000000c     (__TI_handler_table)
                  20007ea4    00000004     --HOLE-- [fill = 0]
                  20007ea8    00000008     (.cinit..bss.load) [load image, compression = zero_init]
                  20007eb0    00000010     (__TI_cinit_table)

.sysmem    0    20017000    00000800     UNINITIALIZED
                  20017000    00000008     rtsv7M4_T_le_eabi.lib : memory.c.obj (.sysmem)
                  20017008    000007f8     --HOLE--

.bss       0    20017800    0000053a     UNINITIALIZED
                  20017800    00000400     (.common:gpCtlTbl)
                  20017c00    00000100     (.common:gfpAppCallbackHndl)
                  20017d00    00000034     main.obj (.bss:ucTextBuff)
                  20017d34    00000004     uart_if.obj (.bss)
                  20017d38    00000001     main.obj (.bss)
                  20017d39    00000001     (.common:iDone)

.data      0    20017d3c    00000020     UNINITIALIZED
                  20017d3c    0000000c     rtsv7M4_T_le_eabi.lib : memory.c.obj (.data:$O1$$)
                  20017d48    00000008                           : _lock.c.obj (.data:$O1$$)
                  20017d50    00000008     main.obj (.data)
                  20017d58    00000004     rtsv7M4_T_le_eabi.lib : errno.c.obj (.data)

.stack     0    2002ff00    00000100     UNINITIALIZED
                  2002ff00    00000004     rtsv7M4_T_le_eabi.lib : boot_cortex_m.c.obj (.stack)
                  2002ff04    000000fc     --HOLE--

MODULE SUMMARY

       Module                       code    ro data   rw data
       ------                       ----    -------   -------
    .\
       udma_if.obj                  460     0         1281   
       startup_ccs.obj              14      1024      0      
       main.obj                     820     0         61     
       uart_if.obj                  640     0         4      
       pinmux.obj                   140     0         0      
    +--+----------------------------+-------+---------+---------+
       Total:                       2074    1024      1346   
                                                             
    C:/ti/CC3200SDK_1.3.0/cc3200-sdk/driverlib/ccs/Release/driverlib.a
       prcm.obj                     800     168       0      
       interrupt.obj                520     340       0      
       udma.obj                     776     0         0      
       pin.obj                      274     256       0      
       uart.obj                     496     16        0      
       gpio.obj                     86      0         0      
       cpu.obj                      20      0         0      
       utils.obj                    6       0         0      
    +--+----------------------------+-------+---------+---------+
       Total:                       2978    780       0      
                                                             
    C:\ti\ccsv8\tools\compiler\ti-cgt-arm_18.1.3.LTS\lib\rtsv7M4_T_le_eabi.lib
       _printfi.c.obj               4831    0         0      
       memory.c.obj                 768     0         12     
       fd_add_t2.asm.obj            438     0         0      
       fd_div_t2.asm.obj            310     0         0      
       fd_cmp_t2.asm.obj            268     0         0      
       ctype.c.obj                  0       257       0      
       fd_mul_t2.asm.obj            252     0         0      
       s_scalbn.c.obj               208     0         0      
       fs_cmp_t2.asm.obj            192     0         0      
       memcpy_t2.asm.obj            156     0         0      
       ull_div_t2.asm.obj           150     0         0      
       fs_div_t2.asm.obj            146     0         0      
       vsnprintf.c.obj              136     0         0      
       memset_t2.asm.obj            122     0         0      
       copy_decompress_lzss.c.obj   104     0         0      
       s_frexp.c.obj                92      0         0      
       ltoa.c.obj                   84      0         0      
       atoi.c.obj                   76      0         0      
       fd_toi_t2.asm.obj            72      0         0      
       autoinit.c.obj               68      0         0      
       fs_toi_t2.asm.obj            56      0         0      
       fs_tou_t2.asm.obj            52      0         0      
       i_tofd_t2.asm.obj            46      0         0      
       boot_cortex_m.c.obj          40      0         0      
       memmov.c.obj                 36      0         0      
       memccpy.c.obj                28      0         0      
       strchr.c.obj                 22      0         0      
       strlen.c.obj                 20      0         0      
       wcslen.c.obj                 18      0         0      
       copy_decompress_none.c.obj   14      0         0      
       copy_zero_init.c.obj         12      0         0      
       errno.c.obj                  8       0         4      
       _lock.c.obj                  2       0         8      
       s_copysign.c.obj             8       0         0      
       exit.c.obj                   4       0         0      
       pre_init.c.obj               4       0         0      
       div0.asm.obj                 2       0         0      
    +--+----------------------------+-------+---------+---------+
       Total:                       8845    257       24     
                                                             
       Heap:                        0       0         2048   
       Stack:                       0       0         256    
       Linker Generated:            0       67        0      
    +--+----------------------------+-------+---------+---------+
       Grand Total:                 13897   2128      3674   


LINKER GENERATED COPY TABLES

__TI_cinit_table @ 20007eb0 records: 2, size/record: 8, table size: 16
	.data: load addr=20007e78, load size=0000001f bytes, run addr=20017d3c, run size=00000020 bytes, compression=lzss
	.bss: load addr=20007ea8, load size=00000008 bytes, run addr=20017800, run size=0000053a bytes, compression=zero_init


LINKER GENERATED HANDLER TABLE

__TI_handler_table @ 20007e98 records: 3, size/record: 4, table size: 12
	index: 0, handler: __TI_decompress_lzss
	index: 1, handler: __TI_decompress_none
	index: 2, handler: __TI_zero_init


GLOBAL SYMBOLS: SORTED ALPHABETICALLY BY Name 

address   name                          
-------   ----                          
20007a5f  C$$EXIT                       
2000794f  CPUcpsie                      
200051c1  ClearTerm                     
2000584b  DmaErrorIntHandler            
20005835  DmaSwIntHandler               
200051cb  Error                         
20007509  GPIODirModeSet                
20007745  GPIOPinWrite                  
20005203  GetCmd                        
20005181  InitTerm                      
20006621  IntDisable                    
200066c9  IntEnable                     
20007a39  IntMasterEnable               
200070c1  IntPrioritySet                
20007765  IntRegister                   
200076d9  IntUnregister                 
20007965  IntVTableBaseSet              
2000519f  Message                       
20005bb9  PRCMCC3200MCUInit             
200078f7  PRCMHIBRegRead                
2000790d  PRCMHIBRegWrite               
20007661  PRCMPeripheralClkDisable      
200073e5  PRCMPeripheralClkEnable       
200068a5  PRCMPeripheralClockGet        
20007011  PRCMPeripheralReset           
20007635  PRCMSysResetCauseGet          
20006a59  PinConfigSet                  
20007325  PinModeSet                    
200069cd  PinMuxConfig                  
20007573  PinTypeGPIO                   
2000784d  PinTypeUART                   
20005341  Report                        
200079f9  ResetISR                      
200052a9  TrimSpace                     
200077c1  UARTCharGetNonBlocking        
20007785  UARTCharPut                   
20007867  UARTCharsAvail                
20006ce1  UARTConfigSetExpClk           
2000787f  UARTDMADisable                
20007897  UARTDMAEnable                 
200075a5  UARTDisable                   
200076fd  UARTEnable                    
200078af  UARTFIFOLevelSet              
200079b5  UARTIntClear                  
200078c7  UARTIntEnable                 
200077a3  UARTIntRegister               
200058bf  UDMAChannelSelect             
20005993  UDMADeInit                    
20005857  UDMAInit                      
200058ed  UDMASetupAutoMemTransfer      
20005921  UDMASetupPingPongTransfer     
200059a7  UDMASetupTransfer             
2000597b  UDMAStartTransfer             
20005987  UDMAStopTransfer              
20007a55  UtilsDelay                    
20030000  __STACK_END                   
00000100  __STACK_SIZE                  
00000800  __SYSMEM_SIZE                 
20007eb0  __TI_CINIT_Base               
20007ec0  __TI_CINIT_Limit              
20007e98  __TI_Handler_Table_Base       
20007ea4  __TI_Handler_Table_Limit      
200072e1  __TI_auto_init_nobinit_nopinit
20006dc5  __TI_decompress_lzss          
200079eb  __TI_decompress_none          
ffffffff  __TI_pprof_out_hndl           
20004401  __TI_printfi                  
ffffffff  __TI_prof_data_size           
ffffffff  __TI_prof_data_start          
20007e78  __TI_static_base__            
20007a07  __TI_zero_init                
20006ae1  __aeabi_cdcmpeq               
20006ae1  __aeabi_cdcmple               
20006b67  __aeabi_cdrcmple              
20006ef5  __aeabi_cfcmpeq               
20006ef5  __aeabi_cfcmple               
20006f55  __aeabi_cfrcmple              
20007255  __aeabi_d2iz                  
20005a0b  __aeabi_dadd                  
20005e6d  __aeabi_ddiv                  
200061d9  __aeabi_dmul                  
20005a01  __aeabi_dsub                  
20007a45  __aeabi_errno_addr            
200074d1  __aeabi_f2iz                  
2000753f  __aeabi_f2uiz                 
20006939  __aeabi_fdiv                  
20007605  __aeabi_i2d                   
20005fa3  __aeabi_idiv0                 
20005fa3  __aeabi_ldiv0                 
20006bed  __aeabi_memclr                
20006bed  __aeabi_memclr4               
20006bed  __aeabi_memclr8               
20006771  __aeabi_memcpy                
20006771  __aeabi_memcpy4               
20006771  __aeabi_memcpy8               
20006bef  __aeabi_memset                
20006bef  __aeabi_memset4               
20006bef  __aeabi_memset8               
2000680d  __aeabi_uldivmod              
ffffffff  __binit__                     
ffffffff  __c_args__                    
UNDEFED   __mpu_init                    
2002ff00  __stack                       
20007689  _c_int00_noargs               
20007a64  _ctypes_                      
20017d48  _lock                         
20005bb7  _nop                          
20017000  _sys_memory                   
UNDEFED   _system_post_cinit            
20007a5b  _system_pre_init              
20017d4c  _unlock                       
20007a5f  abort                         
200071bd  atoi                          
ffffffff  binit                         
20007a4d  copysign                      
20007a4d  copysignl                     
20017d54  count                         
20017d58  errno                         
200063c5  free                          
20006fb5  frexp                         
20006fb5  frexpl                        
20017d50  g_iCounter                    
20004000  g_pfnVectors                  
20017c00  gfpAppCallbackHndl            
20017800  gpCtlTbl                      
20017d39  iDone                         
2000649d  ldexp                         
2000649d  ldexpl                        
20007115  ltoa                          
20004e91  main                          
20006c69  malloc                        
200077dd  memccpy                       
20006771  memcpy                        
20007721  memmove                       
20006bf5  memset                        
20007499  minit                         
200060c5  realloc                       
2000649d  scalbn                        
2000649d  scalbnl                       
20007923  strchr                        
20007979  strlen                        
20007209  uDMAChannelAssign             
20006e2d  uDMAChannelAttributeDisable   
20006e91  uDMAChannelAttributeEnable    
2000745d  uDMAChannelControlSet         
200077f9  uDMAChannelDisable            
20007815  uDMAChannelEnable             
20007831  uDMAChannelRequest            
200062d5  uDMAChannelTransferSet        
2000798d  uDMAControlBaseSet            
20007a15  uDMADisable                   
20007a21  uDMAEnable                    
200079a1  uDMAIntClear                  
20007939  uDMAIntRegister               
20007a2d  uDMAIntStatus                 
200079c7  uDMAIntUnregister             
20007365  vsnprintf                     
200079d9  wcslen                        


GLOBAL SYMBOLS: SORTED BY Symbol Address 

address   name                          
-------   ----                          
00000100  __STACK_SIZE                  
00000800  __SYSMEM_SIZE                 
20004000  g_pfnVectors                  
20004401  __TI_printfi                  
20004e91  main                          
20005181  InitTerm                      
2000519f  Message                       
200051c1  ClearTerm                     
200051cb  Error                         
20005203  GetCmd                        
200052a9  TrimSpace                     
20005341  Report                        
20005835  DmaSwIntHandler               
2000584b  DmaErrorIntHandler            
20005857  UDMAInit                      
200058bf  UDMAChannelSelect             
200058ed  UDMASetupAutoMemTransfer      
20005921  UDMASetupPingPongTransfer     
2000597b  UDMAStartTransfer             
20005987  UDMAStopTransfer              
20005993  UDMADeInit                    
200059a7  UDMASetupTransfer             
20005a01  __aeabi_dsub                  
20005a0b  __aeabi_dadd                  
20005bb7  _nop                          
20005bb9  PRCMCC3200MCUInit             
20005e6d  __aeabi_ddiv                  
20005fa3  __aeabi_idiv0                 
20005fa3  __aeabi_ldiv0                 
200060c5  realloc                       
200061d9  __aeabi_dmul                  
200062d5  uDMAChannelTransferSet        
200063c5  free                          
2000649d  ldexp                         
2000649d  ldexpl                        
2000649d  scalbn                        
2000649d  scalbnl                       
20006621  IntDisable                    
200066c9  IntEnable                     
20006771  __aeabi_memcpy                
20006771  __aeabi_memcpy4               
20006771  __aeabi_memcpy8               
20006771  memcpy                        
2000680d  __aeabi_uldivmod              
200068a5  PRCMPeripheralClockGet        
20006939  __aeabi_fdiv                  
200069cd  PinMuxConfig                  
20006a59  PinConfigSet                  
20006ae1  __aeabi_cdcmpeq               
20006ae1  __aeabi_cdcmple               
20006b67  __aeabi_cdrcmple              
20006bed  __aeabi_memclr                
20006bed  __aeabi_memclr4               
20006bed  __aeabi_memclr8               
20006bef  __aeabi_memset                
20006bef  __aeabi_memset4               
20006bef  __aeabi_memset8               
20006bf5  memset                        
20006c69  malloc                        
20006ce1  UARTConfigSetExpClk           
20006dc5  __TI_decompress_lzss          
20006e2d  uDMAChannelAttributeDisable   
20006e91  uDMAChannelAttributeEnable    
20006ef5  __aeabi_cfcmpeq               
20006ef5  __aeabi_cfcmple               
20006f55  __aeabi_cfrcmple              
20006fb5  frexp                         
20006fb5  frexpl                        
20007011  PRCMPeripheralReset           
200070c1  IntPrioritySet                
20007115  ltoa                          
200071bd  atoi                          
20007209  uDMAChannelAssign             
20007255  __aeabi_d2iz                  
200072e1  __TI_auto_init_nobinit_nopinit
20007325  PinModeSet                    
20007365  vsnprintf                     
200073e5  PRCMPeripheralClkEnable       
2000745d  uDMAChannelControlSet         
20007499  minit                         
200074d1  __aeabi_f2iz                  
20007509  GPIODirModeSet                
2000753f  __aeabi_f2uiz                 
20007573  PinTypeGPIO                   
200075a5  UARTDisable                   
20007605  __aeabi_i2d                   
20007635  PRCMSysResetCauseGet          
20007661  PRCMPeripheralClkDisable      
20007689  _c_int00_noargs               
200076d9  IntUnregister                 
200076fd  UARTEnable                    
20007721  memmove                       
20007745  GPIOPinWrite                  
20007765  IntRegister                   
20007785  UARTCharPut                   
200077a3  UARTIntRegister               
200077c1  UARTCharGetNonBlocking        
200077dd  memccpy                       
200077f9  uDMAChannelDisable            
20007815  uDMAChannelEnable             
20007831  uDMAChannelRequest            
2000784d  PinTypeUART                   
20007867  UARTCharsAvail                
2000787f  UARTDMADisable                
20007897  UARTDMAEnable                 
200078af  UARTFIFOLevelSet              
200078c7  UARTIntEnable                 
200078f7  PRCMHIBRegRead                
2000790d  PRCMHIBRegWrite               
20007923  strchr                        
20007939  uDMAIntRegister               
2000794f  CPUcpsie                      
20007965  IntVTableBaseSet              
20007979  strlen                        
2000798d  uDMAControlBaseSet            
200079a1  uDMAIntClear                  
200079b5  UARTIntClear                  
200079c7  uDMAIntUnregister             
200079d9  wcslen                        
200079eb  __TI_decompress_none          
200079f9  ResetISR                      
20007a07  __TI_zero_init                
20007a15  uDMADisable                   
20007a21  uDMAEnable                    
20007a2d  uDMAIntStatus                 
20007a39  IntMasterEnable               
20007a45  __aeabi_errno_addr            
20007a4d  copysign                      
20007a4d  copysignl                     
20007a55  UtilsDelay                    
20007a5b  _system_pre_init              
20007a5f  C$$EXIT                       
20007a5f  abort                         
20007a64  _ctypes_                      
20007e78  __TI_static_base__            
20007e98  __TI_Handler_Table_Base       
20007ea4  __TI_Handler_Table_Limit      
20007eb0  __TI_CINIT_Base               
20007ec0  __TI_CINIT_Limit              
20017000  _sys_memory                   
20017800  gpCtlTbl                      
20017c00  gfpAppCallbackHndl            
20017d39  iDone                         
20017d48  _lock                         
20017d4c  _unlock                       
20017d50  g_iCounter                    
20017d54  count                         
20017d58  errno                         
2002ff00  __stack                       
20030000  __STACK_END                   
ffffffff  __TI_pprof_out_hndl           
ffffffff  __TI_prof_data_size           
ffffffff  __TI_prof_data_start          
ffffffff  __binit__                     
ffffffff  __c_args__                    
ffffffff  binit                         
UNDEFED   __mpu_init                    
UNDEFED   _system_post_cinit            

[158 symbols]
