<?xml version="1.0" encoding="ISO-8859-1" ?>
<link_info>
   <banner>TI ARM Linker PC v18.1.3.LTS</banner>
   <copyright>Copyright (c) 1996-2017 Texas Instruments Incorporated</copyright>
   <link_time>0x5bdde5e1</link_time>
   <link_errors>0x0</link_errors>
   <output_file>Stepper.out</output_file>
   <entry_point>
      <name>_c_int00_noargs</name>
      <address>0x20007691</address>
   </entry_point>
   <input_file_list>
      <input_file id="fl-2">
         <path>.\</path>
         <kind>object</kind>
         <file>gpio_if.obj</file>
         <name>gpio_if.obj</name>
      </input_file>
      <input_file id="fl-3">
         <path>.\</path>
         <kind>object</kind>
         <file>main.obj</file>
         <name>main.obj</name>
      </input_file>
      <input_file id="fl-4">
         <path>.\</path>
         <kind>object</kind>
         <file>pinmux.obj</file>
         <name>pinmux.obj</name>
      </input_file>
      <input_file id="fl-5">
         <path>.\</path>
         <kind>object</kind>
         <file>startup_ccs.obj</file>
         <name>startup_ccs.obj</name>
      </input_file>
      <input_file id="fl-6">
         <path>.\</path>
         <kind>object</kind>
         <file>uart_if.obj</file>
         <name>uart_if.obj</name>
      </input_file>
      <input_file id="fl-7">
         <path>.\</path>
         <kind>object</kind>
         <file>udma_if.obj</file>
         <name>udma_if.obj</name>
      </input_file>
      <input_file id="fl-c">
         <kind>object</kind>
         <file>&lt;internal&gt;</file>
         <name>&lt;internal&gt;</name>
      </input_file>
      <input_file id="fl-c2">
         <path>C:\ti\ccsv8\tools\compiler\ti-cgt-arm_18.1.3.LTS\lib\</path>
         <kind>archive</kind>
         <file>rtsv7M4_T_le_eabi.lib</file>
         <name>memset_t2.asm.obj</name>
      </input_file>
      <input_file id="fl-c3">
         <path>C:\ti\ccsv8\tools\compiler\ti-cgt-arm_18.1.3.LTS\lib\</path>
         <kind>archive</kind>
         <file>rtsv7M4_T_le_eabi.lib</file>
         <name>fs_cmp_t2.asm.obj</name>
      </input_file>
      <input_file id="fl-c4">
         <path>C:\ti\ccsv8\tools\compiler\ti-cgt-arm_18.1.3.LTS\lib\</path>
         <kind>archive</kind>
         <file>rtsv7M4_T_le_eabi.lib</file>
         <name>fs_div_t2.asm.obj</name>
      </input_file>
      <input_file id="fl-c5">
         <path>C:\ti\ccsv8\tools\compiler\ti-cgt-arm_18.1.3.LTS\lib\</path>
         <kind>archive</kind>
         <file>rtsv7M4_T_le_eabi.lib</file>
         <name>fs_tou_t2.asm.obj</name>
      </input_file>
      <input_file id="fl-c6">
         <path>C:\ti\ccsv8\tools\compiler\ti-cgt-arm_18.1.3.LTS\lib\</path>
         <kind>archive</kind>
         <file>rtsv7M4_T_le_eabi.lib</file>
         <name>copy_zero_init.c.obj</name>
      </input_file>
      <input_file id="fl-c7">
         <path>C:\ti\ccsv8\tools\compiler\ti-cgt-arm_18.1.3.LTS\lib\</path>
         <kind>archive</kind>
         <file>rtsv7M4_T_le_eabi.lib</file>
         <name>copy_decompress_none.c.obj</name>
      </input_file>
      <input_file id="fl-c8">
         <path>C:\ti\ccsv8\tools\compiler\ti-cgt-arm_18.1.3.LTS\lib\</path>
         <kind>archive</kind>
         <file>rtsv7M4_T_le_eabi.lib</file>
         <name>copy_decompress_lzss.c.obj</name>
      </input_file>
      <input_file id="fl-c9">
         <path>C:\ti\ccsv8\tools\compiler\ti-cgt-arm_18.1.3.LTS\lib\</path>
         <kind>archive</kind>
         <file>rtsv7M4_T_le_eabi.lib</file>
         <name>memory.c.obj</name>
      </input_file>
      <input_file id="fl-ca">
         <path>C:\ti\ccsv8\tools\compiler\ti-cgt-arm_18.1.3.LTS\lib\</path>
         <kind>archive</kind>
         <file>rtsv7M4_T_le_eabi.lib</file>
         <name>_lock.c.obj</name>
      </input_file>
      <input_file id="fl-cb">
         <path>C:\ti\ccsv8\tools\compiler\ti-cgt-arm_18.1.3.LTS\lib\</path>
         <kind>archive</kind>
         <file>rtsv7M4_T_le_eabi.lib</file>
         <name>memmov.c.obj</name>
      </input_file>
      <input_file id="fl-cc">
         <path>C:\ti\ccsv8\tools\compiler\ti-cgt-arm_18.1.3.LTS\lib\</path>
         <kind>archive</kind>
         <file>rtsv7M4_T_le_eabi.lib</file>
         <name>strlen.c.obj</name>
      </input_file>
      <input_file id="fl-cd">
         <path>C:\ti\ccsv8\tools\compiler\ti-cgt-arm_18.1.3.LTS\lib\</path>
         <kind>archive</kind>
         <file>rtsv7M4_T_le_eabi.lib</file>
         <name>vsnprintf.c.obj</name>
      </input_file>
      <input_file id="fl-ce">
         <path>C:\ti\ccsv8\tools\compiler\ti-cgt-arm_18.1.3.LTS\lib\</path>
         <kind>archive</kind>
         <file>rtsv7M4_T_le_eabi.lib</file>
         <name>boot_cortex_m.c.obj</name>
      </input_file>
      <input_file id="fl-cf">
         <path>C:\ti\ccsv8\tools\compiler\ti-cgt-arm_18.1.3.LTS\lib\</path>
         <kind>archive</kind>
         <file>rtsv7M4_T_le_eabi.lib</file>
         <name>fs_toi_t2.asm.obj</name>
      </input_file>
      <input_file id="fl-d0">
         <path>C:\ti\ccsv8\tools\compiler\ti-cgt-arm_18.1.3.LTS\lib\</path>
         <kind>archive</kind>
         <file>rtsv7M4_T_le_eabi.lib</file>
         <name>memcpy_t2.asm.obj</name>
      </input_file>
      <input_file id="fl-d1">
         <path>C:\ti\ccsv8\tools\compiler\ti-cgt-arm_18.1.3.LTS\lib\</path>
         <kind>archive</kind>
         <file>rtsv7M4_T_le_eabi.lib</file>
         <name>autoinit.c.obj</name>
      </input_file>
      <input_file id="fl-d2">
         <path>C:\ti\ccsv8\tools\compiler\ti-cgt-arm_18.1.3.LTS\lib\</path>
         <kind>archive</kind>
         <file>rtsv7M4_T_le_eabi.lib</file>
         <name>pre_init.c.obj</name>
      </input_file>
      <input_file id="fl-d3">
         <path>C:\ti\ccsv8\tools\compiler\ti-cgt-arm_18.1.3.LTS\lib\</path>
         <kind>archive</kind>
         <file>rtsv7M4_T_le_eabi.lib</file>
         <name>cpy_tbl.c.obj</name>
      </input_file>
      <input_file id="fl-d4">
         <path>C:\ti\ccsv8\tools\compiler\ti-cgt-arm_18.1.3.LTS\lib\</path>
         <kind>archive</kind>
         <file>rtsv7M4_T_le_eabi.lib</file>
         <name>exit.c.obj</name>
      </input_file>
      <input_file id="fl-d5">
         <path>C:\ti\ccsv8\tools\compiler\ti-cgt-arm_18.1.3.LTS\lib\</path>
         <kind>archive</kind>
         <file>rtsv7M4_T_le_eabi.lib</file>
         <name>_printfi.c.obj</name>
      </input_file>
      <input_file id="fl-d6">
         <path>C:\ti\ccsv8\tools\compiler\ti-cgt-arm_18.1.3.LTS\lib\</path>
         <kind>archive</kind>
         <file>rtsv7M4_T_le_eabi.lib</file>
         <name>args_main.c.obj</name>
      </input_file>
      <input_file id="fl-d7">
         <path>C:\ti\ccsv8\tools\compiler\ti-cgt-arm_18.1.3.LTS\lib\</path>
         <kind>archive</kind>
         <file>rtsv7M4_T_le_eabi.lib</file>
         <name>atoi.c.obj</name>
      </input_file>
      <input_file id="fl-d8">
         <path>C:\ti\ccsv8\tools\compiler\ti-cgt-arm_18.1.3.LTS\lib\</path>
         <kind>archive</kind>
         <file>rtsv7M4_T_le_eabi.lib</file>
         <name>ctype.c.obj</name>
      </input_file>
      <input_file id="fl-d9">
         <path>C:\ti\ccsv8\tools\compiler\ti-cgt-arm_18.1.3.LTS\lib\</path>
         <kind>archive</kind>
         <file>rtsv7M4_T_le_eabi.lib</file>
         <name>ltoa.c.obj</name>
      </input_file>
      <input_file id="fl-da">
         <path>C:\ti\ccsv8\tools\compiler\ti-cgt-arm_18.1.3.LTS\lib\</path>
         <kind>archive</kind>
         <file>rtsv7M4_T_le_eabi.lib</file>
         <name>memccpy.c.obj</name>
      </input_file>
      <input_file id="fl-db">
         <path>C:\ti\ccsv8\tools\compiler\ti-cgt-arm_18.1.3.LTS\lib\</path>
         <kind>archive</kind>
         <file>rtsv7M4_T_le_eabi.lib</file>
         <name>strchr.c.obj</name>
      </input_file>
      <input_file id="fl-dc">
         <path>C:\ti\ccsv8\tools\compiler\ti-cgt-arm_18.1.3.LTS\lib\</path>
         <kind>archive</kind>
         <file>rtsv7M4_T_le_eabi.lib</file>
         <name>errno.c.obj</name>
      </input_file>
      <input_file id="fl-dd">
         <path>C:\ti\ccsv8\tools\compiler\ti-cgt-arm_18.1.3.LTS\lib\</path>
         <kind>archive</kind>
         <file>rtsv7M4_T_le_eabi.lib</file>
         <name>s_frexp.c.obj</name>
      </input_file>
      <input_file id="fl-de">
         <path>C:\ti\ccsv8\tools\compiler\ti-cgt-arm_18.1.3.LTS\lib\</path>
         <kind>archive</kind>
         <file>rtsv7M4_T_le_eabi.lib</file>
         <name>s_scalbn.c.obj</name>
      </input_file>
      <input_file id="fl-df">
         <path>C:\ti\ccsv8\tools\compiler\ti-cgt-arm_18.1.3.LTS\lib\</path>
         <kind>archive</kind>
         <file>rtsv7M4_T_le_eabi.lib</file>
         <name>wcslen.c.obj</name>
      </input_file>
      <input_file id="fl-e0">
         <path>C:\ti\ccsv8\tools\compiler\ti-cgt-arm_18.1.3.LTS\lib\</path>
         <kind>archive</kind>
         <file>rtsv7M4_T_le_eabi.lib</file>
         <name>s_copysign.c.obj</name>
      </input_file>
      <input_file id="fl-e1">
         <path>C:\ti\ccsv8\tools\compiler\ti-cgt-arm_18.1.3.LTS\lib\</path>
         <kind>archive</kind>
         <file>rtsv7M4_T_le_eabi.lib</file>
         <name>ull_div_t2.asm.obj</name>
      </input_file>
      <input_file id="fl-e2">
         <path>C:\ti\ccsv8\tools\compiler\ti-cgt-arm_18.1.3.LTS\lib\</path>
         <kind>archive</kind>
         <file>rtsv7M4_T_le_eabi.lib</file>
         <name>fd_add_t2.asm.obj</name>
      </input_file>
      <input_file id="fl-e3">
         <path>C:\ti\ccsv8\tools\compiler\ti-cgt-arm_18.1.3.LTS\lib\</path>
         <kind>archive</kind>
         <file>rtsv7M4_T_le_eabi.lib</file>
         <name>fd_cmp_t2.asm.obj</name>
      </input_file>
      <input_file id="fl-e4">
         <path>C:\ti\ccsv8\tools\compiler\ti-cgt-arm_18.1.3.LTS\lib\</path>
         <kind>archive</kind>
         <file>rtsv7M4_T_le_eabi.lib</file>
         <name>fd_div_t2.asm.obj</name>
      </input_file>
      <input_file id="fl-e5">
         <path>C:\ti\ccsv8\tools\compiler\ti-cgt-arm_18.1.3.LTS\lib\</path>
         <kind>archive</kind>
         <file>rtsv7M4_T_le_eabi.lib</file>
         <name>fd_mul_t2.asm.obj</name>
      </input_file>
      <input_file id="fl-e6">
         <path>C:\ti\ccsv8\tools\compiler\ti-cgt-arm_18.1.3.LTS\lib\</path>
         <kind>archive</kind>
         <file>rtsv7M4_T_le_eabi.lib</file>
         <name>fd_toi_t2.asm.obj</name>
      </input_file>
      <input_file id="fl-e7">
         <path>C:\ti\ccsv8\tools\compiler\ti-cgt-arm_18.1.3.LTS\lib\</path>
         <kind>archive</kind>
         <file>rtsv7M4_T_le_eabi.lib</file>
         <name>i_tofd_t2.asm.obj</name>
      </input_file>
      <input_file id="fl-e8">
         <path>C:\ti\ccsv8\tools\compiler\ti-cgt-arm_18.1.3.LTS\lib\</path>
         <kind>archive</kind>
         <file>rtsv7M4_T_le_eabi.lib</file>
         <name>div0.asm.obj</name>
      </input_file>
      <input_file id="fl-e9">
         <path>C:\ti\CC3200SDK_1.3.0\cc3200-sdk\driverlib\ccs\Release\</path>
         <kind>archive</kind>
         <file>driverlib.a</file>
         <name>gpio.obj</name>
      </input_file>
      <input_file id="fl-ea">
         <path>C:\ti\CC3200SDK_1.3.0\cc3200-sdk\driverlib\ccs\Release\</path>
         <kind>archive</kind>
         <file>driverlib.a</file>
         <name>interrupt.obj</name>
      </input_file>
      <input_file id="fl-eb">
         <path>C:\ti\CC3200SDK_1.3.0\cc3200-sdk\driverlib\ccs\Release\</path>
         <kind>archive</kind>
         <file>driverlib.a</file>
         <name>pin.obj</name>
      </input_file>
      <input_file id="fl-ec">
         <path>C:\ti\CC3200SDK_1.3.0\cc3200-sdk\driverlib\ccs\Release\</path>
         <kind>archive</kind>
         <file>driverlib.a</file>
         <name>prcm.obj</name>
      </input_file>
      <input_file id="fl-ed">
         <path>C:\ti\CC3200SDK_1.3.0\cc3200-sdk\driverlib\ccs\Release\</path>
         <kind>archive</kind>
         <file>driverlib.a</file>
         <name>uart.obj</name>
      </input_file>
      <input_file id="fl-ee">
         <path>C:\ti\CC3200SDK_1.3.0\cc3200-sdk\driverlib\ccs\Release\</path>
         <kind>archive</kind>
         <file>driverlib.a</file>
         <name>udma.obj</name>
      </input_file>
      <input_file id="fl-ef">
         <path>C:\ti\CC3200SDK_1.3.0\cc3200-sdk\driverlib\ccs\Release\</path>
         <kind>archive</kind>
         <file>driverlib.a</file>
         <name>utils.obj</name>
      </input_file>
      <input_file id="fl-f0">
         <path>C:\ti\CC3200SDK_1.3.0\cc3200-sdk\driverlib\ccs\Release\</path>
         <kind>archive</kind>
         <file>driverlib.a</file>
         <name>cpu.obj</name>
      </input_file>
      <input_file id="fl-f1">
         <path>C:\ti\CC3200SDK_1.3.0\cc3200-sdk\driverlib\ccs\Release\</path>
         <kind>archive</kind>
         <file>driverlib.a</file>
         <name>flash.obj</name>
      </input_file>
   </input_file_list>
   <object_component_list>
      <object_component id="oc-f">
         <name>.intvecs</name>
         <load_address>0x20004000</load_address>
         <run_address>0x20004000</run_address>
         <size>0x400</size>
         <input_file_ref idref="fl-5"/>
      </object_component>
      <object_component id="oc-322">
         <name>.text:__TI_printfi</name>
         <load_address>0x20004400</load_address>
         <run_address>0x20004400</run_address>
         <size>0xa4a</size>
         <input_file_ref idref="fl-d5"/>
      </object_component>
      <object_component id="oc-39b">
         <name>.text:IntDefaultHandler</name>
         <load_address>0x20004e4a</load_address>
         <run_address>0x20004e4a</run_address>
         <size>0x2</size>
         <input_file_ref idref="fl-ea"/>
      </object_component>
      <object_component id="oc-94">
         <name>.text</name>
         <load_address>0x20004e4c</load_address>
         <run_address>0x20004e4c</run_address>
         <size>0x338</size>
         <input_file_ref idref="fl-3"/>
      </object_component>
      <object_component id="oc-10a">
         <name>.text</name>
         <load_address>0x20005184</load_address>
         <run_address>0x20005184</run_address>
         <size>0x280</size>
         <input_file_ref idref="fl-6"/>
      </object_component>
      <object_component id="oc-3ce">
         <name>.text:_pconv_a</name>
         <load_address>0x20005404</load_address>
         <run_address>0x20005404</run_address>
         <size>0x268</size>
         <input_file_ref idref="fl-d5"/>
      </object_component>
      <object_component id="oc-3bc">
         <name>.text:_pconv_g</name>
         <load_address>0x2000566c</load_address>
         <run_address>0x2000566c</run_address>
         <size>0x1cc</size>
         <input_file_ref idref="fl-d5"/>
      </object_component>
      <object_component id="oc-e6">
         <name>.text</name>
         <load_address>0x20005838</load_address>
         <run_address>0x20005838</run_address>
         <size>0x1cc</size>
         <input_file_ref idref="fl-7"/>
      </object_component>
      <object_component id="oc-43f">
         <name>.text</name>
         <load_address>0x20005a04</load_address>
         <run_address>0x20005a04</run_address>
         <size>0x1b6</size>
         <input_file_ref idref="fl-e2"/>
      </object_component>
      <object_component id="oc-36c">
         <name>.text:_nop</name>
         <load_address>0x20005bba</load_address>
         <run_address>0x20005bba</run_address>
         <size>0x2</size>
         <input_file_ref idref="fl-ca"/>
      </object_component>
      <object_component id="oc-d4">
         <name>.text:PRCMCC3200MCUInit</name>
         <load_address>0x20005bbc</load_address>
         <run_address>0x20005bbc</run_address>
         <size>0x178</size>
         <input_file_ref idref="fl-ec"/>
      </object_component>
      <object_component id="oc-3c8">
         <name>.text:_pconv_e</name>
         <load_address>0x20005d34</load_address>
         <run_address>0x20005d34</run_address>
         <size>0x13c</size>
         <input_file_ref idref="fl-d5"/>
      </object_component>
      <object_component id="oc-425">
         <name>.text</name>
         <load_address>0x20005e70</load_address>
         <run_address>0x20005e70</run_address>
         <size>0x136</size>
         <input_file_ref idref="fl-e4"/>
      </object_component>
      <object_component id="oc-493">
         <name>.text</name>
         <load_address>0x20005fa6</load_address>
         <run_address>0x20005fa6</run_address>
         <size>0x2</size>
         <input_file_ref idref="fl-e8"/>
      </object_component>
      <object_component id="oc-451">
         <name>.text:fcvt</name>
         <load_address>0x20005fa8</load_address>
         <run_address>0x20005fa8</run_address>
         <size>0x120</size>
         <input_file_ref idref="fl-d5"/>
      </object_component>
      <object_component id="oc-27c">
         <name>.text:realloc</name>
         <load_address>0x200060c8</load_address>
         <run_address>0x200060c8</run_address>
         <size>0x114</size>
         <input_file_ref idref="fl-c9"/>
      </object_component>
      <object_component id="oc-420">
         <name>.text</name>
         <load_address>0x200061dc</load_address>
         <run_address>0x200061dc</run_address>
         <size>0xfc</size>
         <input_file_ref idref="fl-e5"/>
      </object_component>
      <object_component id="oc-20b">
         <name>.text:uDMAChannelTransferSet</name>
         <load_address>0x200062d8</load_address>
         <run_address>0x200062d8</run_address>
         <size>0xf0</size>
         <input_file_ref idref="fl-ee"/>
      </object_component>
      <object_component id="oc-282">
         <name>.text:free</name>
         <load_address>0x200063c8</load_address>
         <run_address>0x200063c8</run_address>
         <size>0xd8</size>
         <input_file_ref idref="fl-c9"/>
      </object_component>
      <object_component id="oc-465">
         <name>.text:scalbn</name>
         <load_address>0x200064a0</load_address>
         <run_address>0x200064a0</run_address>
         <size>0xd0</size>
         <input_file_ref idref="fl-de"/>
      </object_component>
      <object_component id="oc-3b1">
         <name>.text:_ltostr</name>
         <load_address>0x20006570</load_address>
         <run_address>0x20006570</run_address>
         <size>0xb1</size>
         <input_file_ref idref="fl-d5"/>
      </object_component>
      <object_component id="oc-2e6">
         <name>.text:IntDisable</name>
         <load_address>0x20006624</load_address>
         <run_address>0x20006624</run_address>
         <size>0xa8</size>
         <input_file_ref idref="fl-ea"/>
      </object_component>
      <object_component id="oc-ce">
         <name>.text:IntEnable</name>
         <load_address>0x200066cc</load_address>
         <run_address>0x200066cc</run_address>
         <size>0xa8</size>
         <input_file_ref idref="fl-ea"/>
      </object_component>
      <object_component id="oc-3a">
         <name>.text</name>
         <load_address>0x20006774</load_address>
         <run_address>0x20006774</run_address>
         <size>0x9c</size>
         <input_file_ref idref="fl-d0"/>
      </object_component>
      <object_component id="oc-419">
         <name>.text</name>
         <load_address>0x20006810</load_address>
         <run_address>0x20006810</run_address>
         <size>0x96</size>
         <input_file_ref idref="fl-e1"/>
      </object_component>
      <object_component id="oc-fe">
         <name>.text:PRCMPeripheralClockGet</name>
         <load_address>0x200068a8</load_address>
         <run_address>0x200068a8</run_address>
         <size>0x94</size>
         <input_file_ref idref="fl-ec"/>
      </object_component>
      <object_component id="oc-126">
         <name>.text</name>
         <load_address>0x2000693c</load_address>
         <run_address>0x2000693c</run_address>
         <size>0x92</size>
         <input_file_ref idref="fl-c4"/>
      </object_component>
      <object_component id="oc-ec">
         <name>.text</name>
         <load_address>0x200069d0</load_address>
         <run_address>0x200069d0</run_address>
         <size>0x90</size>
         <input_file_ref idref="fl-4"/>
      </object_component>
      <object_component id="oc-30f">
         <name>.text:PinConfigSet</name>
         <load_address>0x20006a60</load_address>
         <run_address>0x20006a60</run_address>
         <size>0x88</size>
         <input_file_ref idref="fl-eb"/>
      </object_component>
      <object_component id="oc-3b7">
         <name>.text:__aeabi_cdcmple</name>
         <load_address>0x20006ae8</load_address>
         <run_address>0x20006ae8</run_address>
         <size>0x86</size>
         <input_file_ref idref="fl-e3"/>
      </object_component>
      <object_component id="oc-42a">
         <name>.text:__aeabi_cdrcmple</name>
         <load_address>0x20006b6e</load_address>
         <run_address>0x20006b6e</run_address>
         <size>0x86</size>
         <input_file_ref idref="fl-e3"/>
      </object_component>
      <object_component id="oc-88">
         <name>.text</name>
         <load_address>0x20006bf4</load_address>
         <run_address>0x20006bf4</run_address>
         <size>0x7a</size>
         <input_file_ref idref="fl-c2"/>
      </object_component>
      <object_component id="oc-276">
         <name>.text:malloc</name>
         <load_address>0x20006c70</load_address>
         <run_address>0x20006c70</run_address>
         <size>0x78</size>
         <input_file_ref idref="fl-c9"/>
      </object_component>
      <object_component id="oc-104">
         <name>.text:UARTConfigSetExpClk</name>
         <load_address>0x20006ce8</load_address>
         <run_address>0x20006ce8</run_address>
         <size>0x76</size>
         <input_file_ref idref="fl-ed"/>
      </object_component>
      <object_component id="oc-44a">
         <name>.text:_mcpy</name>
         <load_address>0x20006d5e</load_address>
         <run_address>0x20006d5e</run_address>
         <size>0x6e</size>
         <input_file_ref idref="fl-d5"/>
      </object_component>
      <object_component id="oc-12">
         <name>.text:decompress:lzss:__TI_decompress_lzss</name>
         <load_address>0x20006dcc</load_address>
         <run_address>0x20006dcc</run_address>
         <size>0x68</size>
         <input_file_ref idref="fl-c8"/>
      </object_component>
      <object_component id="oc-1e1">
         <name>.text:uDMAChannelAttributeDisable</name>
         <load_address>0x20006e34</load_address>
         <run_address>0x20006e34</run_address>
         <size>0x64</size>
         <input_file_ref idref="fl-ee"/>
      </object_component>
      <object_component id="oc-205">
         <name>.text:uDMAChannelAttributeEnable</name>
         <load_address>0x20006e98</load_address>
         <run_address>0x20006e98</run_address>
         <size>0x64</size>
         <input_file_ref idref="fl-ee"/>
      </object_component>
      <object_component id="oc-121">
         <name>.text:__aeabi_cfcmple</name>
         <load_address>0x20006efc</load_address>
         <run_address>0x20006efc</run_address>
         <size>0x60</size>
         <input_file_ref idref="fl-c3"/>
      </object_component>
      <object_component id="oc-11c">
         <name>.text:__aeabi_cfrcmple</name>
         <load_address>0x20006f5c</load_address>
         <run_address>0x20006f5c</run_address>
         <size>0x60</size>
         <input_file_ref idref="fl-c3"/>
      </object_component>
      <object_component id="oc-45f">
         <name>.text:frexp</name>
         <load_address>0x20006fbc</load_address>
         <run_address>0x20006fbc</run_address>
         <size>0x5c</size>
         <input_file_ref idref="fl-dd"/>
      </object_component>
      <object_component id="oc-1a8">
         <name>.text:PRCMPeripheralReset</name>
         <load_address>0x20007018</load_address>
         <run_address>0x20007018</run_address>
         <size>0x58</size>
         <input_file_ref idref="fl-ec"/>
      </object_component>
      <object_component id="oc-3c2">
         <name>.text:_pconv_f</name>
         <load_address>0x20007070</load_address>
         <run_address>0x20007070</run_address>
         <size>0x56</size>
         <input_file_ref idref="fl-d5"/>
      </object_component>
      <object_component id="oc-1c3">
         <name>.text:IntPrioritySet</name>
         <load_address>0x200070c8</load_address>
         <run_address>0x200070c8</run_address>
         <size>0x54</size>
         <input_file_ref idref="fl-ea"/>
      </object_component>
      <object_component id="oc-434">
         <name>.text:ltoa</name>
         <load_address>0x2000711c</load_address>
         <run_address>0x2000711c</run_address>
         <size>0x54</size>
         <input_file_ref idref="fl-d9"/>
      </object_component>
      <object_component id="oc-444">
         <name>.text:_ecpy</name>
         <load_address>0x20007170</load_address>
         <run_address>0x20007170</run_address>
         <size>0x52</size>
         <input_file_ref idref="fl-d5"/>
      </object_component>
      <object_component id="oc-3ab">
         <name>.text:atoi</name>
         <load_address>0x200071c4</load_address>
         <run_address>0x200071c4</run_address>
         <size>0x4c</size>
         <input_file_ref idref="fl-d7"/>
      </object_component>
      <object_component id="oc-1db">
         <name>.text:uDMAChannelAssign</name>
         <load_address>0x20007210</load_address>
         <run_address>0x20007210</run_address>
         <size>0x4c</size>
         <input_file_ref idref="fl-ee"/>
      </object_component>
      <object_component id="oc-42f">
         <name>.text</name>
         <load_address>0x2000725c</load_address>
         <run_address>0x2000725c</run_address>
         <size>0x48</size>
         <input_file_ref idref="fl-e6"/>
      </object_component>
      <object_component id="oc-235">
         <name>.text:UARTIntNumberGet</name>
         <load_address>0x200072a4</load_address>
         <run_address>0x200072a4</run_address>
         <size>0x44</size>
         <input_file_ref idref="fl-ed"/>
      </object_component>
      <object_component id="oc-14d">
         <name>.text:__TI_auto_init_nobinit_nopinit:__TI_auto_init_nobinit_nopinit</name>
         <load_address>0x200072e8</load_address>
         <run_address>0x200072e8</run_address>
         <size>0x44</size>
         <input_file_ref idref="fl-d1"/>
      </object_component>
      <object_component id="oc-309">
         <name>.text:PinModeSet</name>
         <load_address>0x2000732c</load_address>
         <run_address>0x2000732c</run_address>
         <size>0x40</size>
         <input_file_ref idref="fl-eb"/>
      </object_component>
      <object_component id="oc-258">
         <name>.text:vsnprintf</name>
         <load_address>0x2000736c</load_address>
         <run_address>0x2000736c</run_address>
         <size>0x40</size>
         <input_file_ref idref="fl-cd"/>
      </object_component>
      <object_component id="oc-457">
         <name>.text:_fcpy</name>
         <load_address>0x200073ac</load_address>
         <run_address>0x200073ac</run_address>
         <size>0x3e</size>
         <input_file_ref idref="fl-d5"/>
      </object_component>
      <object_component id="oc-1a2">
         <name>.text:PRCMPeripheralClkEnable</name>
         <load_address>0x200073ec</load_address>
         <run_address>0x200073ec</run_address>
         <size>0x3c</size>
         <input_file_ref idref="fl-ec"/>
      </object_component>
      <object_component id="oc-352">
         <name>.text:minsert</name>
         <load_address>0x20007428</load_address>
         <run_address>0x20007428</run_address>
         <size>0x3c</size>
         <input_file_ref idref="fl-c9"/>
      </object_component>
      <object_component id="oc-1ff">
         <name>.text:uDMAChannelControlSet</name>
         <load_address>0x20007464</load_address>
         <run_address>0x20007464</run_address>
         <size>0x3c</size>
         <input_file_ref idref="fl-ee"/>
      </object_component>
      <object_component id="oc-346">
         <name>.text:minit</name>
         <load_address>0x200074a0</load_address>
         <run_address>0x200074a0</run_address>
         <size>0x38</size>
         <input_file_ref idref="fl-c9"/>
      </object_component>
      <object_component id="oc-29c">
         <name>.text</name>
         <load_address>0x200074d8</load_address>
         <run_address>0x200074d8</run_address>
         <size>0x38</size>
         <input_file_ref idref="fl-cf"/>
      </object_component>
      <object_component id="oc-22e">
         <name>.text:GPIODirModeSet</name>
         <load_address>0x20007510</load_address>
         <run_address>0x20007510</run_address>
         <size>0x36</size>
         <input_file_ref idref="fl-e9"/>
      </object_component>
      <object_component id="oc-12b">
         <name>.text</name>
         <load_address>0x20007546</load_address>
         <run_address>0x20007546</run_address>
         <size>0x34</size>
         <input_file_ref idref="fl-c5"/>
      </object_component>
      <object_component id="oc-228">
         <name>.text:PinTypeGPIO</name>
         <load_address>0x2000757a</load_address>
         <run_address>0x2000757a</run_address>
         <size>0x30</size>
         <input_file_ref idref="fl-eb"/>
      </object_component>
      <object_component id="oc-245">
         <name>.text:UARTDisable</name>
         <load_address>0x200075ac</load_address>
         <run_address>0x200075ac</run_address>
         <size>0x30</size>
         <input_file_ref idref="fl-ed"/>
      </object_component>
      <object_component id="oc-328">
         <name>.text:_outs</name>
         <load_address>0x200075dc</load_address>
         <run_address>0x200075dc</run_address>
         <size>0x30</size>
         <input_file_ref idref="fl-cd"/>
      </object_component>
      <object_component id="oc-43a">
         <name>.text</name>
         <load_address>0x2000760c</load_address>
         <run_address>0x2000760c</run_address>
         <size>0x2e</size>
         <input_file_ref idref="fl-e7"/>
      </object_component>
      <object_component id="oc-190">
         <name>.text:PRCMSysResetCauseGet</name>
         <load_address>0x2000763c</load_address>
         <run_address>0x2000763c</run_address>
         <size>0x2c</size>
         <input_file_ref idref="fl-ec"/>
      </object_component>
      <object_component id="oc-1ae">
         <name>.text:PRCMPeripheralClkDisable</name>
         <load_address>0x20007668</load_address>
         <run_address>0x20007668</run_address>
         <size>0x28</size>
         <input_file_ref idref="fl-ec"/>
      </object_component>
      <object_component id="oc-58">
         <name>.text:_c_int00_noargs:_c_int00_noargs</name>
         <load_address>0x20007690</load_address>
         <run_address>0x20007690</run_address>
         <size>0x28</size>
         <input_file_ref idref="fl-ce"/>
      </object_component>
      <object_component id="oc-34c">
         <name>.text:mremove</name>
         <load_address>0x200076b8</load_address>
         <run_address>0x200076b8</run_address>
         <size>0x28</size>
         <input_file_ref idref="fl-c9"/>
      </object_component>
      <object_component id="oc-2ec">
         <name>.text:IntUnregister</name>
         <load_address>0x200076e0</load_address>
         <run_address>0x200076e0</run_address>
         <size>0x24</size>
         <input_file_ref idref="fl-ea"/>
      </object_component>
      <object_component id="oc-24b">
         <name>.text:UARTEnable</name>
         <load_address>0x20007704</load_address>
         <run_address>0x20007704</run_address>
         <size>0x24</size>
         <input_file_ref idref="fl-ed"/>
      </object_component>
      <object_component id="oc-270">
         <name>.text:memmove</name>
         <load_address>0x20007728</load_address>
         <run_address>0x20007728</run_address>
         <size>0x24</size>
         <input_file_ref idref="fl-cb"/>
      </object_component>
      <object_component id="oc-131">
         <name>.text:GPIOPinWrite</name>
         <load_address>0x2000774c</load_address>
         <run_address>0x2000774c</run_address>
         <size>0x20</size>
         <input_file_ref idref="fl-e9"/>
      </object_component>
      <object_component id="oc-23b">
         <name>.text:IntRegister</name>
         <load_address>0x2000776c</load_address>
         <run_address>0x2000776c</run_address>
         <size>0x20</size>
         <input_file_ref idref="fl-ea"/>
      </object_component>
      <object_component id="oc-252">
         <name>.text:UARTCharPut</name>
         <load_address>0x2000778c</load_address>
         <run_address>0x2000778c</run_address>
         <size>0x1e</size>
         <input_file_ref idref="fl-ed"/>
      </object_component>
      <object_component id="oc-f2">
         <name>.text:UARTIntRegister</name>
         <load_address>0x200077aa</load_address>
         <run_address>0x200077aa</run_address>
         <size>0x1e</size>
         <input_file_ref idref="fl-ed"/>
      </object_component>
      <object_component id="oc-264">
         <name>.text:UARTCharGetNonBlocking</name>
         <load_address>0x200077c8</load_address>
         <run_address>0x200077c8</run_address>
         <size>0x1c</size>
         <input_file_ref idref="fl-ed"/>
      </object_component>
      <object_component id="oc-3d4">
         <name>.text:memccpy</name>
         <load_address>0x200077e4</load_address>
         <run_address>0x200077e4</run_address>
         <size>0x1c</size>
         <input_file_ref idref="fl-da"/>
      </object_component>
      <object_component id="oc-1ed">
         <name>.text:uDMAChannelDisable</name>
         <load_address>0x20007800</load_address>
         <run_address>0x20007800</run_address>
         <size>0x1c</size>
         <input_file_ref idref="fl-ee"/>
      </object_component>
      <object_component id="oc-211">
         <name>.text:uDMAChannelEnable</name>
         <load_address>0x2000781c</load_address>
         <run_address>0x2000781c</run_address>
         <size>0x1c</size>
         <input_file_ref idref="fl-ee"/>
      </object_component>
      <object_component id="oc-1e7">
         <name>.text:uDMAChannelRequest</name>
         <load_address>0x20007838</load_address>
         <run_address>0x20007838</run_address>
         <size>0x1c</size>
         <input_file_ref idref="fl-ee"/>
      </object_component>
      <object_component id="oc-222">
         <name>.text:PinTypeUART</name>
         <load_address>0x20007854</load_address>
         <run_address>0x20007854</run_address>
         <size>0x1a</size>
         <input_file_ref idref="fl-eb"/>
      </object_component>
      <object_component id="oc-25e">
         <name>.text:UARTCharsAvail</name>
         <load_address>0x2000786e</load_address>
         <run_address>0x2000786e</run_address>
         <size>0x18</size>
         <input_file_ref idref="fl-ed"/>
      </object_component>
      <object_component id="oc-da">
         <name>.text:UARTDMADisable</name>
         <load_address>0x20007886</load_address>
         <run_address>0x20007886</run_address>
         <size>0x18</size>
         <input_file_ref idref="fl-ed"/>
      </object_component>
      <object_component id="oc-116">
         <name>.text:UARTDMAEnable</name>
         <load_address>0x2000789e</load_address>
         <run_address>0x2000789e</run_address>
         <size>0x18</size>
         <input_file_ref idref="fl-ed"/>
      </object_component>
      <object_component id="oc-110">
         <name>.text:UARTFIFOLevelSet</name>
         <load_address>0x200078b6</load_address>
         <run_address>0x200078b6</run_address>
         <size>0x18</size>
         <input_file_ref idref="fl-ed"/>
      </object_component>
      <object_component id="oc-f8">
         <name>.text:UARTIntEnable</name>
         <load_address>0x200078ce</load_address>
         <run_address>0x200078ce</run_address>
         <size>0x18</size>
         <input_file_ref idref="fl-ed"/>
      </object_component>
      <object_component id="oc-32e">
         <name>.text:_outc</name>
         <load_address>0x200078e6</load_address>
         <run_address>0x200078e6</run_address>
         <size>0x18</size>
         <input_file_ref idref="fl-cd"/>
      </object_component>
      <object_component id="oc-196">
         <name>.text:PRCMHIBRegRead</name>
         <load_address>0x200078fe</load_address>
         <run_address>0x200078fe</run_address>
         <size>0x16</size>
         <input_file_ref idref="fl-ec"/>
      </object_component>
      <object_component id="oc-19c">
         <name>.text:PRCMHIBRegWrite</name>
         <load_address>0x20007914</load_address>
         <run_address>0x20007914</run_address>
         <size>0x16</size>
         <input_file_ref idref="fl-ec"/>
      </object_component>
      <object_component id="oc-46b">
         <name>.text:strchr</name>
         <load_address>0x2000792a</load_address>
         <run_address>0x2000792a</run_address>
         <size>0x16</size>
         <input_file_ref idref="fl-db"/>
      </object_component>
      <object_component id="oc-1c9">
         <name>.text:uDMAIntRegister</name>
         <load_address>0x20007940</load_address>
         <run_address>0x20007940</run_address>
         <size>0x16</size>
         <input_file_ref idref="fl-ee"/>
      </object_component>
      <object_component id="oc-180">
         <name>.text:CPUcpsie</name>
         <load_address>0x20007956</load_address>
         <run_address>0x20007956</run_address>
         <size>0x14</size>
         <input_file_ref idref="fl-f0"/>
      </object_component>
      <object_component id="oc-c2">
         <name>.text:IntVTableBaseSet</name>
         <load_address>0x2000796c</load_address>
         <run_address>0x2000796c</run_address>
         <size>0x14</size>
         <input_file_ref idref="fl-ea"/>
      </object_component>
      <object_component id="oc-26a">
         <name>.text:strlen</name>
         <load_address>0x20007980</load_address>
         <run_address>0x20007980</run_address>
         <size>0x14</size>
         <input_file_ref idref="fl-cc"/>
      </object_component>
      <object_component id="oc-1d5">
         <name>.text:uDMAControlBaseSet</name>
         <load_address>0x20007994</load_address>
         <run_address>0x20007994</run_address>
         <size>0x14</size>
         <input_file_ref idref="fl-ee"/>
      </object_component>
      <object_component id="oc-1bd">
         <name>.text:uDMAIntClear</name>
         <load_address>0x200079a8</load_address>
         <run_address>0x200079a8</run_address>
         <size>0x14</size>
         <input_file_ref idref="fl-ee"/>
      </object_component>
      <object_component id="oc-e0">
         <name>.text:UARTIntClear</name>
         <load_address>0x200079bc</load_address>
         <run_address>0x200079bc</run_address>
         <size>0x12</size>
         <input_file_ref idref="fl-ed"/>
      </object_component>
      <object_component id="oc-1f3">
         <name>.text:uDMAIntUnregister</name>
         <load_address>0x200079ce</load_address>
         <run_address>0x200079ce</run_address>
         <size>0x12</size>
         <input_file_ref idref="fl-ee"/>
      </object_component>
      <object_component id="oc-3da">
         <name>.text:wcslen</name>
         <load_address>0x200079e0</load_address>
         <run_address>0x200079e0</run_address>
         <size>0x12</size>
         <input_file_ref idref="fl-df"/>
      </object_component>
      <object_component id="oc-18">
         <name>.text:decompress:none:__TI_decompress_none</name>
         <load_address>0x200079f2</load_address>
         <run_address>0x200079f2</run_address>
         <size>0xe</size>
         <input_file_ref idref="fl-c7"/>
      </object_component>
      <object_component id="oc-26">
         <name>.text</name>
         <load_address>0x20007a00</load_address>
         <run_address>0x20007a00</run_address>
         <size>0xe</size>
         <input_file_ref idref="fl-5"/>
      </object_component>
      <object_component id="oc-4c">
         <name>.text:decompress:ZI:__TI_zero_init</name>
         <load_address>0x20007a0e</load_address>
         <run_address>0x20007a0e</run_address>
         <size>0xc</size>
         <input_file_ref idref="fl-c6"/>
      </object_component>
      <object_component id="oc-1f9">
         <name>.text:uDMADisable</name>
         <load_address>0x20007a1c</load_address>
         <run_address>0x20007a1c</run_address>
         <size>0xc</size>
         <input_file_ref idref="fl-ee"/>
      </object_component>
      <object_component id="oc-1cf">
         <name>.text:uDMAEnable</name>
         <load_address>0x20007a28</load_address>
         <run_address>0x20007a28</run_address>
         <size>0xc</size>
         <input_file_ref idref="fl-ee"/>
      </object_component>
      <object_component id="oc-1b7">
         <name>.text:uDMAIntStatus</name>
         <load_address>0x20007a34</load_address>
         <run_address>0x20007a34</run_address>
         <size>0xc</size>
         <input_file_ref idref="fl-ee"/>
      </object_component>
      <object_component id="oc-c8">
         <name>.text:IntMasterEnable</name>
         <load_address>0x20007a40</load_address>
         <run_address>0x20007a40</run_address>
         <size>0xa</size>
         <input_file_ref idref="fl-ea"/>
      </object_component>
      <object_component id="oc-3e0">
         <name>.text:__aeabi_errno_addr</name>
         <load_address>0x20007a4c</load_address>
         <run_address>0x20007a4c</run_address>
         <size>0x8</size>
         <input_file_ref idref="fl-dc"/>
      </object_component>
      <object_component id="oc-4ac">
         <name>.text:copysign</name>
         <load_address>0x20007a54</load_address>
         <run_address>0x20007a54</run_address>
         <size>0x8</size>
         <input_file_ref idref="fl-e0"/>
      </object_component>
      <object_component id="oc-130">
         <name>.text:UtilsDelay</name>
         <load_address>0x20007a5c</load_address>
         <run_address>0x20007a5c</run_address>
         <size>0x6</size>
         <input_file_ref idref="fl-ef"/>
      </object_component>
      <object_component id="oc-8e">
         <name>.text:_system_pre_init</name>
         <load_address>0x20007a62</load_address>
         <run_address>0x20007a62</run_address>
         <size>0x4</size>
         <input_file_ref idref="fl-d2"/>
      </object_component>
      <object_component id="oc-141">
         <name>.text:abort:abort</name>
         <load_address>0x20007a66</load_address>
         <run_address>0x20007a66</run_address>
         <size>0x4</size>
         <input_file_ref idref="fl-d4"/>
      </object_component>
      <object_component id="oc-414">
         <name>.const:.string:_ctypes_</name>
         <load_address>0x20007a6c</load_address>
         <run_address>0x20007a6c</run_address>
         <size>0x101</size>
         <input_file_ref idref="fl-d8"/>
      </object_component>
      <object_component id="oc-3a4">
         <name>.const:g_ulPinToPadMap</name>
         <load_address>0x20007b70</load_address>
         <run_address>0x20007b70</run_address>
         <size>0x100</size>
         <input_file_ref idref="fl-eb"/>
      </object_component>
      <object_component id="oc-2da">
         <name>.const:g_pulRegs</name>
         <load_address>0x20007c70</load_address>
         <run_address>0x20007c70</run_address>
         <size>0xd4</size>
         <input_file_ref idref="fl-ea"/>
      </object_component>
      <object_component id="oc-2d1">
         <name>.const:PRCM_PeriphRegsList</name>
         <load_address>0x20007d44</load_address>
         <run_address>0x20007d44</run_address>
         <size>0xa8</size>
         <input_file_ref idref="fl-ec"/>
      </object_component>
      <object_component id="oc-18c">
         <name>.const</name>
         <load_address>0x20007dec</load_address>
         <run_address>0x20007dec</run_address>
         <size>0x80</size>
         <input_file_ref idref="fl-ea"/>
      </object_component>
      <object_component id="oc-318">
         <name>.const</name>
         <load_address>0x20007e6c</load_address>
         <run_address>0x20007e6c</run_address>
         <size>0x10</size>
         <input_file_ref idref="fl-ed"/>
      </object_component>
      <object_component id="oc-502">
         <name>.cinit..data.load</name>
         <load_address>0x20007e80</load_address>
         <run_address>0x20007e80</run_address>
         <size>0x1f</size>
      </object_component>
      <object_component id="oc-500">
         <name>__TI_handler_table</name>
         <load_address>0x20007ea0</load_address>
         <run_address>0x20007ea0</run_address>
         <size>0xc</size>
      </object_component>
      <object_component id="oc-503">
         <name>.cinit..bss.load</name>
         <load_address>0x20007eb0</load_address>
         <run_address>0x20007eb0</run_address>
         <size>0x8</size>
      </object_component>
      <object_component id="oc-501">
         <name>__TI_cinit_table</name>
         <load_address>0x20007eb8</load_address>
         <run_address>0x20007eb8</run_address>
         <size>0x10</size>
      </object_component>
      <object_component id="oc-13d">
         <name>.data</name>
         <load_address>0x20017d50</load_address>
         <run_address>0x20017d50</run_address>
         <size>0x8</size>
         <input_file_ref idref="fl-3"/>
      </object_component>
      <object_component id="oc-358">
         <name>.data:$O1$$</name>
         <load_address>0x20017d3c</load_address>
         <run_address>0x20017d3c</run_address>
         <size>0xc</size>
         <input_file_ref idref="fl-c9"/>
      </object_component>
      <object_component id="oc-2ae">
         <name>.data:$O1$$</name>
         <load_address>0x20017d48</load_address>
         <run_address>0x20017d48</run_address>
         <size>0x8</size>
         <input_file_ref idref="fl-ca"/>
      </object_component>
      <object_component id="oc-47b">
         <name>.data</name>
         <load_address>0x20017d58</load_address>
         <run_address>0x20017d58</run_address>
         <size>0x4</size>
         <input_file_ref idref="fl-dc"/>
      </object_component>
      <object_component id="oc-13a">
         <name>.bss:ucTextBuff</name>
         <uninitialized>true</uninitialized>
         <run_address>0x20017d00</run_address>
         <size>0x34</size>
         <input_file_ref idref="fl-3"/>
      </object_component>
      <object_component id="oc-137">
         <name>.bss</name>
         <uninitialized>true</uninitialized>
         <run_address>0x20017d38</run_address>
         <size>0x1</size>
         <input_file_ref idref="fl-3"/>
      </object_component>
      <object_component id="oc-288">
         <name>.bss</name>
         <uninitialized>true</uninitialized>
         <run_address>0x20017d34</run_address>
         <size>0x4</size>
         <input_file_ref idref="fl-6"/>
      </object_component>
      <object_component id="oc-217">
         <name>.common:iDone</name>
         <uninitialized>true</uninitialized>
         <run_address>0x20017d39</run_address>
         <size>0x1</size>
      </object_component>
      <object_component id="oc-21b">
         <name>.common:gfpAppCallbackHndl</name>
         <uninitialized>true</uninitialized>
         <run_address>0x20017c00</run_address>
         <size>0x100</size>
      </object_component>
      <object_component id="oc-21a">
         <name>.common:gpCtlTbl</name>
         <uninitialized>true</uninitialized>
         <run_address>0x20017800</run_address>
         <size>0x400</size>
      </object_component>
      <object_component id="oc-20">
         <name>.sysmem</name>
         <uninitialized>true</uninitialized>
         <run_address>0x20017000</run_address>
         <size>0x8</size>
         <input_file_ref idref="fl-c9"/>
      </object_component>
      <object_component id="oc-505">
         <name>.sysmem</name>
         <uninitialized>true</uninitialized>
         <run_address>0x20017000</run_address>
         <size>0x0</size>
      </object_component>
      <object_component id="oc-23">
         <name>.stack</name>
         <uninitialized>true</uninitialized>
         <run_address>0x2002ff00</run_address>
         <size>0x4</size>
         <input_file_ref idref="fl-ce"/>
      </object_component>
      <object_component id="oc-504">
         <name>.stack</name>
         <uninitialized>true</uninitialized>
         <run_address>0x2002ff00</run_address>
         <size>0x0</size>
      </object_component>
      <object_component id="oc-3a2">
         <name>.debug_info</name>
         <load_address>0x0</load_address>
         <run_address>0x0</run_address>
         <size>0x34f</size>
         <input_file_ref idref="fl-2"/>
      </object_component>
      <object_component id="oc-2ff">
         <name>.debug_info</name>
         <load_address>0x34f</load_address>
         <run_address>0x34f</run_address>
         <size>0x26b</size>
         <input_file_ref idref="fl-2"/>
      </object_component>
      <object_component id="oc-391">
         <name>.debug_info</name>
         <load_address>0x5ba</load_address>
         <run_address>0x5ba</run_address>
         <size>0x62</size>
         <input_file_ref idref="fl-2"/>
      </object_component>
      <object_component id="oc-35">
         <name>.debug_info</name>
         <load_address>0x61c</load_address>
         <run_address>0x61c</run_address>
         <size>0x84</size>
         <input_file_ref idref="fl-2"/>
      </object_component>
      <object_component id="oc-362">
         <name>.debug_info</name>
         <load_address>0x6a0</load_address>
         <run_address>0x6a0</run_address>
         <size>0x297</size>
         <input_file_ref idref="fl-2"/>
      </object_component>
      <object_component id="oc-187">
         <name>.debug_info</name>
         <load_address>0x937</load_address>
         <run_address>0x937</run_address>
         <size>0x2c</size>
         <input_file_ref idref="fl-2"/>
      </object_component>
      <object_component id="oc-304">
         <name>.debug_info</name>
         <load_address>0x963</load_address>
         <run_address>0x963</run_address>
         <size>0xcc</size>
         <input_file_ref idref="fl-2"/>
      </object_component>
      <object_component id="oc-28d">
         <name>.debug_info</name>
         <load_address>0xa2f</load_address>
         <run_address>0xa2f</run_address>
         <size>0x2c</size>
         <input_file_ref idref="fl-2"/>
      </object_component>
      <object_component id="oc-2a5">
         <name>.debug_info</name>
         <load_address>0xa5b</load_address>
         <run_address>0xa5b</run_address>
         <size>0x572</size>
         <input_file_ref idref="fl-3"/>
      </object_component>
      <object_component id="oc-13e">
         <name>.debug_info</name>
         <load_address>0xfcd</load_address>
         <run_address>0xfcd</run_address>
         <size>0xe5</size>
         <input_file_ref idref="fl-3"/>
      </object_component>
      <object_component id="oc-13b">
         <name>.debug_info</name>
         <load_address>0x10b2</load_address>
         <run_address>0x10b2</run_address>
         <size>0xc9</size>
         <input_file_ref idref="fl-3"/>
      </object_component>
      <object_component id="oc-138">
         <name>.debug_info</name>
         <load_address>0x117b</load_address>
         <run_address>0x117b</run_address>
         <size>0xbf</size>
         <input_file_ref idref="fl-3"/>
      </object_component>
      <object_component id="oc-95">
         <name>.debug_info</name>
         <load_address>0x123a</load_address>
         <run_address>0x123a</run_address>
         <size>0x598</size>
         <input_file_ref idref="fl-3"/>
      </object_component>
      <object_component id="oc-2fa">
         <name>.debug_info</name>
         <load_address>0x17d2</load_address>
         <run_address>0x17d2</run_address>
         <size>0x86</size>
         <input_file_ref idref="fl-3"/>
      </object_component>
      <object_component id="oc-21d">
         <name>.debug_info</name>
         <load_address>0x1858</load_address>
         <run_address>0x1858</run_address>
         <size>0x2c</size>
         <input_file_ref idref="fl-3"/>
      </object_component>
      <object_component id="oc-ed">
         <name>.debug_info</name>
         <load_address>0x1884</load_address>
         <run_address>0x1884</run_address>
         <size>0x236</size>
         <input_file_ref idref="fl-4"/>
      </object_component>
      <object_component id="oc-2e">
         <name>.debug_info</name>
         <load_address>0x1aba</load_address>
         <run_address>0x1aba</run_address>
         <size>0x183</size>
         <input_file_ref idref="fl-5"/>
      </object_component>
      <object_component id="oc-10">
         <name>.debug_info</name>
         <load_address>0x1c3d</load_address>
         <run_address>0x1c3d</run_address>
         <size>0x102</size>
         <input_file_ref idref="fl-5"/>
      </object_component>
      <object_component id="oc-27">
         <name>.debug_info</name>
         <load_address>0x1d3f</load_address>
         <run_address>0x1d3f</run_address>
         <size>0x423</size>
         <input_file_ref idref="fl-5"/>
      </object_component>
      <object_component id="oc-28c">
         <name>.debug_info</name>
         <load_address>0x2162</load_address>
         <run_address>0x2162</run_address>
         <size>0x3c8</size>
         <input_file_ref idref="fl-6"/>
      </object_component>
      <object_component id="oc-289">
         <name>.debug_info</name>
         <load_address>0x252a</load_address>
         <run_address>0x252a</run_address>
         <size>0xf9</size>
         <input_file_ref idref="fl-6"/>
      </object_component>
      <object_component id="oc-10b">
         <name>.debug_info</name>
         <load_address>0x2623</load_address>
         <run_address>0x2623</run_address>
         <size>0x8d5</size>
         <input_file_ref idref="fl-6"/>
      </object_component>
      <object_component id="oc-292">
         <name>.debug_info</name>
         <load_address>0x2ef8</load_address>
         <run_address>0x2ef8</run_address>
         <size>0x110</size>
         <input_file_ref idref="fl-6"/>
      </object_component>
      <object_component id="oc-218">
         <name>.debug_info</name>
         <load_address>0x3008</load_address>
         <run_address>0x3008</run_address>
         <size>0x618</size>
         <input_file_ref idref="fl-7"/>
      </object_component>
      <object_component id="oc-e7">
         <name>.debug_info</name>
         <load_address>0x3620</load_address>
         <run_address>0x3620</run_address>
         <size>0xeaf</size>
         <input_file_ref idref="fl-7"/>
      </object_component>
      <object_component id="oc-89">
         <name>.debug_info</name>
         <load_address>0x44cf</load_address>
         <run_address>0x44cf</run_address>
         <size>0x13f</size>
         <input_file_ref idref="fl-c2"/>
      </object_component>
      <object_component id="oc-122">
         <name>.debug_info</name>
         <load_address>0x460e</load_address>
         <run_address>0x460e</run_address>
         <size>0x144</size>
         <input_file_ref idref="fl-c3"/>
      </object_component>
      <object_component id="oc-11d">
         <name>.debug_info</name>
         <load_address>0x4752</load_address>
         <run_address>0x4752</run_address>
         <size>0x146</size>
         <input_file_ref idref="fl-c3"/>
      </object_component>
      <object_component id="oc-129">
         <name>.debug_info</name>
         <load_address>0x4898</load_address>
         <run_address>0x4898</run_address>
         <size>0x132</size>
         <input_file_ref idref="fl-c4"/>
      </object_component>
      <object_component id="oc-12c">
         <name>.debug_info</name>
         <load_address>0x49ca</load_address>
         <run_address>0x49ca</run_address>
         <size>0x141</size>
         <input_file_ref idref="fl-c5"/>
      </object_component>
      <object_component id="oc-87">
         <name>.debug_info</name>
         <load_address>0x4b0b</load_address>
         <run_address>0x4b0b</run_address>
         <size>0x1e5</size>
         <input_file_ref idref="fl-c6"/>
      </object_component>
      <object_component id="oc-4e">
         <name>.debug_info</name>
         <load_address>0x4cf0</load_address>
         <run_address>0x4cf0</run_address>
         <size>0x1aa</size>
         <input_file_ref idref="fl-c6"/>
      </object_component>
      <object_component id="oc-82">
         <name>.debug_info</name>
         <load_address>0x4e9a</load_address>
         <run_address>0x4e9a</run_address>
         <size>0x46</size>
         <input_file_ref idref="fl-c6"/>
      </object_component>
      <object_component id="oc-b9">
         <name>.debug_info</name>
         <load_address>0x4ee0</load_address>
         <run_address>0x4ee0</run_address>
         <size>0x2c</size>
         <input_file_ref idref="fl-c6"/>
      </object_component>
      <object_component id="oc-45">
         <name>.debug_info</name>
         <load_address>0x4f0c</load_address>
         <run_address>0x4f0c</run_address>
         <size>0x16f</size>
         <input_file_ref idref="fl-c7"/>
      </object_component>
      <object_component id="oc-19">
         <name>.debug_info</name>
         <load_address>0x507b</load_address>
         <run_address>0x507b</run_address>
         <size>0x1df</size>
         <input_file_ref idref="fl-c7"/>
      </object_component>
      <object_component id="oc-40">
         <name>.debug_info</name>
         <load_address>0x525a</load_address>
         <run_address>0x525a</run_address>
         <size>0x46</size>
         <input_file_ref idref="fl-c7"/>
      </object_component>
      <object_component id="oc-7a">
         <name>.debug_info</name>
         <load_address>0x52a0</load_address>
         <run_address>0x52a0</run_address>
         <size>0x2c</size>
         <input_file_ref idref="fl-c7"/>
      </object_component>
      <object_component id="oc-78">
         <name>.debug_info</name>
         <load_address>0x52cc</load_address>
         <run_address>0x52cc</run_address>
         <size>0x165</size>
         <input_file_ref idref="fl-c8"/>
      </object_component>
      <object_component id="oc-13">
         <name>.debug_info</name>
         <load_address>0x5431</load_address>
         <run_address>0x5431</run_address>
         <size>0x245</size>
         <input_file_ref idref="fl-c8"/>
      </object_component>
      <object_component id="oc-30">
         <name>.debug_info</name>
         <load_address>0x5676</load_address>
         <run_address>0x5676</run_address>
         <size>0x60</size>
         <input_file_ref idref="fl-c8"/>
      </object_component>
      <object_component id="oc-b2">
         <name>.debug_info</name>
         <load_address>0x56d6</load_address>
         <run_address>0x56d6</run_address>
         <size>0x46</size>
         <input_file_ref idref="fl-c8"/>
      </object_component>
      <object_component id="oc-73">
         <name>.debug_info</name>
         <load_address>0x571c</load_address>
         <run_address>0x571c</run_address>
         <size>0x39</size>
         <input_file_ref idref="fl-c8"/>
      </object_component>
      <object_component id="oc-6c">
         <name>.debug_info</name>
         <load_address>0x5755</load_address>
         <run_address>0x5755</run_address>
         <size>0x28d</size>
         <input_file_ref idref="fl-c9"/>
      </object_component>
      <object_component id="oc-21">
         <name>.debug_info</name>
         <load_address>0x59e2</load_address>
         <run_address>0x59e2</run_address>
         <size>0x101</size>
         <input_file_ref idref="fl-c9"/>
      </object_component>
      <object_component id="oc-359">
         <name>.debug_info</name>
         <load_address>0x5ae3</load_address>
         <run_address>0x5ae3</run_address>
         <size>0x14c</size>
         <input_file_ref idref="fl-c9"/>
      </object_component>
      <object_component id="oc-348">
         <name>.debug_info</name>
         <load_address>0x5c2f</load_address>
         <run_address>0x5c2f</run_address>
         <size>0x139</size>
         <input_file_ref idref="fl-c9"/>
      </object_component>
      <object_component id="oc-34e">
         <name>.debug_info</name>
         <load_address>0x5d68</load_address>
         <run_address>0x5d68</run_address>
         <size>0x174</size>
         <input_file_ref idref="fl-c9"/>
      </object_component>
      <object_component id="oc-354">
         <name>.debug_info</name>
         <load_address>0x5edc</load_address>
         <run_address>0x5edc</run_address>
         <size>0x172</size>
         <input_file_ref idref="fl-c9"/>
      </object_component>
      <object_component id="oc-278">
         <name>.debug_info</name>
         <load_address>0x604e</load_address>
         <run_address>0x604e</run_address>
         <size>0x1db</size>
         <input_file_ref idref="fl-c9"/>
      </object_component>
      <object_component id="oc-284">
         <name>.debug_info</name>
         <load_address>0x6229</load_address>
         <run_address>0x6229</run_address>
         <size>0x1e6</size>
         <input_file_ref idref="fl-c9"/>
      </object_component>
      <object_component id="oc-27e">
         <name>.debug_info</name>
         <load_address>0x640f</load_address>
         <run_address>0x640f</run_address>
         <size>0x27e</size>
         <input_file_ref idref="fl-c9"/>
      </object_component>
      <object_component id="oc-a8">
         <name>.debug_info</name>
         <load_address>0x668d</load_address>
         <run_address>0x668d</run_address>
         <size>0x2c</size>
         <input_file_ref idref="fl-c9"/>
      </object_component>
      <object_component id="oc-ad">
         <name>.debug_info</name>
         <load_address>0x66b9</load_address>
         <run_address>0x66b9</run_address>
         <size>0x62</size>
         <input_file_ref idref="fl-c9"/>
      </object_component>
      <object_component id="oc-374">
         <name>.debug_info</name>
         <load_address>0x671b</load_address>
         <run_address>0x671b</run_address>
         <size>0x190</size>
         <input_file_ref idref="fl-ca"/>
      </object_component>
      <object_component id="oc-2af">
         <name>.debug_info</name>
         <load_address>0x68ab</load_address>
         <run_address>0x68ab</run_address>
         <size>0x113</size>
         <input_file_ref idref="fl-ca"/>
      </object_component>
      <object_component id="oc-36d">
         <name>.debug_info</name>
         <load_address>0x69be</load_address>
         <run_address>0x69be</run_address>
         <size>0x123</size>
         <input_file_ref idref="fl-ca"/>
      </object_component>
      <object_component id="oc-345">
         <name>.debug_info</name>
         <load_address>0x6ae1</load_address>
         <run_address>0x6ae1</run_address>
         <size>0x16c</size>
         <input_file_ref idref="fl-cb"/>
      </object_component>
      <object_component id="oc-271">
         <name>.debug_info</name>
         <load_address>0x6c4d</load_address>
         <run_address>0x6c4d</run_address>
         <size>0x1ab</size>
         <input_file_ref idref="fl-cb"/>
      </object_component>
      <object_component id="oc-343">
         <name>.debug_info</name>
         <load_address>0x6df8</load_address>
         <run_address>0x6df8</run_address>
         <size>0x156</size>
         <input_file_ref idref="fl-cc"/>
      </object_component>
      <object_component id="oc-26d">
         <name>.debug_info</name>
         <load_address>0x6f4e</load_address>
         <run_address>0x6f4e</run_address>
         <size>0x22a</size>
         <input_file_ref idref="fl-cc"/>
      </object_component>
      <object_component id="oc-335">
         <name>.debug_info</name>
         <load_address>0x7178</load_address>
         <run_address>0x7178</run_address>
         <size>0x207</size>
         <input_file_ref idref="fl-cd"/>
      </object_component>
      <object_component id="oc-259">
         <name>.debug_info</name>
         <load_address>0x737f</load_address>
         <run_address>0x737f</run_address>
         <size>0x1fd</size>
         <input_file_ref idref="fl-cd"/>
      </object_component>
      <object_component id="oc-329">
         <name>.debug_info</name>
         <load_address>0x757c</load_address>
         <run_address>0x757c</run_address>
         <size>0x1bb</size>
         <input_file_ref idref="fl-cd"/>
      </object_component>
      <object_component id="oc-32f">
         <name>.debug_info</name>
         <load_address>0x7737</load_address>
         <run_address>0x7737</run_address>
         <size>0x16e</size>
         <input_file_ref idref="fl-cd"/>
      </object_component>
      <object_component id="oc-336">
         <name>.debug_info</name>
         <load_address>0x78a5</load_address>
         <run_address>0x78a5</run_address>
         <size>0x2c</size>
         <input_file_ref idref="fl-cd"/>
      </object_component>
      <object_component id="oc-33b">
         <name>.debug_info</name>
         <load_address>0x78d1</load_address>
         <run_address>0x78d1</run_address>
         <size>0x69</size>
         <input_file_ref idref="fl-cd"/>
      </object_component>
      <object_component id="oc-24">
         <name>.debug_info</name>
         <load_address>0x793a</load_address>
         <run_address>0x793a</run_address>
         <size>0x100</size>
         <input_file_ref idref="fl-ce"/>
      </object_component>
      <object_component id="oc-59">
         <name>.debug_info</name>
         <load_address>0x7a3a</load_address>
         <run_address>0x7a3a</run_address>
         <size>0x1a4</size>
         <input_file_ref idref="fl-ce"/>
      </object_component>
      <object_component id="oc-29d">
         <name>.debug_info</name>
         <load_address>0x7bde</load_address>
         <run_address>0x7bde</run_address>
         <size>0x126</size>
         <input_file_ref idref="fl-cf"/>
      </object_component>
      <object_component id="oc-3b">
         <name>.debug_info</name>
         <load_address>0x7d04</load_address>
         <run_address>0x7d04</run_address>
         <size>0x111</size>
         <input_file_ref idref="fl-d0"/>
      </object_component>
      <object_component id="oc-2b5">
         <name>.debug_info</name>
         <load_address>0x7e15</load_address>
         <run_address>0x7e15</run_address>
         <size>0x419</size>
         <input_file_ref idref="fl-d1"/>
      </object_component>
      <object_component id="oc-14e">
         <name>.debug_info</name>
         <load_address>0x822e</load_address>
         <run_address>0x822e</run_address>
         <size>0x19b</size>
         <input_file_ref idref="fl-d1"/>
      </object_component>
      <object_component id="oc-37a">
         <name>.debug_info</name>
         <load_address>0x83c9</load_address>
         <run_address>0x83c9</run_address>
         <size>0x39</size>
         <input_file_ref idref="fl-d1"/>
      </object_component>
      <object_component id="oc-402">
         <name>.debug_info</name>
         <load_address>0x8402</load_address>
         <run_address>0x8402</run_address>
         <size>0x39</size>
         <input_file_ref idref="fl-d1"/>
      </object_component>
      <object_component id="oc-37f">
         <name>.debug_info</name>
         <load_address>0x843b</load_address>
         <run_address>0x843b</run_address>
         <size>0x39</size>
         <input_file_ref idref="fl-d1"/>
      </object_component>
      <object_component id="oc-384">
         <name>.debug_info</name>
         <load_address>0x8474</load_address>
         <run_address>0x8474</run_address>
         <size>0xcd</size>
         <input_file_ref idref="fl-d1"/>
      </object_component>
      <object_component id="oc-8f">
         <name>.debug_info</name>
         <load_address>0x8541</load_address>
         <run_address>0x8541</run_address>
         <size>0x148</size>
         <input_file_ref idref="fl-d2"/>
      </object_component>
      <object_component id="oc-145">
         <name>.debug_info</name>
         <load_address>0x8689</load_address>
         <run_address>0x8689</run_address>
         <size>0x117</size>
         <input_file_ref idref="fl-d4"/>
      </object_component>
      <object_component id="oc-3e7">
         <name>.debug_info</name>
         <load_address>0x87a0</load_address>
         <run_address>0x87a0</run_address>
         <size>0x778</size>
         <input_file_ref idref="fl-d5"/>
      </object_component>
      <object_component id="oc-3b2">
         <name>.debug_info</name>
         <load_address>0x8f18</load_address>
         <run_address>0x8f18</run_address>
         <size>0x213</size>
         <input_file_ref idref="fl-d5"/>
      </object_component>
      <object_component id="oc-445">
         <name>.debug_info</name>
         <load_address>0x912b</load_address>
         <run_address>0x912b</run_address>
         <size>0x1a8</size>
         <input_file_ref idref="fl-d5"/>
      </object_component>
      <object_component id="oc-44b">
         <name>.debug_info</name>
         <load_address>0x92d3</load_address>
         <run_address>0x92d3</run_address>
         <size>0x210</size>
         <input_file_ref idref="fl-d5"/>
      </object_component>
      <object_component id="oc-3bd">
         <name>.debug_info</name>
         <load_address>0x94e3</load_address>
         <run_address>0x94e3</run_address>
         <size>0x3af</size>
         <input_file_ref idref="fl-d5"/>
      </object_component>
      <object_component id="oc-452">
         <name>.debug_info</name>
         <load_address>0x9892</load_address>
         <run_address>0x9892</run_address>
         <size>0x2fb</size>
         <input_file_ref idref="fl-d5"/>
      </object_component>
      <object_component id="oc-458">
         <name>.debug_info</name>
         <load_address>0x9b8d</load_address>
         <run_address>0x9b8d</run_address>
         <size>0x20a</size>
         <input_file_ref idref="fl-d5"/>
      </object_component>
      <object_component id="oc-3c3">
         <name>.debug_info</name>
         <load_address>0x9d97</load_address>
         <run_address>0x9d97</run_address>
         <size>0x21d</size>
         <input_file_ref idref="fl-d5"/>
      </object_component>
      <object_component id="oc-3c9">
         <name>.debug_info</name>
         <load_address>0x9fb4</load_address>
         <run_address>0x9fb4</run_address>
         <size>0x2f8</size>
         <input_file_ref idref="fl-d5"/>
      </object_component>
      <object_component id="oc-3cf">
         <name>.debug_info</name>
         <load_address>0xa2ac</load_address>
         <run_address>0xa2ac</run_address>
         <size>0x4a4</size>
         <input_file_ref idref="fl-d5"/>
      </object_component>
      <object_component id="oc-323">
         <name>.debug_info</name>
         <load_address>0xa750</load_address>
         <run_address>0xa750</run_address>
         <size>0x5cd</size>
         <input_file_ref idref="fl-d5"/>
      </object_component>
      <object_component id="oc-3e8">
         <name>.debug_info</name>
         <load_address>0xad1d</load_address>
         <run_address>0xad1d</run_address>
         <size>0x86</size>
         <input_file_ref idref="fl-d5"/>
      </object_component>
      <object_component id="oc-482">
         <name>.debug_info</name>
         <load_address>0xada3</load_address>
         <run_address>0xada3</run_address>
         <size>0x39</size>
         <input_file_ref idref="fl-d5"/>
      </object_component>
      <object_component id="oc-4c3">
         <name>.debug_info</name>
         <load_address>0xaddc</load_address>
         <run_address>0xaddc</run_address>
         <size>0xb6</size>
         <input_file_ref idref="fl-d5"/>
      </object_component>
      <object_component id="oc-487">
         <name>.debug_info</name>
         <load_address>0xae92</load_address>
         <run_address>0xae92</run_address>
         <size>0x46</size>
         <input_file_ref idref="fl-d5"/>
      </object_component>
      <object_component id="oc-3ed">
         <name>.debug_info</name>
         <load_address>0xaed8</load_address>
         <run_address>0xaed8</run_address>
         <size>0x46</size>
         <input_file_ref idref="fl-d5"/>
      </object_component>
      <object_component id="oc-418">
         <name>.debug_info</name>
         <load_address>0xaf1e</load_address>
         <run_address>0xaf1e</run_address>
         <size>0x180</size>
         <input_file_ref idref="fl-d7"/>
      </object_component>
      <object_component id="oc-3ac">
         <name>.debug_info</name>
         <load_address>0xb09e</load_address>
         <run_address>0xb09e</run_address>
         <size>0x171</size>
         <input_file_ref idref="fl-d7"/>
      </object_component>
      <object_component id="oc-490">
         <name>.debug_info</name>
         <load_address>0xb20f</load_address>
         <run_address>0xb20f</run_address>
         <size>0xee</size>
         <input_file_ref idref="fl-d8"/>
      </object_component>
      <object_component id="oc-415">
         <name>.debug_info</name>
         <load_address>0xb2fd</load_address>
         <run_address>0xb2fd</run_address>
         <size>0xfa</size>
         <input_file_ref idref="fl-d8"/>
      </object_component>
      <object_component id="oc-49e">
         <name>.debug_info</name>
         <load_address>0xb3f7</load_address>
         <run_address>0xb3f7</run_address>
         <size>0x162</size>
         <input_file_ref idref="fl-d9"/>
      </object_component>
      <object_component id="oc-435">
         <name>.debug_info</name>
         <load_address>0xb559</load_address>
         <run_address>0xb559</run_address>
         <size>0x1c2</size>
         <input_file_ref idref="fl-d9"/>
      </object_component>
      <object_component id="oc-473">
         <name>.debug_info</name>
         <load_address>0xb71b</load_address>
         <run_address>0xb71b</run_address>
         <size>0x15d</size>
         <input_file_ref idref="fl-da"/>
      </object_component>
      <object_component id="oc-3d5">
         <name>.debug_info</name>
         <load_address>0xb878</load_address>
         <run_address>0xb878</run_address>
         <size>0x1ab</size>
         <input_file_ref idref="fl-da"/>
      </object_component>
      <object_component id="oc-4b5">
         <name>.debug_info</name>
         <load_address>0xba23</load_address>
         <run_address>0xba23</run_address>
         <size>0x161</size>
         <input_file_ref idref="fl-db"/>
      </object_component>
      <object_component id="oc-46c">
         <name>.debug_info</name>
         <load_address>0xbb84</load_address>
         <run_address>0xbb84</run_address>
         <size>0x247</size>
         <input_file_ref idref="fl-db"/>
      </object_component>
      <object_component id="oc-47f">
         <name>.debug_info</name>
         <load_address>0xbdcb</load_address>
         <run_address>0xbdcb</run_address>
         <size>0x150</size>
         <input_file_ref idref="fl-dc"/>
      </object_component>
      <object_component id="oc-47c">
         <name>.debug_info</name>
         <load_address>0xbf1b</load_address>
         <run_address>0xbf1b</run_address>
         <size>0x103</size>
         <input_file_ref idref="fl-dc"/>
      </object_component>
      <object_component id="oc-3e1">
         <name>.debug_info</name>
         <load_address>0xc01e</load_address>
         <run_address>0xc01e</run_address>
         <size>0x143</size>
         <input_file_ref idref="fl-dc"/>
      </object_component>
      <object_component id="oc-4a6">
         <name>.debug_info</name>
         <load_address>0xc161</load_address>
         <run_address>0xc161</run_address>
         <size>0x15c</size>
         <input_file_ref idref="fl-dd"/>
      </object_component>
      <object_component id="oc-460">
         <name>.debug_info</name>
         <load_address>0xc2bd</load_address>
         <run_address>0xc2bd</run_address>
         <size>0x189</size>
         <input_file_ref idref="fl-dd"/>
      </object_component>
      <object_component id="oc-4cf">
         <name>.debug_info</name>
         <load_address>0xc446</load_address>
         <run_address>0xc446</run_address>
         <size>0x39</size>
         <input_file_ref idref="fl-dd"/>
      </object_component>
      <object_component id="oc-4a7">
         <name>.debug_info</name>
         <load_address>0xc47f</load_address>
         <run_address>0xc47f</run_address>
         <size>0x2c</size>
         <input_file_ref idref="fl-dd"/>
      </object_component>
      <object_component id="oc-4b3">
         <name>.debug_info</name>
         <load_address>0xc4ab</load_address>
         <run_address>0xc4ab</run_address>
         <size>0x1bf</size>
         <input_file_ref idref="fl-de"/>
      </object_component>
      <object_component id="oc-466">
         <name>.debug_info</name>
         <load_address>0xc66a</load_address>
         <run_address>0xc66a</run_address>
         <size>0x1f0</size>
         <input_file_ref idref="fl-de"/>
      </object_component>
      <object_component id="oc-47a">
         <name>.debug_info</name>
         <load_address>0xc85a</load_address>
         <run_address>0xc85a</run_address>
         <size>0x156</size>
         <input_file_ref idref="fl-df"/>
      </object_component>
      <object_component id="oc-3de">
         <name>.debug_info</name>
         <load_address>0xc9b0</load_address>
         <run_address>0xc9b0</run_address>
         <size>0x14f</size>
         <input_file_ref idref="fl-df"/>
      </object_component>
      <object_component id="oc-4b8">
         <name>.debug_info</name>
         <load_address>0xcaff</load_address>
         <run_address>0xcaff</run_address>
         <size>0x46</size>
         <input_file_ref idref="fl-df"/>
      </object_component>
      <object_component id="oc-475">
         <name>.debug_info</name>
         <load_address>0xcb45</load_address>
         <run_address>0xcb45</run_address>
         <size>0x39</size>
         <input_file_ref idref="fl-df"/>
      </object_component>
      <object_component id="oc-4af">
         <name>.debug_info</name>
         <load_address>0xcb7e</load_address>
         <run_address>0xcb7e</run_address>
         <size>0x154</size>
         <input_file_ref idref="fl-e0"/>
      </object_component>
      <object_component id="oc-41c">
         <name>.debug_info</name>
         <load_address>0xccd2</load_address>
         <run_address>0xccd2</run_address>
         <size>0x12c</size>
         <input_file_ref idref="fl-e1"/>
      </object_component>
      <object_component id="oc-442">
         <name>.debug_info</name>
         <load_address>0xcdfe</load_address>
         <run_address>0xcdfe</run_address>
         <size>0x144</size>
         <input_file_ref idref="fl-e2"/>
      </object_component>
      <object_component id="oc-3ba">
         <name>.debug_info</name>
         <load_address>0xcf42</load_address>
         <run_address>0xcf42</run_address>
         <size>0x120</size>
         <input_file_ref idref="fl-e3"/>
      </object_component>
      <object_component id="oc-42d">
         <name>.debug_info</name>
         <load_address>0xd062</load_address>
         <run_address>0xd062</run_address>
         <size>0x122</size>
         <input_file_ref idref="fl-e3"/>
      </object_component>
      <object_component id="oc-427">
         <name>.debug_info</name>
         <load_address>0xd184</load_address>
[...]
      </symbol>
      <symbol id="sm-131">
         <name>UDMADeInit</name>
         <value>0x20005997</value>
         <object_component_ref idref="oc-e6"/>
      </symbol>
      <symbol id="sm-132">
         <name>UDMAInit</name>
         <value>0x2000585b</value>
         <object_component_ref idref="oc-e6"/>
      </symbol>
      <symbol id="sm-133">
         <name>UDMASetupTransfer</name>
         <value>0x200059ab</value>
         <object_component_ref idref="oc-e6"/>
      </symbol>
      <symbol id="sm-134">
         <name>DmaSwIntHandler</name>
         <value>0x20005839</value>
         <object_component_ref idref="oc-e6"/>
      </symbol>
      <symbol id="sm-135">
         <name>UDMASetupAutoMemTransfer</name>
         <value>0x200058f1</value>
         <object_component_ref idref="oc-e6"/>
      </symbol>
      <symbol id="sm-144">
         <name>__aeabi_memset</name>
         <value>0x20006bf7</value>
         <object_component_ref idref="oc-88"/>
      </symbol>
      <symbol id="sm-145">
         <name>memset</name>
         <value>0x20006bfd</value>
         <object_component_ref idref="oc-88"/>
      </symbol>
      <symbol id="sm-146">
         <name>__aeabi_memset8</name>
         <value>0x20006bf7</value>
         <object_component_ref idref="oc-88"/>
      </symbol>
      <symbol id="sm-147">
         <name>__aeabi_memset4</name>
         <value>0x20006bf7</value>
         <object_component_ref idref="oc-88"/>
      </symbol>
      <symbol id="sm-148">
         <name>__aeabi_memclr8</name>
         <value>0x20006bf5</value>
         <object_component_ref idref="oc-88"/>
      </symbol>
      <symbol id="sm-149">
         <name>__aeabi_memclr4</name>
         <value>0x20006bf5</value>
         <object_component_ref idref="oc-88"/>
      </symbol>
      <symbol id="sm-14a">
         <name>__aeabi_memclr</name>
         <value>0x20006bf5</value>
         <object_component_ref idref="oc-88"/>
      </symbol>
      <symbol id="sm-164">
         <name>__aeabi_cfrcmple</name>
         <value>0x20006f5d</value>
         <object_component_ref idref="oc-11c"/>
      </symbol>
      <symbol id="sm-165">
         <name>__aeabi_cfcmpeq</name>
         <value>0x20006efd</value>
         <object_component_ref idref="oc-121"/>
      </symbol>
      <symbol id="sm-166">
         <name>__aeabi_cfcmple</name>
         <value>0x20006efd</value>
         <object_component_ref idref="oc-121"/>
      </symbol>
      <symbol id="sm-173">
         <name>__aeabi_fdiv</name>
         <value>0x2000693d</value>
         <object_component_ref idref="oc-126"/>
      </symbol>
      <symbol id="sm-17e">
         <name>__aeabi_f2uiz</name>
         <value>0x20007547</value>
         <object_component_ref idref="oc-12b"/>
      </symbol>
      <symbol id="sm-195">
         <name>__TI_zero_init</name>
         <value>0x20007a0f</value>
         <object_component_ref idref="oc-4c"/>
      </symbol>
      <symbol id="sm-1ac">
         <name>__TI_decompress_none</name>
         <value>0x200079f3</value>
         <object_component_ref idref="oc-18"/>
      </symbol>
      <symbol id="sm-1cf">
         <name>__TI_decompress_lzss</name>
         <value>0x20006dcd</value>
         <object_component_ref idref="oc-12"/>
      </symbol>
      <symbol id="sm-265">
         <name>_sys_memory</name>
         <value>0x20017000</value>
         <object_component_ref idref="oc-20"/>
      </symbol>
      <symbol id="sm-266">
         <name>free</name>
         <value>0x200063c9</value>
         <object_component_ref idref="oc-282"/>
      </symbol>
      <symbol id="sm-267">
         <name>realloc</name>
         <value>0x200060c9</value>
         <object_component_ref idref="oc-27c"/>
      </symbol>
      <symbol id="sm-268">
         <name>malloc</name>
         <value>0x20006c71</value>
         <object_component_ref idref="oc-276"/>
      </symbol>
      <symbol id="sm-269">
         <name>minit</name>
         <value>0x200074a1</value>
         <object_component_ref idref="oc-346"/>
      </symbol>
      <symbol id="sm-27e">
         <name>_nop</name>
         <value>0x20005bbb</value>
         <object_component_ref idref="oc-36c"/>
      </symbol>
      <symbol id="sm-27f">
         <name>_lock</name>
         <value>0x20017d48</value>
         <object_component_ref idref="oc-2ae"/>
      </symbol>
      <symbol id="sm-280">
         <name>_unlock</name>
         <value>0x20017d4c</value>
         <object_component_ref idref="oc-2ae"/>
      </symbol>
      <symbol id="sm-290">
         <name>memmove</name>
         <value>0x20007729</value>
         <object_component_ref idref="oc-270"/>
      </symbol>
      <symbol id="sm-29e">
         <name>strlen</name>
         <value>0x20007981</value>
         <object_component_ref idref="oc-26a"/>
      </symbol>
      <symbol id="sm-2cd">
         <name>vsnprintf</name>
         <value>0x2000736d</value>
         <object_component_ref idref="oc-258"/>
      </symbol>
      <symbol id="sm-2df">
         <name>__stack</name>
         <value>0x2002ff00</value>
         <object_component_ref idref="oc-23"/>
      </symbol>
      <symbol id="sm-2e0">
         <name>_c_int00_noargs</name>
         <value>0x20007691</value>
         <object_component_ref idref="oc-58"/>
      </symbol>
      <symbol id="sm-2ea">
         <name>__aeabi_f2iz</name>
         <value>0x200074d9</value>
         <object_component_ref idref="oc-29c"/>
      </symbol>
      <symbol id="sm-305">
         <name>memcpy</name>
         <value>0x20006775</value>
         <object_component_ref idref="oc-3a"/>
      </symbol>
      <symbol id="sm-306">
         <name>__aeabi_memcpy</name>
         <value>0x20006775</value>
         <object_component_ref idref="oc-3a"/>
      </symbol>
      <symbol id="sm-307">
         <name>__aeabi_memcpy8</name>
         <value>0x20006775</value>
         <object_component_ref idref="oc-3a"/>
      </symbol>
      <symbol id="sm-308">
         <name>__aeabi_memcpy4</name>
         <value>0x20006775</value>
         <object_component_ref idref="oc-3a"/>
      </symbol>
      <symbol id="sm-330">
         <name>__TI_auto_init_nobinit_nopinit</name>
         <value>0x200072e9</value>
         <object_component_ref idref="oc-14d"/>
      </symbol>
      <symbol id="sm-33a">
         <name>_system_pre_init</name>
         <value>0x20007a63</value>
         <object_component_ref idref="oc-8e"/>
      </symbol>
      <symbol id="sm-346">
         <name>C$$EXIT</name>
         <value>0x20007a67</value>
         <object_component_ref idref="oc-141"/>
      </symbol>
      <symbol id="sm-347">
         <name>abort</name>
         <value>0x20007a67</value>
         <object_component_ref idref="oc-141"/>
      </symbol>
      <symbol id="sm-4ac">
         <name>__TI_printfi</name>
         <value>0x20004401</value>
         <object_component_ref idref="oc-322"/>
      </symbol>
      <symbol id="sm-4c3">
         <name>atoi</name>
         <value>0x200071c5</value>
         <object_component_ref idref="oc-3ab"/>
      </symbol>
      <symbol id="sm-4ce">
         <name>_ctypes_</name>
         <value>0x20007a6c</value>
         <object_component_ref idref="oc-414"/>
      </symbol>
      <symbol id="sm-4dd">
         <name>ltoa</name>
         <value>0x2000711d</value>
         <object_component_ref idref="oc-434"/>
      </symbol>
      <symbol id="sm-4ed">
         <name>memccpy</name>
         <value>0x200077e5</value>
         <object_component_ref idref="oc-3d4"/>
      </symbol>
      <symbol id="sm-4fd">
         <name>strchr</name>
         <value>0x2000792b</value>
         <object_component_ref idref="oc-46b"/>
      </symbol>
      <symbol id="sm-513">
         <name>__aeabi_errno_addr</name>
         <value>0x20007a4d</value>
         <object_component_ref idref="oc-3e0"/>
      </symbol>
      <symbol id="sm-514">
         <name>errno</name>
         <value>0x20017d58</value>
         <object_component_ref idref="oc-47b"/>
      </symbol>
      <symbol id="sm-534">
         <name>frexpl</name>
         <value>0x20006fbd</value>
         <object_component_ref idref="oc-45f"/>
      </symbol>
      <symbol id="sm-535">
         <name>frexp</name>
         <value>0x20006fbd</value>
         <object_component_ref idref="oc-45f"/>
      </symbol>
      <symbol id="sm-553">
         <name>scalbn</name>
         <value>0x200064a1</value>
         <object_component_ref idref="oc-465"/>
      </symbol>
      <symbol id="sm-554">
         <name>scalbnl</name>
         <value>0x200064a1</value>
         <object_component_ref idref="oc-465"/>
      </symbol>
      <symbol id="sm-555">
         <name>ldexpl</name>
         <value>0x200064a1</value>
         <object_component_ref idref="oc-465"/>
      </symbol>
      <symbol id="sm-556">
         <name>ldexp</name>
         <value>0x200064a1</value>
         <object_component_ref idref="oc-465"/>
      </symbol>
      <symbol id="sm-56f">
         <name>wcslen</name>
         <value>0x200079e1</value>
         <object_component_ref idref="oc-3da"/>
      </symbol>
      <symbol id="sm-579">
         <name>copysign</name>
         <value>0x20007a55</value>
         <object_component_ref idref="oc-4ac"/>
      </symbol>
      <symbol id="sm-57a">
         <name>copysignl</name>
         <value>0x20007a55</value>
         <object_component_ref idref="oc-4ac"/>
      </symbol>
      <symbol id="sm-587">
         <name>__aeabi_uldivmod</name>
         <value>0x20006811</value>
         <object_component_ref idref="oc-419"/>
      </symbol>
      <symbol id="sm-59e">
         <name>__aeabi_dsub</name>
         <value>0x20005a05</value>
         <object_component_ref idref="oc-43f"/>
      </symbol>
      <symbol id="sm-59f">
         <name>__aeabi_dadd</name>
         <value>0x20005a0f</value>
         <object_component_ref idref="oc-43f"/>
      </symbol>
      <symbol id="sm-5c1">
         <name>__aeabi_cdcmpeq</name>
         <value>0x20006ae9</value>
         <object_component_ref idref="oc-3b7"/>
      </symbol>
      <symbol id="sm-5c2">
         <name>__aeabi_cdcmple</name>
         <value>0x20006ae9</value>
         <object_component_ref idref="oc-3b7"/>
      </symbol>
      <symbol id="sm-5c3">
         <name>__aeabi_cdrcmple</name>
         <value>0x20006b6f</value>
         <object_component_ref idref="oc-42a"/>
      </symbol>
      <symbol id="sm-5d7">
         <name>__aeabi_ddiv</name>
         <value>0x20005e71</value>
         <object_component_ref idref="oc-425"/>
      </symbol>
      <symbol id="sm-5e2">
         <name>__aeabi_dmul</name>
         <value>0x200061dd</value>
         <object_component_ref idref="oc-420"/>
      </symbol>
      <symbol id="sm-5ec">
         <name>__aeabi_d2iz</name>
         <value>0x2000725d</value>
         <object_component_ref idref="oc-42f"/>
      </symbol>
      <symbol id="sm-5f6">
         <name>__aeabi_i2d</name>
         <value>0x2000760d</value>
         <object_component_ref idref="oc-43a"/>
      </symbol>
      <symbol id="sm-600">
         <name>__aeabi_idiv0</name>
         <value>0x20005fa7</value>
         <object_component_ref idref="oc-493"/>
      </symbol>
      <symbol id="sm-601">
         <name>__aeabi_ldiv0</name>
         <value>0x20005fa7</value>
         <object_component_ref idref="oc-493"/>
      </symbol>
      <symbol id="sm-615">
         <name>GPIODirModeSet</name>
         <value>0x20007511</value>
         <object_component_ref idref="oc-22e"/>
      </symbol>
      <symbol id="sm-616">
         <name>GPIOPinWrite</name>
         <value>0x2000774d</value>
         <object_component_ref idref="oc-131"/>
      </symbol>
      <symbol id="sm-68e">
         <name>IntPrioritySet</name>
         <value>0x200070c9</value>
         <object_component_ref idref="oc-1c3"/>
      </symbol>
      <symbol id="sm-68f">
         <name>IntVTableBaseSet</name>
         <value>0x2000796d</value>
         <object_component_ref idref="oc-c2"/>
      </symbol>
      <symbol id="sm-690">
         <name>IntEnable</name>
         <value>0x200066cd</value>
         <object_component_ref idref="oc-ce"/>
      </symbol>
      <symbol id="sm-691">
         <name>IntDisable</name>
         <value>0x20006625</value>
         <object_component_ref idref="oc-2e6"/>
      </symbol>
      <symbol id="sm-692">
         <name>IntRegister</name>
         <value>0x2000776d</value>
         <object_component_ref idref="oc-23b"/>
      </symbol>
      <symbol id="sm-693">
         <name>IntUnregister</name>
         <value>0x200076e1</value>
         <object_component_ref idref="oc-2ec"/>
      </symbol>
      <symbol id="sm-694">
         <name>IntMasterEnable</name>
         <value>0x20007a41</value>
         <object_component_ref idref="oc-c8"/>
      </symbol>
      <symbol id="sm-6cb">
         <name>PinTypeUART</name>
         <value>0x20007855</value>
         <object_component_ref idref="oc-222"/>
      </symbol>
      <symbol id="sm-6cc">
         <name>PinTypeGPIO</name>
         <value>0x2000757b</value>
         <object_component_ref idref="oc-228"/>
      </symbol>
      <symbol id="sm-6cd">
         <name>PinConfigSet</name>
         <value>0x20006a61</value>
         <object_component_ref idref="oc-30f"/>
      </symbol>
      <symbol id="sm-6ce">
         <name>PinModeSet</name>
         <value>0x2000732d</value>
         <object_component_ref idref="oc-309"/>
      </symbol>
      <symbol id="sm-754">
         <name>PRCMPeripheralReset</name>
         <value>0x20007019</value>
         <object_component_ref idref="oc-1a8"/>
      </symbol>
      <symbol id="sm-755">
         <name>PRCMPeripheralClkEnable</name>
         <value>0x200073ed</value>
         <object_component_ref idref="oc-1a2"/>
      </symbol>
      <symbol id="sm-756">
         <name>PRCMPeripheralClockGet</name>
         <value>0x200068a9</value>
         <object_component_ref idref="oc-fe"/>
      </symbol>
      <symbol id="sm-757">
         <name>PRCMCC3200MCUInit</name>
         <value>0x20005bbd</value>
         <object_component_ref idref="oc-d4"/>
      </symbol>
      <symbol id="sm-758">
         <name>PRCMHIBRegWrite</name>
         <value>0x20007915</value>
         <object_component_ref idref="oc-19c"/>
      </symbol>
      <symbol id="sm-759">
         <name>PRCMSysResetCauseGet</name>
         <value>0x2000763d</value>
         <object_component_ref idref="oc-190"/>
      </symbol>
      <symbol id="sm-75a">
         <name>PRCMPeripheralClkDisable</name>
         <value>0x20007669</value>
         <object_component_ref idref="oc-1ae"/>
      </symbol>
      <symbol id="sm-75b">
         <name>PRCMHIBRegRead</name>
         <value>0x200078ff</value>
         <object_component_ref idref="oc-196"/>
      </symbol>
      <symbol id="sm-7e1">
         <name>UARTDMAEnable</name>
         <value>0x2000789f</value>
         <object_component_ref idref="oc-116"/>
      </symbol>
      <symbol id="sm-7e2">
         <name>UARTConfigSetExpClk</name>
         <value>0x20006ce9</value>
         <object_component_ref idref="oc-104"/>
      </symbol>
      <symbol id="sm-7e3">
         <name>UARTDisable</name>
         <value>0x200075ad</value>
         <object_component_ref idref="oc-245"/>
      </symbol>
      <symbol id="sm-7e4">
         <name>UARTIntEnable</name>
         <value>0x200078cf</value>
         <object_component_ref idref="oc-f8"/>
      </symbol>
      <symbol id="sm-7e5">
         <name>UARTCharsAvail</name>
         <value>0x2000786f</value>
         <object_component_ref idref="oc-25e"/>
      </symbol>
      <symbol id="sm-7e6">
         <name>UARTCharGetNonBlocking</name>
         <value>0x200077c9</value>
         <object_component_ref idref="oc-264"/>
      </symbol>
      <symbol id="sm-7e7">
         <name>UARTCharPut</name>
         <value>0x2000778d</value>
         <object_component_ref idref="oc-252"/>
      </symbol>
      <symbol id="sm-7e8">
         <name>UARTEnable</name>
         <value>0x20007705</value>
         <object_component_ref idref="oc-24b"/>
      </symbol>
      <symbol id="sm-7e9">
         <name>UARTIntClear</name>
         <value>0x200079bd</value>
         <object_component_ref idref="oc-e0"/>
      </symbol>
      <symbol id="sm-7ea">
         <name>UARTDMADisable</name>
         <value>0x20007887</value>
         <object_component_ref idref="oc-da"/>
      </symbol>
      <symbol id="sm-7eb">
         <name>UARTFIFOLevelSet</name>
         <value>0x200078b7</value>
         <object_component_ref idref="oc-110"/>
      </symbol>
      <symbol id="sm-7ec">
         <name>UARTIntRegister</name>
         <value>0x200077ab</value>
         <object_component_ref idref="oc-f2"/>
      </symbol>
      <symbol id="sm-899">
         <name>uDMAChannelControlSet</name>
         <value>0x20007465</value>
         <object_component_ref idref="oc-1ff"/>
      </symbol>
      <symbol id="sm-89a">
         <name>uDMAIntClear</name>
         <value>0x200079a9</value>
         <object_component_ref idref="oc-1bd"/>
      </symbol>
      <symbol id="sm-89b">
         <name>uDMAChannelDisable</name>
         <value>0x20007801</value>
         <object_component_ref idref="oc-1ed"/>
      </symbol>
      <symbol id="sm-89c">
         <name>uDMAIntUnregister</name>
         <value>0x200079cf</value>
         <object_component_ref idref="oc-1f3"/>
      </symbol>
      <symbol id="sm-89d">
         <name>uDMAChannelAttributeEnable</name>
         <value>0x20006e99</value>
         <object_component_ref idref="oc-205"/>
      </symbol>
      <symbol id="sm-89e">
         <name>uDMADisable</name>
         <value>0x20007a1d</value>
         <object_component_ref idref="oc-1f9"/>
      </symbol>
      <symbol id="sm-89f">
         <name>uDMAChannelTransferSet</name>
         <value>0x200062d9</value>
         <object_component_ref idref="oc-20b"/>
      </symbol>
      <symbol id="sm-8a0">
         <name>uDMAIntStatus</name>
         <value>0x20007a35</value>
         <object_component_ref idref="oc-1b7"/>
      </symbol>
      <symbol id="sm-8a1">
         <name>uDMAChannelAssign</name>
         <value>0x20007211</value>
         <object_component_ref idref="oc-1db"/>
      </symbol>
      <symbol id="sm-8a2">
         <name>uDMAIntRegister</name>
         <value>0x20007941</value>
         <object_component_ref idref="oc-1c9"/>
      </symbol>
      <symbol id="sm-8a3">
         <name>uDMAEnable</name>
         <value>0x20007a29</value>
         <object_component_ref idref="oc-1cf"/>
      </symbol>
      <symbol id="sm-8a4">
         <name>uDMAControlBaseSet</name>
         <value>0x20007995</value>
         <object_component_ref idref="oc-1d5"/>
      </symbol>
      <symbol id="sm-8a5">
         <name>uDMAChannelAttributeDisable</name>
         <value>0x20006e35</value>
         <object_component_ref idref="oc-1e1"/>
      </symbol>
      <symbol id="sm-8a6">
         <name>uDMAChannelEnable</name>
         <value>0x2000781d</value>
         <object_component_ref idref="oc-211"/>
      </symbol>
      <symbol id="sm-8a7">
         <name>uDMAChannelRequest</name>
         <value>0x20007839</value>
         <object_component_ref idref="oc-1e7"/>
      </symbol>
      <symbol id="sm-8ab">
         <name>UtilsDelay</name>
         <value>0x20007a5d</value>
         <object_component_ref idref="oc-130"/>
      </symbol>
      <symbol id="sm-8b5">
         <name>CPUcpsie</name>
         <value>0x20007957</value>
         <object_component_ref idref="oc-180"/>
      </symbol>
      <symbol id="sm-8b7">
         <name>__TI_static_base__</name>
         <value>0x20007e80</value>
      </symbol>
      <symbol id="sm-8ba">
         <name>__mpu_init</name>
         <value>0x0</value>
      </symbol>
      <symbol id="sm-8bb">
         <name>_system_post_cinit</name>
         <value>0x0</value>
      </symbol>
   </symbol_table>
   <title>Link successful</title>
</link_info>
