******************************************************************************
                  TI ARM Linker PC v18.1.3                     
******************************************************************************
>> Linked Sat Nov  3 11:58:23 2018

OUTPUT FILE NAME:   <milestone_2.out>
ENTRY POINT SYMBOL: "_c_int00_noargs"  address: 20009b71


MEMORY CONFIGURATION

         name            origin    length      used     unused   attr    fill
----------------------  --------  ---------  --------  --------  ----  --------
  SRAM_CODE             20004000   00013000  000063da  0000cc26  RW X
  SRAM_DATA             20017000   00019000  000024a2  00016b5e  RW X


SEGMENT ALLOCATION MAP

run origin  load origin   length   init length attrs members
----------  ----------- ---------- ----------- ----- -------
20004000    20004000    000063e0   000063e0    r-x
  20004000    20004000    00000400   00000400    r-- .intvecs
  20004400    20004400    00005ab6   00005ab6    r-x .text
  20009eb8    20009eb8    00000484   00000484    r-- .const
  2000a340    2000a340    000000a0   000000a0    r-- .cinit
20017000    20017000    00001ca8   00000000    rw-
  20017000    20017000    000012b2   00000000    rw- .bss
  200182b8    200182b8    00000800   00000000    rw- .sysmem
  20018ab8    20018ab8    000001f0   00000000    rw- .data
2002f800    2002f800    00000800   00000000    rw-
  2002f800    2002f800    00000800   00000000    rw- .stack


SECTION ALLOCATION MAP

 output                                  attributes/
section   page    origin      length       input sections
--------  ----  ----------  ----------   ----------------
.intvecs   0    20004000    00000400     
                  20004000    00000400     startup_ccs.obj (.intvecs)

.init_array 
*          0    20004000    00000000     UNINITIALIZED

.text      0    20004400    00005ab6     
                  20004400    00000a4a     rtsv7M4_T_le_eabi.lib : _printfi.c.obj (.text:__TI_printfi)
                  20004e4a    00000002                           : _lock.c.obj (.text:_nop)
                  20004e4c    00000798     main.obj (.text)
                  200055e4    00000704     rtsv7M4_T_le_eabi.lib : k_rem_pio2.c.obj (.text:__kernel_rem_pio2)
                  20005ce8    000005c0                           : s_cos.c.obj (.text:cos)
                  200062a8    000005c0                           : s_sin.c.obj (.text:sin)
                  20006868    00000280     uart_if.obj (.text)
                  20006ae8    00000268     rtsv7M4_T_le_eabi.lib : _printfi.c.obj (.text:_pconv_a)
                  20006d50    000001cc                           : _printfi.c.obj (.text:_pconv_g)
                  20006f1c    000001b6                           : fd_add_t2.asm.obj (.text)
                  200070d2    00000002                           : div0.asm.obj (.text)
                  200070d4    00000178     driverlib.a : prcm.obj (.text:PRCMCC3200MCUInit)
                  2000724c    00000168     rtsv7M4_T_le_eabi.lib : k_sin.c.obj (.text:__kernel_sin)
                  200073b4    00000160                           : k_cos.c.obj (.text:__kernel_cos)
                  20007514    0000013c                           : _printfi.c.obj (.text:_pconv_e)
                  20007650    00000136                           : fd_div_t2.asm.obj (.text)
                  20007786    00000002     --HOLE-- [fill = 0]
                  20007788    00000120                           : _printfi.c.obj (.text:fcvt)
                  200078a8    00000114                           : fputs.c.obj (.text:fputs)
                  200079bc    00000114                           : memory.c.obj (.text:realloc)
                  20007ad0    000000fc                           : fd_mul_t2.asm.obj (.text)
                  20007bcc    000000fa                           : fs_add_t2.asm.obj (.text)
                  20007cc6    00000002     --HOLE-- [fill = 0]
                  20007cc8    000000f4                           : s_floor.c.obj (.text:floor)
                  20007dbc    000000e4     pinmux.obj (.text)
                  20007ea0    000000dc     rtsv7M4_T_le_eabi.lib : setvbuf.c.obj (.text:setvbuf)
                  20007f7c    000000d8                           : memory.c.obj (.text:free)
                  20008054    000000d0     driverlib.a : spi.obj (.text:SPITransfer32)
                  20008124    000000d0     rtsv7M4_T_le_eabi.lib : s_scalbn.c.obj (.text:scalbn)
                  200081f4    000000ce     driverlib.a : spi.obj (.text:SPITransfer16)
                  200082c2    000000b8                 : spi.obj (.text:SPITransfer8)
                  2000837a    00000002     --HOLE-- [fill = 0]
                  2000837c    000000b1     rtsv7M4_T_le_eabi.lib : _printfi.c.obj (.text:_ltostr)
                  2000842d    00000003     --HOLE-- [fill = 0]
                  20008430    000000a8     driverlib.a : interrupt.obj (.text:IntEnable)
                  200084d8    000000a0                 : spi.obj (.text:SPIConfigSetExpClk)
                  20008578    0000009c     rtsv7M4_T_le_eabi.lib : memcpy_t2.asm.obj (.text)
                  20008614    00000096                           : ull_div_t2.asm.obj (.text)
                  200086aa    00000002     --HOLE-- [fill = 0]
                  200086ac    00000094     driverlib.a : prcm.obj (.text:PRCMPeripheralClockGet)
                  20008740    00000092     rtsv7M4_T_le_eabi.lib : fs_div_t2.asm.obj (.text)
                  200087d2    00000002     --HOLE-- [fill = 0]
                  200087d4    0000008c                           : fputc.c.obj (.text:fputc)
                  20008860    00000088     driverlib.a : pin.obj (.text:PinConfigSet)
                  200088e8    00000088                 : spi.obj (.text:SPITransfer)
                  20008970    00000086     rtsv7M4_T_le_eabi.lib : fd_cmp_t2.asm.obj (.text:__aeabi_cdcmple)
                  200089f6    00000086                           : fd_cmp_t2.asm.obj (.text:__aeabi_cdrcmple)
                  20008a7c    0000007c                           : fflush.c.obj (.text:fflush)
                  20008af8    0000007a                           : fs_mul_t2.asm.obj (.text)
                  20008b72    0000007a                           : memset_t2.asm.obj (.text)
                  20008bec    00000078                           : memory.c.obj (.text:malloc)
                  20008c64    00000076     driverlib.a : uart.obj (.text:UARTConfigSetExpClk)
                  20008cda    00000002     --HOLE-- [fill = 0]
                  20008cdc    00000074     rtsv7M4_T_le_eabi.lib : fclose.c.obj (.text:__TI_closefile)
                  20008d50    0000006e                           : _printfi.c.obj (.text:_mcpy)
                  20008dbe    0000006e                           : fd_tos_t2.asm.obj (.text)
                  20008e2c    00000068                           : hostlseek.c.obj (.text:HOSTlseek)
                  20008e94    00000068                           : hostrename.c.obj (.text:HOSTrename)
                  20008efc    00000068                           : copy_decompress_lzss.c.obj (.text:decompress:lzss:__TI_decompress_lzss)
                  20008f64    00000068                           : printf.c.obj (.text:printf)
                  20008fcc    00000064                           : fseek.c.obj (.text:fseek)
                  20009030    00000062                           : _io_perm.c.obj (.text:__TI_wrt_ok)
                  20009092    00000002     --HOLE-- [fill = 0]
                  20009094    00000060                           : hostopen.c.obj (.text:HOSTopen)
                  200090f4    00000060                           : fs_cmp_t2.asm.obj (.text:__aeabi_cfcmple)
                  20009154    00000060                           : fs_cmp_t2.asm.obj (.text:__aeabi_cfrcmple)
                  200091b4    0000005c                           : close.c.obj (.text:close)
                  20009210    0000005c                           : s_frexp.c.obj (.text:frexp)
                  2000926c    00000058                           : hostread.c.obj (.text:HOSTread)
                  200092c4    00000058                           : hostwrite.c.obj (.text:HOSTwrite)
                  2000931c    00000058     driverlib.a : prcm.obj (.text:PRCMPeripheralReset)
                  20009374    00000056     rtsv7M4_T_le_eabi.lib : _printfi.c.obj (.text:_pconv_f)
                  200093ca    00000054                           : ltoa.c.obj (.text:ltoa)
                  2000941e    00000052                           : _printfi.c.obj (.text:_ecpy)
                  20009470    0000004c                           : fflush.c.obj (.text:__TI_doflush)
                  200094bc    0000004c                           : atoi.c.obj (.text:atoi)
                  20009508    00000048                           : exit.c.obj (.text:exit)
                  20009550    00000048                           : fd_toi_t2.asm.obj (.text)
                  20009598    00000044                           : hostclose.c.obj (.text:HOSTclose)
                  200095dc    00000044                           : hostunlink.c.obj (.text:HOSTunlink)
                  20009620    00000044                           : autoinit.c.obj (.text:__TI_auto_init_nobinit_nopinit:__TI_auto_init_nobinit_nopinit)
                  20009664    00000044                           : getdevice.c.obj (.text:getdevice)
                  200096a8    00000040     driverlib.a : pin.obj (.text:PinModeSet)
                  200096e8    00000040     rtsv7M4_T_le_eabi.lib : vsnprintf.c.obj (.text:vsnprintf)
                  20009728    0000003e                           : _printfi.c.obj (.text:_fcpy)
                  20009766    00000002     --HOLE-- [fill = 0]
                  20009768    0000003c     driverlib.a : prcm.obj (.text:PRCMPeripheralClkEnable)
                  200097a4    0000003c     rtsv7M4_T_le_eabi.lib : memory.c.obj (.text:minsert)
                  200097e0    00000038                           : trgmsg.c.obj (.text:__TI_writemsg)
                  20009818    00000038                           : memory.c.obj (.text:minit)
                  20009850    00000038                           : fs_tod_t2.asm.obj (.text)
                  20009888    00000038                           : fs_toi_t2.asm.obj (.text)
                  200098c0    00000038                           : i_tofs_t2.asm.obj (.text)
                  200098f8    00000036     driverlib.a : gpio.obj (.text:GPIODirModeSet)
                  2000992e    00000036     rtsv7M4_T_le_eabi.lib : strncpy.c.obj (.text:strncpy)
                  20009964    00000034                           : fopen.c.obj (.text:__TI_cleanup)
                  20009998    00000034                           : trgmsg.c.obj (.text:__TI_readmsg)
                  200099cc    00000034                           : fs_tou_t2.asm.obj (.text)
                  20009a00    00000030     driverlib.a : pin.obj (.text:PinTypeGPIO)
                  20009a30    00000030                 : uart.obj (.text:UARTDisable)
                  20009a60    00000030     rtsv7M4_T_le_eabi.lib : vsnprintf.c.obj (.text:_outs)
                  20009a90    00000030                           : getdevice.c.obj (.text:finddevice)
                  20009ac0    0000002e                           : i_tofd_t2.asm.obj (.text)
                  20009aee    00000002     --HOLE-- [fill = 0]
                  20009af0    0000002c     driverlib.a : prcm.obj (.text:PRCMSysResetCauseGet)
                  20009b1c    0000002c     rtsv7M4_T_le_eabi.lib : unlink.c.obj (.text:unlink)
                  20009b48    00000028     driverlib.a : prcm.obj (.text:PRCMPeripheralClkDisable)
                  20009b70    00000028     rtsv7M4_T_le_eabi.lib : boot_cortex_m.c.obj (.text:_c_int00_noargs:_c_int00_noargs)
                  20009b98    00000028                           : lseek.c.obj (.text:lseek)
                  20009bc0    00000028                           : memory.c.obj (.text:mremove)
                  20009be8    00000028                           : write.c.obj (.text:write)
                  20009c10    00000024     driverlib.a : uart.obj (.text:UARTEnable)
                  20009c34    00000024     rtsv7M4_T_le_eabi.lib : memmov.c.obj (.text:memmove)
                  20009c58    00000022     driverlib.a : spi.obj (.text:SPIReset)
                  20009c7a    00000020                 : gpio.obj (.text:GPIOPinWrite)
                  20009c9a    00000020     rtsv7M4_T_le_eabi.lib : memchr.c.obj (.text:memchr)
                  20009cba    0000001e     driverlib.a : uart.obj (.text:UARTCharPut)
                  20009cd8    0000001c                 : uart.obj (.text:UARTCharGetNonBlocking)
                  20009cf4    0000001c     rtsv7M4_T_le_eabi.lib : memccpy.c.obj (.text:memccpy)
                  20009d10    0000001a     driverlib.a : pin.obj (.text:PinTypeSPI)
                  20009d2a    0000001a                 : pin.obj (.text:PinTypeUART)
                  20009d44    00000018                 : spi.obj (.text:SPIEnable)
                  20009d5c    00000018                 : uart.obj (.text:UARTCharsAvail)
                  20009d74    00000018     rtsv7M4_T_le_eabi.lib : vsnprintf.c.obj (.text:_outc)
                  20009d8c    00000018                           : strcmp.c.obj (.text:strcmp)
                  20009da4    00000016     driverlib.a : prcm.obj (.text:PRCMHIBRegRead)
                  20009dba    00000016                 : prcm.obj (.text:PRCMHIBRegWrite)
                  20009dd0    00000016                 : uart.obj (.text:UARTCharGet)
                  20009de6    00000016     rtsv7M4_T_le_eabi.lib : strchr.c.obj (.text:strchr)
                  20009dfc    00000014     driverlib.a : cpu.obj (.text:CPUcpsie)
                  20009e10    00000014                 : interrupt.obj (.text:IntVTableBaseSet)
                  20009e24    00000014     rtsv7M4_T_le_eabi.lib : strcpy.c.obj (.text:strcpy)
                  20009e38    00000014                           : strlen.c.obj (.text:strlen)
                  20009e4c    00000012                           : wcslen.c.obj (.text:wcslen)
                  20009e5e    0000000e                           : copy_decompress_none.c.obj (.text:decompress:none:__TI_decompress_none)
                  20009e6c    0000000e     startup_ccs.obj (.text)
                  20009e7a    0000000c     rtsv7M4_T_le_eabi.lib : copy_zero_init.c.obj (.text:decompress:ZI:__TI_zero_init)
                  20009e86    0000000a     driverlib.a : interrupt.obj (.text:IntMasterEnable)
                  20009e90    00000008     rtsv7M4_T_le_eabi.lib : errno.c.obj (.text:__aeabi_errno_addr)
                  20009e98    00000008                           : s_copysign.c.obj (.text:copysign)
                  20009ea0    00000006     driverlib.a : utils.obj (.text:UtilsDelay)
                  20009ea6    00000004     rtsv7M4_T_le_eabi.lib : printf.c.obj (.text:_outc)
                  20009eaa    00000004                           : printf.c.obj (.text:_outs)
                  20009eae    00000004                           : pre_init.c.obj (.text:_system_pre_init)
                  20009eb2    00000004                           : exit.c.obj (.text:abort:abort)

.const     0    20009eb8    00000484     
                  20009eb8    00000158     rtsv7M4_T_le_eabi.lib : k_rem_pio2.c.obj (.const:$O1$$)
                  2000a010    00000101                           : ctype.c.obj (.const:.string:_ctypes_)
                  2000a111    00000003     --HOLE-- [fill = 0]
                  2000a114    00000100     driverlib.a : pin.obj (.const:g_ulPinToPadMap)
                  2000a214    000000a8                 : prcm.obj (.const:PRCM_PeriphRegsList)
                  2000a2bc    00000080                 : interrupt.obj (.const)

.cinit     0    2000a340    000000a0     
                  2000a340    00000075     (.cinit..data.load) [load image, compression = lzss]
                  2000a3b5    00000003     --HOLE-- [fill = 0]
                  2000a3b8    0000000c     (__TI_handler_table)
                  2000a3c4    00000004     --HOLE-- [fill = 0]
                  2000a3c8    00000008     (.cinit..bss.load) [load image, compression = zero_init]
                  2000a3d0    00000010     (__TI_cinit_table)

.bss       0    20017000    000012b2     UNINITIALIZED
                  20017000    00001000     (.common:buffer)
                  20018000    00000120     rtsv7M4_T_le_eabi.lib : trgmsg.c.obj (.bss:_CIOBUF_)
                  20018120    000000a0     (.common:__TI_tmpnams)
                  200181c0    00000064     main.obj (.bss:g_ucRxBuff)
                  20018224    00000064     main.obj (.bss:g_ucTxBuff)
                  20018288    00000008     (.common:parmbuf)
                  20018290    00000004     uart_if.obj (.bss)
                  20018294    00000004     (.common:Volt)
                  20018298    00000004     (.common:adc_opt)
                  2001829c    00000004     (.common:count)
                  200182a0    00000004     (.common:f)
                  200182a4    00000004     (.common:frequency)
                  200182a8    00000004     (.common:i)
                  200182ac    00000004     (.common:token)
                  200182b0    00000002     main.obj (.bss)

.sysmem    0    200182b8    00000800     UNINITIALIZED
                  200182b8    00000008     rtsv7M4_T_le_eabi.lib : memory.c.obj (.sysmem)
                  200182c0    000007f8     --HOLE--

.data      0    20018ab8    000001f0     UNINITIALIZED
                  20018ab8    000000f0     rtsv7M4_T_le_eabi.lib : defs.c.obj (.data:_ftable)
                  20018ba8    00000078                           : write.c.obj (.data:_device)
                  20018c20    00000050                           : write.c.obj (.data:_stream)
                  20018c70    00000010                           : defs.c.obj (.data)
                  20018c80    0000000c                           : exit.c.obj (.data:$O1$$)
                  20018c8c    0000000c                           : memory.c.obj (.data:$O1$$)
                  20018c98    00000008                           : _lock.c.obj (.data:$O1$$)
                  20018ca0    00000004     main.obj (.data)
                  20018ca4    00000004     rtsv7M4_T_le_eabi.lib : errno.c.obj (.data)

.stack     0    2002f800    00000800     UNINITIALIZED
                  2002f800    00000004     rtsv7M4_T_le_eabi.lib : boot_cortex_m.c.obj (.stack)
                  2002f804    000007fc     --HOLE--

MODULE SUMMARY

       Module                       code    ro data   rw data
       ------                       ----    -------   -------
    .\
       main.obj                     1944    0         4330   
       startup_ccs.obj              14      1024      0      
       uart_if.obj                  640     0         4      
       pinmux.obj                   228     0         0      
    +--+----------------------------+-------+---------+---------+
       Total:                       2826    1024      4334   
                                                             
    C:/ti/CC3200SDK_1.3.0/cc3200-sdk/driverlib/ccs/Release/driverlib.a
       prcm.obj                     800     168       0      
       spi.obj                      952     0         0      
       pin.obj                      300     256       0      
       interrupt.obj                198     128       0      
       uart.obj                     306     0         0      
       gpio.obj                     86      0         0      
       cpu.obj                      20      0         0      
       utils.obj                    6       0         0      
    +--+----------------------------+-------+---------+---------+
       Total:                       2668    552       0      
                                                             
    C:\ti\ccsv8\tools\compiler\ti-cgt-arm_18.1.3.LTS\lib\rtsv7M4_T_le_eabi.lib
       _printfi.c.obj               4831    0         0      
       k_rem_pio2.c.obj             1796    344       0      
       s_cos.c.obj                  1472    0         0      
       s_sin.c.obj                  1472    0         0      
       memory.c.obj                 768     0         12     
       fd_add_t2.asm.obj            438     0         0      
       defs.c.obj                   0       0         416    
       trgmsg.c.obj                 108     0         288    
       k_sin.c.obj                  360     0         0      
       k_cos.c.obj                  352     0         0      
       fd_div_t2.asm.obj            310     0         0      
       fputs.c.obj                  276     0         0      
       fd_cmp_t2.asm.obj            268     0         0      
       ctype.c.obj                  0       257       0      
       fd_mul_t2.asm.obj            252     0         0      
       fs_add_t2.asm.obj            250     0         0      
       s_floor.c.obj                244     0         0      
       write.c.obj                  40      0         200    
       setvbuf.c.obj                220     0         0      
       s_scalbn.c.obj               208     0         0      
       fflush.c.obj                 200     0         0      
       fs_cmp_t2.asm.obj            192     0         0      
       memcpy_t2.asm.obj            156     0         0      
       ull_div_t2.asm.obj           150     0         0      
       fs_div_t2.asm.obj            146     0         0      
       fputc.c.obj                  140     0         0      
       vsnprintf.c.obj              136     0         0      
       fs_mul_t2.asm.obj            122     0         0      
       memset_t2.asm.obj            122     0         0      
       fclose.c.obj                 116     0         0      
       getdevice.c.obj              116     0         0      
       printf.c.obj                 112     0         0      
       fd_tos_t2.asm.obj            110     0         0      
       copy_decompress_lzss.c.obj   104     0         0      
       hostlseek.c.obj              104     0         0      
       hostopen.c.obj               96      0         8      
       hostrename.c.obj             104     0         0      
       fseek.c.obj                  100     0         0      
       _io_perm.c.obj               98      0         0      
       close.c.obj                  92      0         0      
       s_frexp.c.obj                92      0         0      
       exit.c.obj                   76      0         12     
       hostread.c.obj               88      0         0      
       hostwrite.c.obj              88      0         0      
       ltoa.c.obj                   84      0         0      
       atoi.c.obj                   76      0         0      
       fd_toi_t2.asm.obj            72      0         0      
       autoinit.c.obj               68      0         0      
       hostclose.c.obj              68      0         0      
       hostunlink.c.obj             68      0         0      
       fs_tod_t2.asm.obj            56      0         0      
       fs_toi_t2.asm.obj            56      0         0      
       i_tofs_t2.asm.obj            56      0         0      
       strncpy.c.obj                54      0         0      
       fopen.c.obj                  52      0         0      
       fs_tou_t2.asm.obj            52      0         0      
       i_tofd_t2.asm.obj            46      0         0      
       unlink.c.obj                 44      0         0      
       boot_cortex_m.c.obj          40      0         0      
       lseek.c.obj                  40      0         0      
       memmov.c.obj                 36      0         0      
       memchr.c.obj                 32      0         0      
       memccpy.c.obj                28      0         0      
       strcmp.c.obj                 24      0         0      
       strchr.c.obj                 22      0         0      
       strcpy.c.obj                 20      0         0      
       strlen.c.obj                 20      0         0      
       wcslen.c.obj                 18      0         0      
       copy_decompress_none.c.obj   14      0         0      
       copy_zero_init.c.obj         12      0         0      
       errno.c.obj                  8       0         4      
       _lock.c.obj                  2       0         8      
       s_copysign.c.obj             8       0         0      
       pre_init.c.obj               4       0         0      
       div0.asm.obj                 2       0         0      
    +--+----------------------------+-------+---------+---------+
       Total:                       17707   601       948    
                                                             
       Heap:                        0       0         2048   
       Stack:                       0       0         2048   
       Linker Generated:            0       153       0      
    +--+----------------------------+-------+---------+---------+
       Grand Total:                 23201   2330      9378   


LINKER GENERATED COPY TABLES

__TI_cinit_table @ 2000a3d0 records: 2, size/record: 8, table size: 16
	.data: load addr=2000a340, load size=00000075 bytes, run addr=20018ab8, run size=000001f0 bytes, compression=lzss
	.bss: load addr=2000a3c8, load size=00000008 bytes, run addr=20017000, run size=000012b2 bytes, compression=zero_init


LINKER GENERATED HANDLER TABLE

__TI_handler_table @ 2000a3b8 records: 3, size/record: 4, table size: 12
	index: 0, handler: __TI_decompress_lzss
	index: 1, handler: __TI_decompress_none
	index: 2, handler: __TI_zero_init


GLOBAL SYMBOLS: SORTED ALPHABETICALLY BY Name 

address   name                           
-------   ----                           
20009eb3  C$$EXIT                        
2000980f  C$$IO$$                        
20009dfd  CPUcpsie                       
200068a9  ClearTerm                      
200068b3  Error                          
200098f9  GPIODirModeSet                 
20009c7b  GPIOPinWrite                   
200068eb  GetCmd                         
20009599  HOSTclose                      
20008e2d  HOSTlseek                      
20009095  HOSTopen                       
2000926d  HOSTread                       
20008e95  HOSTrename                     
200095dd  HOSTunlink                     
200092c5  HOSTwrite                      
20006869  InitTerm                       
20008431  IntEnable                      
20009e87  IntMasterEnable                
20009e11  IntVTableBaseSet               
20005039  MasterMain                     
20006887  Message                        
200070d5  PRCMCC3200MCUInit              
20009da5  PRCMHIBRegRead                 
20009dbb  PRCMHIBRegWrite                
20009b49  PRCMPeripheralClkDisable       
20009769  PRCMPeripheralClkEnable        
200086ad  PRCMPeripheralClockGet         
2000931d  PRCMPeripheralReset            
20009af1  PRCMSysResetCauseGet           
20008861  PinConfigSet                   
200096a9  PinModeSet                     
20007dbd  PinMuxConfig                   
20009a01  PinTypeGPIO                    
20009d11  PinTypeSPI                     
20009d2b  PinTypeUART                    
20006a29  Report                         
20009e6d  ResetISR                       
200084d9  SPIConfigSetExpClk             
20009d45  SPIEnable                      
20009c59  SPIReset                       
200088e9  SPITransfer                    
20006991  TrimSpace                      
20009dd1  UARTCharGet                    
20009cd9  UARTCharGetNonBlocking         
20009cbb  UARTCharPut                    
20009d5d  UARTCharsAvail                 
20008c65  UARTConfigSetExpClk            
20009a31  UARTDisable                    
20009c11  UARTEnable                     
20009ea1  UtilsDelay                     
20018294  Volt                           
20018000  __CIOBUF_                      
20030000  __STACK_END                    
00000800  __STACK_SIZE                   
00000800  __SYSMEM_SIZE                  
2000a3d0  __TI_CINIT_Base                
2000a3e0  __TI_CINIT_Limit               
2000a3b8  __TI_Handler_Table_Base        
2000a3c4  __TI_Handler_Table_Limit       
20009621  __TI_auto_init_nobinit_nopinit 
20009965  __TI_cleanup                   
20018c80  __TI_cleanup_ptr               
20008cdd  __TI_closefile                 
20008efd  __TI_decompress_lzss           
20009e5f  __TI_decompress_none           
20009471  __TI_doflush                   
20018c84  __TI_dtors_ptr                 
20018c88  __TI_enable_exit_profile_output
20018c70  __TI_ft_end                    
ffffffff  __TI_pprof_out_hndl            
20004401  __TI_printfi                   
ffffffff  __TI_prof_data_size            
ffffffff  __TI_prof_data_start           
20009999  __TI_readmsg                   
2000a340  __TI_static_base__             
20018120  __TI_tmpnams                   
200097e1  __TI_writemsg                  
20009031  __TI_wrt_ok                    
20009e7b  __TI_zero_init                 
20008971  __aeabi_cdcmpeq                
20008971  __aeabi_cdcmple                
200089f7  __aeabi_cdrcmple               
200090f5  __aeabi_cfcmpeq                
200090f5  __aeabi_cfcmple                
20009155  __aeabi_cfrcmple               
20008dbf  __aeabi_d2f                    
20009551  __aeabi_d2iz                   
20006f27  __aeabi_dadd                   
20007651  __aeabi_ddiv                   
20007ad1  __aeabi_dmul                   
20006f1d  __aeabi_dsub                   
20009e91  __aeabi_errno_addr             
20009851  __aeabi_f2d                    
20009889  __aeabi_f2iz                   
200099cd  __aeabi_f2uiz                  
20007bd1  __aeabi_fadd                   
20008741  __aeabi_fdiv                   
20008af9  __aeabi_fmul                   
20007bcd  __aeabi_fsub                   
20009ac1  __aeabi_i2d                    
200098c1  __aeabi_i2f                    
200070d3  __aeabi_idiv0                  
200070d3  __aeabi_ldiv0                  
20008b73  __aeabi_memclr                 
20008b73  __aeabi_memclr4                
20008b73  __aeabi_memclr8                
20008579  __aeabi_memcpy                 
20008579  __aeabi_memcpy4                
20008579  __aeabi_memcpy8                
20008b75  __aeabi_memset                 
20008b75  __aeabi_memset4                
20008b75  __aeabi_memset8                
20018c7c  __aeabi_stderr                 
20018c74  __aeabi_stdin                  
20018c78  __aeabi_stdout                 
20008615  __aeabi_uldivmod               
ffffffff  __binit__                      
ffffffff  __c_args__                     
200073b5  __kernel_cos                   
200055e5  __kernel_rem_pio2              
2000724d  __kernel_sin                   
UNDEFED   __mpu_init                     
2002f800  __stack                        
20009b71  _c_int00_noargs                
2000a010  _ctypes_                       
20018ba8  _device                        
20018ab8  _ftable                        
20018c98  _lock                          
20004e4b  _nop                           
20018c20  _stream                        
200182b8  _sys_memory                    
UNDEFED   _system_post_cinit             
20009eaf  _system_pre_init               
20018c9c  _unlock                        
20009eb3  abort                          
20018298  adc_opt                        
200094bd  atoi                           
ffffffff  binit                          
20017000  buffer                         
200091b5  close                          
20009e99  copysign                       
20009e99  copysignl                      
20005ce9  cos                            
20005ce9  cosl                           
2001829c  count                          
20018ca4  errno                          
20009509  exit                           
200182a0  f                              
20008a7d  fflush                         
20004e4d  fft                            
20009a91  finddevice                     
20007cc9  floor                          
20007cc9  floorl                         
200087d5  fputc                          
200078a9  fputs                          
20007f7d  free                           
200182a4  frequency                      
20009211  frexp                          
20009211  frexpl                         
20008fcd  fseek                          
20004000  g_pfnVectors                   
20009665  getdevice                      
200182a8  i                              
20008125  ldexp                          
20008125  ldexpl                         
20009b99  lseek                          
200093cb  ltoa                           
20005569  main                           
20008bed  malloc                         
20009cf5  memccpy                        
20009c9b  memchr                         
20008579  memcpy                         
20009c35  memmove                        
20008b7b  memset                         
20009819  minit                          
20018288  parmbuf                        
20008f65  printf                         
200087d5  putc                           
200079bd  realloc                        
20009b1d  remove                         
20018ca0  sampling_rate                  
20008125  scalbn                         
20008125  scalbnl                        
20007ea1  setvbuf                        
200062a9  sin                            
200062a9  sinl                           
20009de7  strchr                         
20009d8d  strcmp                         
20009e25  strcpy                         
20009e39  strlen                         
2000992f  strncpy                        
200182ac  token                          
20009b1d  unlink                         
200096e9  vsnprintf                      
20009e4d  wcslen                         
20009be9  write                          


GLOBAL SYMBOLS: SORTED BY Symbol Address 

address   name                           
-------   ----                           
00000800  __STACK_SIZE                   
00000800  __SYSMEM_SIZE                  
20004000  g_pfnVectors                   
20004401  __TI_printfi                   
20004e4b  _nop                           
20004e4d  fft                            
20005039  MasterMain                     
20005569  main                           
200055e5  __kernel_rem_pio2              
20005ce9  cos                            
20005ce9  cosl                           
200062a9  sin                            
200062a9  sinl                           
20006869  InitTerm                       
20006887  Message                        
200068a9  ClearTerm                      
200068b3  Error                          
200068eb  GetCmd                         
20006991  TrimSpace                      
20006a29  Report                         
20006f1d  __aeabi_dsub                   
20006f27  __aeabi_dadd                   
200070d3  __aeabi_idiv0                  
200070d3  __aeabi_ldiv0                  
200070d5  PRCMCC3200MCUInit              
2000724d  __kernel_sin                   
200073b5  __kernel_cos                   
20007651  __aeabi_ddiv                   
200078a9  fputs                          
200079bd  realloc                        
20007ad1  __aeabi_dmul                   
20007bcd  __aeabi_fsub                   
20007bd1  __aeabi_fadd                   
20007cc9  floor                          
20007cc9  floorl                         
20007dbd  PinMuxConfig                   
20007ea1  setvbuf                        
20007f7d  free                           
20008125  ldexp                          
20008125  ldexpl                         
20008125  scalbn                         
20008125  scalbnl                        
20008431  IntEnable                      
200084d9  SPIConfigSetExpClk             
20008579  __aeabi_memcpy                 
20008579  __aeabi_memcpy4                
20008579  __aeabi_memcpy8                
20008579  memcpy                         
20008615  __aeabi_uldivmod               
200086ad  PRCMPeripheralClockGet         
20008741  __aeabi_fdiv                   
200087d5  fputc                          
200087d5  putc                           
20008861  PinConfigSet                   
200088e9  SPITransfer                    
20008971  __aeabi_cdcmpeq                
20008971  __aeabi_cdcmple                
200089f7  __aeabi_cdrcmple               
20008a7d  fflush                         
20008af9  __aeabi_fmul                   
20008b73  __aeabi_memclr                 
20008b73  __aeabi_memclr4                
20008b73  __aeabi_memclr8                
20008b75  __aeabi_memset                 
20008b75  __aeabi_memset4                
20008b75  __aeabi_memset8                
20008b7b  memset                         
20008bed  malloc                         
20008c65  UARTConfigSetExpClk            
20008cdd  __TI_closefile                 
20008dbf  __aeabi_d2f                    
20008e2d  HOSTlseek                      
20008e95  HOSTrename                     
20008efd  __TI_decompress_lzss           
20008f65  printf                         
20008fcd  fseek                          
20009031  __TI_wrt_ok                    
20009095  HOSTopen                       
200090f5  __aeabi_cfcmpeq                
200090f5  __aeabi_cfcmple                
20009155  __aeabi_cfrcmple               
200091b5  close                          
20009211  frexp                          
20009211  frexpl                         
2000926d  HOSTread                       
200092c5  HOSTwrite                      
2000931d  PRCMPeripheralReset            
200093cb  ltoa                           
20009471  __TI_doflush                   
200094bd  atoi                           
20009509  exit                           
20009551  __aeabi_d2iz                   
20009599  HOSTclose                      
200095dd  HOSTunlink                     
20009621  __TI_auto_init_nobinit_nopinit 
20009665  getdevice                      
200096a9  PinModeSet                     
200096e9  vsnprintf                      
20009769  PRCMPeripheralClkEnable        
200097e1  __TI_writemsg                  
2000980f  C$$IO$$                        
20009819  minit                          
20009851  __aeabi_f2d                    
20009889  __aeabi_f2iz                   
200098c1  __aeabi_i2f                    
200098f9  GPIODirModeSet                 
2000992f  strncpy                        
20009965  __TI_cleanup                   
20009999  __TI_readmsg                   
200099cd  __aeabi_f2uiz                  
20009a01  PinTypeGPIO                    
20009a31  UARTDisable                    
20009a91  finddevice                     
20009ac1  __aeabi_i2d                    
20009af1  PRCMSysResetCauseGet           
20009b1d  remove                         
20009b1d  unlink                         
20009b49  PRCMPeripheralClkDisable       
20009b71  _c_int00_noargs                
20009b99  lseek                          
20009be9  write                          
20009c11  UARTEnable                     
20009c35  memmove                        
20009c59  SPIReset                       
20009c7b  GPIOPinWrite                   
20009c9b  memchr                         
20009cbb  UARTCharPut                    
20009cd9  UARTCharGetNonBlocking         
20009cf5  memccpy                        
20009d11  PinTypeSPI                     
20009d2b  PinTypeUART                    
20009d45  SPIEnable                      
20009d5d  UARTCharsAvail                 
20009d8d  strcmp                         
20009da5  PRCMHIBRegRead                 
20009dbb  PRCMHIBRegWrite                
20009dd1  UARTCharGet                    
20009de7  strchr                         
20009dfd  CPUcpsie                       
20009e11  IntVTableBaseSet               
20009e25  strcpy                         
20009e39  strlen                         
20009e4d  wcslen                         
20009e5f  __TI_decompress_none           
20009e6d  ResetISR                       
20009e7b  __TI_zero_init                 
20009e87  IntMasterEnable                
20009e91  __aeabi_errno_addr             
20009e99  copysign                       
20009e99  copysignl                      
20009ea1  UtilsDelay                     
20009eaf  _system_pre_init               
20009eb3  C$$EXIT                        
20009eb3  abort                          
2000a010  _ctypes_                       
2000a340  __TI_static_base__             
2000a3b8  __TI_Handler_Table_Base        
2000a3c4  __TI_Handler_Table_Limit       
2000a3d0  __TI_CINIT_Base                
2000a3e0  __TI_CINIT_Limit               
20017000  buffer                         
20018000  __CIOBUF_                      
20018120  __TI_tmpnams                   
20018288  parmbuf                        
20018294  Volt                           
20018298  adc_opt                        
2001829c  count                          
200182a0  f                              
200182a4  frequency                      
200182a8  i                              
200182ac  token                          
200182b8  _sys_memory                    
20018ab8  _ftable                        
20018ba8  _device                        
20018c20  _stream                        
20018c70  __TI_ft_end                    
20018c74  __aeabi_stdin                  
20018c78  __aeabi_stdout                 
20018c7c  __aeabi_stderr                 
20018c80  __TI_cleanup_ptr               
20018c84  __TI_dtors_ptr                 
20018c88  __TI_enable_exit_profile_output
20018c98  _lock                          
20018c9c  _unlock                        
20018ca0  sampling_rate                  
20018ca4  errno                          
2002f800  __stack                        
20030000  __STACK_END                    
ffffffff  __TI_pprof_out_hndl            
ffffffff  __TI_prof_data_size            
ffffffff  __TI_prof_data_start           
ffffffff  __binit__                      
ffffffff  __c_args__                     
ffffffff  binit                          
UNDEFED   __mpu_init                     
UNDEFED   _system_post_cinit             

[196 symbols]
