<?xml version="1.0" encoding="ISO-8859-1" ?>
<link_info>
   <banner>TI ARM Linker PC v18.1.3.LTS</banner>
   <copyright>Copyright (c) 1996-2017 Texas Instruments Incorporated</copyright>
   <link_time>0x5bca64b5</link_time>
   <link_errors>0x0</link_errors>
   <output_file>Stepper.out</output_file>
   <entry_point>
      <name>_c_int00_noargs</name>
      <address>0x20008c25</address>
   </entry_point>
   <input_file_list>
      <input_file id="fl-2">
         <path>.\</path>
         <kind>object</kind>
         <file>gpio_if.obj</file>
         <name>gpio_if.obj</name>
      </input_file>
      <input_file id="fl-3">
         <path>.\</path>
         <kind>object</kind>
         <file>main.obj</file>
         <name>main.obj</name>
      </input_file>
      <input_file id="fl-4">
         <path>.\</path>
         <kind>object</kind>
         <file>pinmux.obj</file>
         <name>pinmux.obj</name>
      </input_file>
      <input_file id="fl-5">
         <path>.\</path>
         <kind>object</kind>
         <file>startup_ccs.obj</file>
         <name>startup_ccs.obj</name>
      </input_file>
      <input_file id="fl-6">
         <path>.\</path>
         <kind>object</kind>
         <file>uart_if.obj</file>
         <name>uart_if.obj</name>
      </input_file>
      <input_file id="fl-7">
         <path>.\</path>
         <kind>object</kind>
         <file>udma_if.obj</file>
         <name>udma_if.obj</name>
      </input_file>
      <input_file id="fl-c">
         <kind>object</kind>
         <file>&lt;internal&gt;</file>
         <name>&lt;internal&gt;</name>
      </input_file>
      <input_file id="fl-c2">
         <path>C:\ti\ccsv8\tools\compiler\ti-cgt-arm_18.1.3.LTS\lib\</path>
         <kind>archive</kind>
         <file>rtsv7M4_T_le_eabi.lib</file>
         <name>memset_t2.asm.obj</name>
      </input_file>
      <input_file id="fl-c3">
         <path>C:\ti\ccsv8\tools\compiler\ti-cgt-arm_18.1.3.LTS\lib\</path>
         <kind>archive</kind>
         <file>rtsv7M4_T_le_eabi.lib</file>
         <name>fs_cmp_t2.asm.obj</name>
      </input_file>
      <input_file id="fl-c4">
         <path>C:\ti\ccsv8\tools\compiler\ti-cgt-arm_18.1.3.LTS\lib\</path>
         <kind>archive</kind>
         <file>rtsv7M4_T_le_eabi.lib</file>
         <name>fs_div_t2.asm.obj</name>
      </input_file>
      <input_file id="fl-c5">
         <path>C:\ti\ccsv8\tools\compiler\ti-cgt-arm_18.1.3.LTS\lib\</path>
         <kind>archive</kind>
         <file>rtsv7M4_T_le_eabi.lib</file>
         <name>fs_tou_t2.asm.obj</name>
      </input_file>
      <input_file id="fl-c6">
         <path>C:\ti\ccsv8\tools\compiler\ti-cgt-arm_18.1.3.LTS\lib\</path>
         <kind>archive</kind>
         <file>rtsv7M4_T_le_eabi.lib</file>
         <name>copy_zero_init.c.obj</name>
      </input_file>
      <input_file id="fl-c7">
         <path>C:\ti\ccsv8\tools\compiler\ti-cgt-arm_18.1.3.LTS\lib\</path>
         <kind>archive</kind>
         <file>rtsv7M4_T_le_eabi.lib</file>
         <name>copy_decompress_none.c.obj</name>
      </input_file>
      <input_file id="fl-c8">
         <path>C:\ti\ccsv8\tools\compiler\ti-cgt-arm_18.1.3.LTS\lib\</path>
         <kind>archive</kind>
         <file>rtsv7M4_T_le_eabi.lib</file>
         <name>copy_decompress_lzss.c.obj</name>
      </input_file>
      <input_file id="fl-c9">
         <path>C:\ti\ccsv8\tools\compiler\ti-cgt-arm_18.1.3.LTS\lib\</path>
         <kind>archive</kind>
         <file>rtsv7M4_T_le_eabi.lib</file>
         <name>memory.c.obj</name>
      </input_file>
      <input_file id="fl-ca">
         <path>C:\ti\ccsv8\tools\compiler\ti-cgt-arm_18.1.3.LTS\lib\</path>
         <kind>archive</kind>
         <file>rtsv7M4_T_le_eabi.lib</file>
         <name>_lock.c.obj</name>
      </input_file>
      <input_file id="fl-cb">
         <path>C:\ti\ccsv8\tools\compiler\ti-cgt-arm_18.1.3.LTS\lib\</path>
         <kind>archive</kind>
         <file>rtsv7M4_T_le_eabi.lib</file>
         <name>memmov.c.obj</name>
      </input_file>
      <input_file id="fl-cc">
         <path>C:\ti\ccsv8\tools\compiler\ti-cgt-arm_18.1.3.LTS\lib\</path>
         <kind>archive</kind>
         <file>rtsv7M4_T_le_eabi.lib</file>
         <name>sscanf.c.obj</name>
      </input_file>
      <input_file id="fl-cd">
         <path>C:\ti\ccsv8\tools\compiler\ti-cgt-arm_18.1.3.LTS\lib\</path>
         <kind>archive</kind>
         <file>rtsv7M4_T_le_eabi.lib</file>
         <name>strlen.c.obj</name>
      </input_file>
      <input_file id="fl-ce">
         <path>C:\ti\ccsv8\tools\compiler\ti-cgt-arm_18.1.3.LTS\lib\</path>
         <kind>archive</kind>
         <file>rtsv7M4_T_le_eabi.lib</file>
         <name>vsnprintf.c.obj</name>
      </input_file>
      <input_file id="fl-cf">
         <path>C:\ti\ccsv8\tools\compiler\ti-cgt-arm_18.1.3.LTS\lib\</path>
         <kind>archive</kind>
         <file>rtsv7M4_T_le_eabi.lib</file>
         <name>boot_cortex_m.c.obj</name>
      </input_file>
      <input_file id="fl-d0">
         <path>C:\ti\ccsv8\tools\compiler\ti-cgt-arm_18.1.3.LTS\lib\</path>
         <kind>archive</kind>
         <file>rtsv7M4_T_le_eabi.lib</file>
         <name>fs_toi_t2.asm.obj</name>
      </input_file>
      <input_file id="fl-d1">
         <path>C:\ti\ccsv8\tools\compiler\ti-cgt-arm_18.1.3.LTS\lib\</path>
         <kind>archive</kind>
         <file>rtsv7M4_T_le_eabi.lib</file>
         <name>memcpy_t2.asm.obj</name>
      </input_file>
      <input_file id="fl-d2">
         <path>C:\ti\ccsv8\tools\compiler\ti-cgt-arm_18.1.3.LTS\lib\</path>
         <kind>archive</kind>
         <file>rtsv7M4_T_le_eabi.lib</file>
         <name>autoinit.c.obj</name>
      </input_file>
      <input_file id="fl-d3">
         <path>C:\ti\ccsv8\tools\compiler\ti-cgt-arm_18.1.3.LTS\lib\</path>
         <kind>archive</kind>
         <file>rtsv7M4_T_le_eabi.lib</file>
         <name>pre_init.c.obj</name>
      </input_file>
      <input_file id="fl-d4">
         <path>C:\ti\ccsv8\tools\compiler\ti-cgt-arm_18.1.3.LTS\lib\</path>
         <kind>archive</kind>
         <file>rtsv7M4_T_le_eabi.lib</file>
         <name>cpy_tbl.c.obj</name>
      </input_file>
      <input_file id="fl-d5">
         <path>C:\ti\ccsv8\tools\compiler\ti-cgt-arm_18.1.3.LTS\lib\</path>
         <kind>archive</kind>
         <file>rtsv7M4_T_le_eabi.lib</file>
         <name>exit.c.obj</name>
      </input_file>
      <input_file id="fl-d6">
         <path>C:\ti\ccsv8\tools\compiler\ti-cgt-arm_18.1.3.LTS\lib\</path>
         <kind>archive</kind>
         <file>rtsv7M4_T_le_eabi.lib</file>
         <name>_printfi.c.obj</name>
      </input_file>
      <input_file id="fl-d7">
         <path>C:\ti\ccsv8\tools\compiler\ti-cgt-arm_18.1.3.LTS\lib\</path>
         <kind>archive</kind>
         <file>rtsv7M4_T_le_eabi.lib</file>
         <name>_scanfi.c.obj</name>
      </input_file>
      <input_file id="fl-d8">
         <path>C:\ti\ccsv8\tools\compiler\ti-cgt-arm_18.1.3.LTS\lib\</path>
         <kind>archive</kind>
         <file>rtsv7M4_T_le_eabi.lib</file>
         <name>args_main.c.obj</name>
      </input_file>
      <input_file id="fl-d9">
         <path>C:\ti\ccsv8\tools\compiler\ti-cgt-arm_18.1.3.LTS\lib\</path>
         <kind>archive</kind>
         <file>rtsv7M4_T_le_eabi.lib</file>
         <name>atoi.c.obj</name>
      </input_file>
      <input_file id="fl-da">
         <path>C:\ti\ccsv8\tools\compiler\ti-cgt-arm_18.1.3.LTS\lib\</path>
         <kind>archive</kind>
         <file>rtsv7M4_T_le_eabi.lib</file>
         <name>ctype.c.obj</name>
      </input_file>
      <input_file id="fl-db">
         <path>C:\ti\ccsv8\tools\compiler\ti-cgt-arm_18.1.3.LTS\lib\</path>
         <kind>archive</kind>
         <file>rtsv7M4_T_le_eabi.lib</file>
         <name>ltoa.c.obj</name>
      </input_file>
      <input_file id="fl-dc">
         <path>C:\ti\ccsv8\tools\compiler\ti-cgt-arm_18.1.3.LTS\lib\</path>
         <kind>archive</kind>
         <file>rtsv7M4_T_le_eabi.lib</file>
         <name>memccpy.c.obj</name>
      </input_file>
      <input_file id="fl-dd">
         <path>C:\ti\ccsv8\tools\compiler\ti-cgt-arm_18.1.3.LTS\lib\</path>
         <kind>archive</kind>
         <file>rtsv7M4_T_le_eabi.lib</file>
         <name>strchr.c.obj</name>
      </input_file>
      <input_file id="fl-de">
         <path>C:\ti\ccsv8\tools\compiler\ti-cgt-arm_18.1.3.LTS\lib\</path>
         <kind>archive</kind>
         <file>rtsv7M4_T_le_eabi.lib</file>
         <name>strcpy.c.obj</name>
      </input_file>
      <input_file id="fl-df">
         <path>C:\ti\ccsv8\tools\compiler\ti-cgt-arm_18.1.3.LTS\lib\</path>
         <kind>archive</kind>
         <file>rtsv7M4_T_le_eabi.lib</file>
         <name>strrchr.c.obj</name>
      </input_file>
      <input_file id="fl-e0">
         <path>C:\ti\ccsv8\tools\compiler\ti-cgt-arm_18.1.3.LTS\lib\</path>
         <kind>archive</kind>
         <file>rtsv7M4_T_le_eabi.lib</file>
         <name>strtod.c.obj</name>
      </input_file>
      <input_file id="fl-e1">
         <path>C:\ti\ccsv8\tools\compiler\ti-cgt-arm_18.1.3.LTS\lib\</path>
         <kind>archive</kind>
         <file>rtsv7M4_T_le_eabi.lib</file>
         <name>strtol.c.obj</name>
      </input_file>
      <input_file id="fl-e2">
         <path>C:\ti\ccsv8\tools\compiler\ti-cgt-arm_18.1.3.LTS\lib\</path>
         <kind>archive</kind>
         <file>rtsv7M4_T_le_eabi.lib</file>
         <name>strtoll.c.obj</name>
      </input_file>
      <input_file id="fl-e3">
         <path>C:\ti\ccsv8\tools\compiler\ti-cgt-arm_18.1.3.LTS\lib\</path>
         <kind>archive</kind>
         <file>rtsv7M4_T_le_eabi.lib</file>
         <name>strtoul.c.obj</name>
      </input_file>
      <input_file id="fl-e4">
         <path>C:\ti\ccsv8\tools\compiler\ti-cgt-arm_18.1.3.LTS\lib\</path>
         <kind>archive</kind>
         <file>rtsv7M4_T_le_eabi.lib</file>
         <name>strtoull.c.obj</name>
      </input_file>
      <input_file id="fl-e5">
         <path>C:\ti\ccsv8\tools\compiler\ti-cgt-arm_18.1.3.LTS\lib\</path>
         <kind>archive</kind>
         <file>rtsv7M4_T_le_eabi.lib</file>
         <name>errno.c.obj</name>
      </input_file>
      <input_file id="fl-e6">
         <path>C:\ti\ccsv8\tools\compiler\ti-cgt-arm_18.1.3.LTS\lib\</path>
         <kind>archive</kind>
         <file>rtsv7M4_T_le_eabi.lib</file>
         <name>s_frexp.c.obj</name>
      </input_file>
      <input_file id="fl-e7">
         <path>C:\ti\ccsv8\tools\compiler\ti-cgt-arm_18.1.3.LTS\lib\</path>
         <kind>archive</kind>
         <file>rtsv7M4_T_le_eabi.lib</file>
         <name>s_scalbn.c.obj</name>
      </input_file>
      <input_file id="fl-e8">
         <path>C:\ti\ccsv8\tools\compiler\ti-cgt-arm_18.1.3.LTS\lib\</path>
         <kind>archive</kind>
         <file>rtsv7M4_T_le_eabi.lib</file>
         <name>wcslen.c.obj</name>
      </input_file>
      <input_file id="fl-e9">
         <path>C:\ti\ccsv8\tools\compiler\ti-cgt-arm_18.1.3.LTS\lib\</path>
         <kind>archive</kind>
         <file>rtsv7M4_T_le_eabi.lib</file>
         <name>s_copysign.c.obj</name>
      </input_file>
      <input_file id="fl-ea">
         <path>C:\ti\ccsv8\tools\compiler\ti-cgt-arm_18.1.3.LTS\lib\</path>
         <kind>archive</kind>
         <file>rtsv7M4_T_le_eabi.lib</file>
         <name>ull_div_t2.asm.obj</name>
      </input_file>
      <input_file id="fl-eb">
         <path>C:\ti\ccsv8\tools\compiler\ti-cgt-arm_18.1.3.LTS\lib\</path>
         <kind>archive</kind>
         <file>rtsv7M4_T_le_eabi.lib</file>
         <name>fd_add_t2.asm.obj</name>
      </input_file>
      <input_file id="fl-ec">
         <path>C:\ti\ccsv8\tools\compiler\ti-cgt-arm_18.1.3.LTS\lib\</path>
         <kind>archive</kind>
         <file>rtsv7M4_T_le_eabi.lib</file>
         <name>fd_cmp_t2.asm.obj</name>
      </input_file>
      <input_file id="fl-ed">
         <path>C:\ti\ccsv8\tools\compiler\ti-cgt-arm_18.1.3.LTS\lib\</path>
         <kind>archive</kind>
         <file>rtsv7M4_T_le_eabi.lib</file>
         <name>fd_div_t2.asm.obj</name>
      </input_file>
      <input_file id="fl-ee">
         <path>C:\ti\ccsv8\tools\compiler\ti-cgt-arm_18.1.3.LTS\lib\</path>
         <kind>archive</kind>
         <file>rtsv7M4_T_le_eabi.lib</file>
         <name>fd_mul_t2.asm.obj</name>
      </input_file>
      <input_file id="fl-ef">
         <path>C:\ti\ccsv8\tools\compiler\ti-cgt-arm_18.1.3.LTS\lib\</path>
         <kind>archive</kind>
         <file>rtsv7M4_T_le_eabi.lib</file>
         <name>fd_toi_t2.asm.obj</name>
      </input_file>
      <input_file id="fl-f0">
         <path>C:\ti\ccsv8\tools\compiler\ti-cgt-arm_18.1.3.LTS\lib\</path>
         <kind>archive</kind>
         <file>rtsv7M4_T_le_eabi.lib</file>
         <name>fd_tos_t2.asm.obj</name>
      </input_file>
      <input_file id="fl-f1">
         <path>C:\ti\ccsv8\tools\compiler\ti-cgt-arm_18.1.3.LTS\lib\</path>
         <kind>archive</kind>
         <file>rtsv7M4_T_le_eabi.lib</file>
         <name>i_tofd_t2.asm.obj</name>
      </input_file>
      <input_file id="fl-f2">
         <path>C:\ti\ccsv8\tools\compiler\ti-cgt-arm_18.1.3.LTS\lib\</path>
         <kind>archive</kind>
         <file>rtsv7M4_T_le_eabi.lib</file>
         <name>ll_mul_t2.asm.obj</name>
      </input_file>
      <input_file id="fl-f3">
         <path>C:\ti\ccsv8\tools\compiler\ti-cgt-arm_18.1.3.LTS\lib\</path>
         <kind>archive</kind>
         <file>rtsv7M4_T_le_eabi.lib</file>
         <name>div0.asm.obj</name>
      </input_file>
      <input_file id="fl-f4">
         <path>C:\ti\CC3200SDK_1.3.0\cc3200-sdk\driverlib\ccs\Release\</path>
         <kind>archive</kind>
         <file>driverlib.a</file>
         <name>gpio.obj</name>
      </input_file>
      <input_file id="fl-f5">
         <path>C:\ti\CC3200SDK_1.3.0\cc3200-sdk\driverlib\ccs\Release\</path>
         <kind>archive</kind>
         <file>driverlib.a</file>
         <name>interrupt.obj</name>
      </input_file>
      <input_file id="fl-f6">
         <path>C:\ti\CC3200SDK_1.3.0\cc3200-sdk\driverlib\ccs\Release\</path>
         <kind>archive</kind>
         <file>driverlib.a</file>
         <name>pin.obj</name>
      </input_file>
      <input_file id="fl-f7">
         <path>C:\ti\CC3200SDK_1.3.0\cc3200-sdk\driverlib\ccs\Release\</path>
         <kind>archive</kind>
         <file>driverlib.a</file>
         <name>prcm.obj</name>
      </input_file>
      <input_file id="fl-f8">
         <path>C:\ti\CC3200SDK_1.3.0\cc3200-sdk\driverlib\ccs\Release\</path>
         <kind>archive</kind>
         <file>driverlib.a</file>
         <name>uart.obj</name>
      </input_file>
      <input_file id="fl-f9">
         <path>C:\ti\CC3200SDK_1.3.0\cc3200-sdk\driverlib\ccs\Release\</path>
         <kind>archive</kind>
         <file>driverlib.a</file>
         <name>udma.obj</name>
      </input_file>
      <input_file id="fl-fa">
         <path>C:\ti\CC3200SDK_1.3.0\cc3200-sdk\driverlib\ccs\Release\</path>
         <kind>archive</kind>
         <file>driverlib.a</file>
         <name>utils.obj</name>
      </input_file>
      <input_file id="fl-fb">
         <path>C:\ti\CC3200SDK_1.3.0\cc3200-sdk\driverlib\ccs\Release\</path>
         <kind>archive</kind>
         <file>driverlib.a</file>
         <name>cpu.obj</name>
      </input_file>
      <input_file id="fl-fc">
         <path>C:\ti\CC3200SDK_1.3.0\cc3200-sdk\driverlib\ccs\Release\</path>
         <kind>archive</kind>
         <file>driverlib.a</file>
         <name>flash.obj</name>
      </input_file>
   </input_file_list>
   <object_component_list>
      <object_component id="oc-f">
         <name>.intvecs</name>
         <load_address>0x20004000</load_address>
         <run_address>0x20004000</run_address>
         <size>0x400</size>
         <input_file_ref idref="fl-5"/>
      </object_component>
      <object_component id="oc-1bc">
         <name>.text:__TI_scanfi</name>
         <load_address>0x20004400</load_address>
         <run_address>0x20004400</run_address>
         <size>0xab8</size>
         <input_file_ref idref="fl-d7"/>
      </object_component>
      <object_component id="oc-393">
         <name>.text:__TI_printfi</name>
         <load_address>0x20004eb8</load_address>
         <run_address>0x20004eb8</run_address>
         <size>0xa4a</size>
         <input_file_ref idref="fl-d6"/>
      </object_component>
      <object_component id="oc-454">
         <name>.text:IntDefaultHandler</name>
         <load_address>0x20005902</load_address>
         <run_address>0x20005902</run_address>
         <size>0x2</size>
         <input_file_ref idref="fl-f5"/>
      </object_component>
      <object_component id="oc-30a">
         <name>.text:strtod</name>
         <load_address>0x20005904</load_address>
         <run_address>0x20005904</run_address>
         <size>0x454</size>
         <input_file_ref idref="fl-e0"/>
      </object_component>
      <object_component id="oc-94">
         <name>.text</name>
         <load_address>0x20005d58</load_address>
         <run_address>0x20005d58</run_address>
         <size>0x344</size>
         <input_file_ref idref="fl-3"/>
      </object_component>
      <object_component id="oc-110">
         <name>.text</name>
         <load_address>0x2000609c</load_address>
         <run_address>0x2000609c</run_address>
         <size>0x280</size>
         <input_file_ref idref="fl-6"/>
      </object_component>
      <object_component id="oc-47a">
         <name>.text:_pconv_a</name>
         <load_address>0x2000631c</load_address>
         <run_address>0x2000631c</run_address>
         <size>0x268</size>
         <input_file_ref idref="fl-d6"/>
      </object_component>
      <object_component id="oc-31b">
         <name>.text:strtoll</name>
         <load_address>0x20006584</load_address>
         <run_address>0x20006584</run_address>
         <size>0x1dc</size>
         <input_file_ref idref="fl-e2"/>
      </object_component>
      <object_component id="oc-468">
         <name>.text:_pconv_g</name>
         <load_address>0x20006760</load_address>
         <run_address>0x20006760</run_address>
         <size>0x1cc</size>
         <input_file_ref idref="fl-d6"/>
      </object_component>
      <object_component id="oc-ec">
         <name>.text</name>
         <load_address>0x2000692c</load_address>
         <run_address>0x2000692c</run_address>
         <size>0x1cc</size>
         <input_file_ref idref="fl-7"/>
      </object_component>
      <object_component id="oc-41d">
         <name>.text</name>
         <load_address>0x20006af8</load_address>
         <run_address>0x20006af8</run_address>
         <size>0x1b6</size>
         <input_file_ref idref="fl-eb"/>
      </object_component>
      <object_component id="oc-3d8">
         <name>.text:_nop</name>
         <load_address>0x20006cae</load_address>
         <run_address>0x20006cae</run_address>
         <size>0x2</size>
         <input_file_ref idref="fl-ca"/>
      </object_component>
      <object_component id="oc-d4">
         <name>.text:PRCMCC3200MCUInit</name>
         <load_address>0x20006cb0</load_address>
         <run_address>0x20006cb0</run_address>
         <size>0x178</size>
         <input_file_ref idref="fl-f7"/>
      </object_component>
      <object_component id="oc-2fe">
         <name>.text:strtoull</name>
         <load_address>0x20006e28</load_address>
         <run_address>0x20006e28</run_address>
         <size>0x15c</size>
         <input_file_ref idref="fl-e4"/>
      </object_component>
      <object_component id="oc-474">
         <name>.text:_pconv_e</name>
         <load_address>0x20006f84</load_address>
         <run_address>0x20006f84</run_address>
         <size>0x13c</size>
         <input_file_ref idref="fl-d6"/>
      </object_component>
      <object_component id="oc-427">
         <name>.text</name>
         <load_address>0x200070c0</load_address>
         <run_address>0x200070c0</run_address>
         <size>0x136</size>
         <input_file_ref idref="fl-ed"/>
      </object_component>
      <object_component id="oc-4b7">
         <name>.text</name>
         <load_address>0x200071f6</load_address>
         <run_address>0x200071f6</run_address>
         <size>0x2</size>
         <input_file_ref idref="fl-f3"/>
      </object_component>
      <object_component id="oc-315">
         <name>.text:strtol</name>
         <load_address>0x200071f8</load_address>
         <run_address>0x200071f8</run_address>
         <size>0x130</size>
         <input_file_ref idref="fl-e1"/>
      </object_component>
      <object_component id="oc-510">
         <name>.text:fcvt</name>
         <load_address>0x20007328</load_address>
         <run_address>0x20007328</run_address>
         <size>0x120</size>
         <input_file_ref idref="fl-d6"/>
      </object_component>
      <object_component id="oc-2a1">
         <name>.text:realloc</name>
         <load_address>0x20007448</load_address>
         <run_address>0x20007448</run_address>
         <size>0x114</size>
         <input_file_ref idref="fl-c9"/>
      </object_component>
      <object_component id="oc-304">
         <name>.text:strtoul</name>
         <load_address>0x2000755c</load_address>
         <run_address>0x2000755c</run_address>
         <size>0x110</size>
         <input_file_ref idref="fl-e3"/>
      </object_component>
      <object_component id="oc-418">
         <name>.text</name>
         <load_address>0x2000766c</load_address>
         <run_address>0x2000766c</run_address>
         <size>0xfc</size>
         <input_file_ref idref="fl-ee"/>
      </object_component>
      <object_component id="oc-230">
         <name>.text:uDMAChannelTransferSet</name>
         <load_address>0x20007768</load_address>
         <run_address>0x20007768</run_address>
         <size>0xf0</size>
         <input_file_ref idref="fl-f9"/>
      </object_component>
      <object_component id="oc-2a7">
         <name>.text:free</name>
         <load_address>0x20007858</load_address>
         <run_address>0x20007858</run_address>
         <size>0xd8</size>
         <input_file_ref idref="fl-c9"/>
      </object_component>
      <object_component id="oc-42c">
         <name>.text:scalbn</name>
         <load_address>0x20007930</load_address>
         <run_address>0x20007930</run_address>
         <size>0xd0</size>
         <input_file_ref idref="fl-e7"/>
      </object_component>
      <object_component id="oc-462">
         <name>.text:_ltostr</name>
         <load_address>0x20007a00</load_address>
         <run_address>0x20007a00</run_address>
         <size>0xb1</size>
         <input_file_ref idref="fl-d6"/>
      </object_component>
      <object_component id="oc-357">
         <name>.text:IntDisable</name>
         <load_address>0x20007ab4</load_address>
         <run_address>0x20007ab4</run_address>
         <size>0xa8</size>
         <input_file_ref idref="fl-f5"/>
      </object_component>
      <object_component id="oc-ce">
         <name>.text:IntEnable</name>
         <load_address>0x20007b5c</load_address>
         <run_address>0x20007b5c</run_address>
         <size>0xa8</size>
         <input_file_ref idref="fl-f5"/>
      </object_component>
      <object_component id="oc-3a">
         <name>.text</name>
         <load_address>0x20007c04</load_address>
         <run_address>0x20007c04</run_address>
         <size>0x9c</size>
         <input_file_ref idref="fl-d1"/>
      </object_component>
      <object_component id="oc-409">
         <name>.text</name>
         <load_address>0x20007ca0</load_address>
         <run_address>0x20007ca0</run_address>
         <size>0x96</size>
         <input_file_ref idref="fl-ea"/>
      </object_component>
      <object_component id="oc-104">
         <name>.text:PRCMPeripheralClockGet</name>
         <load_address>0x20007d38</load_address>
         <run_address>0x20007d38</run_address>
         <size>0x94</size>
         <input_file_ref idref="fl-f7"/>
      </object_component>
      <object_component id="oc-12c">
         <name>.text</name>
         <load_address>0x20007dcc</load_address>
         <run_address>0x20007dcc</run_address>
         <size>0x92</size>
         <input_file_ref idref="fl-c4"/>
      </object_component>
      <object_component id="oc-380">
         <name>.text:PinConfigSet</name>
         <load_address>0x20007e60</load_address>
         <run_address>0x20007e60</run_address>
         <size>0x88</size>
         <input_file_ref idref="fl-f6"/>
      </object_component>
      <object_component id="oc-422">
         <name>.text:__aeabi_cdcmple</name>
         <load_address>0x20007ee8</load_address>
         <run_address>0x20007ee8</run_address>
         <size>0x86</size>
         <input_file_ref idref="fl-ec"/>
      </object_component>
      <object_component id="oc-4ee">
         <name>.text:__aeabi_cdrcmple</name>
         <load_address>0x20007f6e</load_address>
         <run_address>0x20007f6e</run_address>
         <size>0x86</size>
         <input_file_ref idref="fl-ec"/>
      </object_component>
      <object_component id="oc-f2">
         <name>.text</name>
         <load_address>0x20007ff4</load_address>
         <run_address>0x20007ff4</run_address>
         <size>0x84</size>
         <input_file_ref idref="fl-4"/>
      </object_component>
      <object_component id="oc-88">
         <name>.text</name>
         <load_address>0x20008078</load_address>
         <run_address>0x20008078</run_address>
         <size>0x7a</size>
         <input_file_ref idref="fl-c2"/>
      </object_component>
      <object_component id="oc-29b">
         <name>.text:malloc</name>
         <load_address>0x200080f4</load_address>
         <run_address>0x200080f4</run_address>
         <size>0x78</size>
         <input_file_ref idref="fl-c9"/>
      </object_component>
      <object_component id="oc-10a">
         <name>.text:UARTConfigSetExpClk</name>
         <load_address>0x2000816c</load_address>
         <run_address>0x2000816c</run_address>
         <size>0x76</size>
         <input_file_ref idref="fl-f8"/>
      </object_component>
      <object_component id="oc-509">
         <name>.text:_mcpy</name>
         <load_address>0x200081e2</load_address>
         <run_address>0x200081e2</run_address>
         <size>0x6e</size>
         <input_file_ref idref="fl-d6"/>
      </object_component>
      <object_component id="oc-310">
         <name>.text</name>
         <load_address>0x20008250</load_address>
         <run_address>0x20008250</run_address>
         <size>0x6e</size>
         <input_file_ref idref="fl-f0"/>
      </object_component>
      <object_component id="oc-1ce">
         <name>.text:_chkmbc</name>
         <load_address>0x200082c0</load_address>
         <run_address>0x200082c0</run_address>
         <size>0x68</size>
         <input_file_ref idref="fl-cc"/>
      </object_component>
      <object_component id="oc-12">
         <name>.text:decompress:lzss:__TI_decompress_lzss</name>
         <load_address>0x20008328</load_address>
         <run_address>0x20008328</run_address>
         <size>0x68</size>
         <input_file_ref idref="fl-c8"/>
      </object_component>
      <object_component id="oc-206">
         <name>.text:uDMAChannelAttributeDisable</name>
         <load_address>0x20008390</load_address>
         <run_address>0x20008390</run_address>
         <size>0x64</size>
         <input_file_ref idref="fl-f9"/>
      </object_component>
      <object_component id="oc-22a">
         <name>.text:uDMAChannelAttributeEnable</name>
         <load_address>0x200083f4</load_address>
         <run_address>0x200083f4</run_address>
         <size>0x64</size>
         <input_file_ref idref="fl-f9"/>
      </object_component>
      <object_component id="oc-127">
         <name>.text:__aeabi_cfcmple</name>
         <load_address>0x20008458</load_address>
         <run_address>0x20008458</run_address>
         <size>0x60</size>
         <input_file_ref idref="fl-c3"/>
      </object_component>
      <object_component id="oc-122">
         <name>.text:__aeabi_cfrcmple</name>
         <load_address>0x200084b8</load_address>
         <run_address>0x200084b8</run_address>
         <size>0x60</size>
         <input_file_ref idref="fl-c3"/>
      </object_component>
      <object_component id="oc-51e">
         <name>.text:frexp</name>
         <load_address>0x20008518</load_address>
         <run_address>0x20008518</run_address>
         <size>0x5c</size>
         <input_file_ref idref="fl-e6"/>
      </object_component>
      <object_component id="oc-1ae">
         <name>.text:PRCMPeripheralReset</name>
         <load_address>0x20008574</load_address>
         <run_address>0x20008574</run_address>
         <size>0x58</size>
         <input_file_ref idref="fl-f7"/>
      </object_component>
      <object_component id="oc-46e">
         <name>.text:_pconv_f</name>
         <load_address>0x200085cc</load_address>
         <run_address>0x200085cc</run_address>
         <size>0x56</size>
         <input_file_ref idref="fl-d6"/>
      </object_component>
      <object_component id="oc-1e8">
         <name>.text:IntPrioritySet</name>
         <load_address>0x20008624</load_address>
         <run_address>0x20008624</run_address>
         <size>0x54</size>
         <input_file_ref idref="fl-f5"/>
      </object_component>
      <object_component id="oc-4f8">
         <name>.text:ltoa</name>
         <load_address>0x20008678</load_address>
         <run_address>0x20008678</run_address>
         <size>0x54</size>
         <input_file_ref idref="fl-db"/>
      </object_component>
      <object_component id="oc-503">
         <name>.text:_ecpy</name>
         <load_address>0x200086cc</load_address>
         <run_address>0x200086cc</run_address>
         <size>0x52</size>
         <input_file_ref idref="fl-d6"/>
      </object_component>
      <object_component id="oc-324">
         <name>.text:atoi</name>
         <load_address>0x20008720</load_address>
         <run_address>0x20008720</run_address>
         <size>0x4c</size>
         <input_file_ref idref="fl-d9"/>
      </object_component>
      <object_component id="oc-200">
         <name>.text:uDMAChannelAssign</name>
         <load_address>0x2000876c</load_address>
         <run_address>0x2000876c</run_address>
         <size>0x4c</size>
         <input_file_ref idref="fl-f9"/>
      </object_component>
      <object_component id="oc-4f3">
         <name>.text</name>
         <load_address>0x200087b8</load_address>
         <run_address>0x200087b8</run_address>
         <size>0x48</size>
         <input_file_ref idref="fl-ef"/>
      </object_component>
      <object_component id="oc-25a">
         <name>.text:UARTIntNumberGet</name>
         <load_address>0x20008800</load_address>
         <run_address>0x20008800</run_address>
         <size>0x44</size>
         <input_file_ref idref="fl-f8"/>
      </object_component>
      <object_component id="oc-153">
         <name>.text:__TI_auto_init_nobinit_nopinit:__TI_auto_init_nobinit_nopinit</name>
         <load_address>0x20008844</load_address>
         <run_address>0x20008844</run_address>
         <size>0x44</size>
         <input_file_ref idref="fl-d2"/>
      </object_component>
      <object_component id="oc-37a">
         <name>.text:PinModeSet</name>
         <load_address>0x20008888</load_address>
         <run_address>0x20008888</run_address>
         <size>0x40</size>
         <input_file_ref idref="fl-f6"/>
      </object_component>
      <object_component id="oc-27d">
         <name>.text:vsnprintf</name>
         <load_address>0x200088c8</load_address>
         <run_address>0x200088c8</run_address>
         <size>0x40</size>
         <input_file_ref idref="fl-ce"/>
      </object_component>
      <object_component id="oc-516">
         <name>.text:_fcpy</name>
         <load_address>0x20008908</load_address>
         <run_address>0x20008908</run_address>
         <size>0x3e</size>
         <input_file_ref idref="fl-d6"/>
      </object_component>
      <object_component id="oc-1a8">
         <name>.text:PRCMPeripheralClkEnable</name>
         <load_address>0x20008948</load_address>
         <run_address>0x20008948</run_address>
         <size>0x3c</size>
         <input_file_ref idref="fl-f7"/>
      </object_component>
      <object_component id="oc-3c3">
         <name>.text:minsert</name>
         <load_address>0x20008984</load_address>
         <run_address>0x20008984</run_address>
         <size>0x3c</size>
         <input_file_ref idref="fl-c9"/>
      </object_component>
      <object_component id="oc-224">
         <name>.text:uDMAChannelControlSet</name>
         <load_address>0x200089c0</load_address>
         <run_address>0x200089c0</run_address>
         <size>0x3c</size>
         <input_file_ref idref="fl-f9"/>
      </object_component>
      <object_component id="oc-3b7">
         <name>.text:minit</name>
         <load_address>0x200089fc</load_address>
         <run_address>0x200089fc</run_address>
         <size>0x38</size>
         <input_file_ref idref="fl-c9"/>
      </object_component>
      <object_component id="oc-2bc">
         <name>.text</name>
         <load_address>0x20008a34</load_address>
         <run_address>0x20008a34</run_address>
         <size>0x38</size>
         <input_file_ref idref="fl-d0"/>
      </object_component>
      <object_component id="oc-e0">
         <name>.text:sscanf</name>
         <load_address>0x20008a6c</load_address>
         <run_address>0x20008a6c</run_address>
         <size>0x38</size>
         <input_file_ref idref="fl-cc"/>
      </object_component>
      <object_component id="oc-253">
         <name>.text:GPIODirModeSet</name>
         <load_address>0x20008aa4</load_address>
         <run_address>0x20008aa4</run_address>
         <size>0x36</size>
         <input_file_ref idref="fl-f4"/>
      </object_component>
      <object_component id="oc-131">
         <name>.text</name>
         <load_address>0x20008ada</load_address>
         <run_address>0x20008ada</run_address>
         <size>0x34</size>
         <input_file_ref idref="fl-c5"/>
      </object_component>
      <object_component id="oc-24d">
         <name>.text:PinTypeGPIO</name>
         <load_address>0x20008b0e</load_address>
         <run_address>0x20008b0e</run_address>
         <size>0x30</size>
         <input_file_ref idref="fl-f6"/>
      </object_component>
      <object_component id="oc-26a">
         <name>.text:UARTDisable</name>
         <load_address>0x20008b40</load_address>
         <run_address>0x20008b40</run_address>
         <size>0x30</size>
         <input_file_ref idref="fl-f8"/>
      </object_component>
      <object_component id="oc-399">
         <name>.text:_outs</name>
         <load_address>0x20008b70</load_address>
         <run_address>0x20008b70</run_address>
         <size>0x30</size>
         <input_file_ref idref="fl-ce"/>
      </object_component>
      <object_component id="oc-4fe">
         <name>.text</name>
         <load_address>0x20008ba0</load_address>
         <run_address>0x20008ba0</run_address>
         <size>0x2e</size>
         <input_file_ref idref="fl-f1"/>
      </object_component>
      <object_component id="oc-196">
         <name>.text:PRCMSysResetCauseGet</name>
         <load_address>0x20008bd0</load_address>
         <run_address>0x20008bd0</run_address>
         <size>0x2c</size>
         <input_file_ref idref="fl-f7"/>
      </object_component>
      <object_component id="oc-1b4">
         <name>.text:PRCMPeripheralClkDisable</name>
         <load_address>0x20008bfc</load_address>
         <run_address>0x20008bfc</run_address>
         <size>0x28</size>
         <input_file_ref idref="fl-f7"/>
      </object_component>
      <object_component id="oc-58">
         <name>.text:_c_int00_noargs:_c_int00_noargs</name>
         <load_address>0x20008c24</load_address>
         <run_address>0x20008c24</run_address>
         <size>0x28</size>
         <input_file_ref idref="fl-cf"/>
      </object_component>
      <object_component id="oc-3bd">
         <name>.text:mremove</name>
         <load_address>0x20008c4c</load_address>
         <run_address>0x20008c4c</run_address>
         <size>0x28</size>
         <input_file_ref idref="fl-c9"/>
      </object_component>
      <object_component id="oc-35d">
         <name>.text:IntUnregister</name>
         <load_address>0x20008c74</load_address>
         <run_address>0x20008c74</run_address>
         <size>0x24</size>
         <input_file_ref idref="fl-f5"/>
      </object_component>
      <object_component id="oc-270">
         <name>.text:UARTEnable</name>
         <load_address>0x20008c98</load_address>
         <run_address>0x20008c98</run_address>
         <size>0x24</size>
         <input_file_ref idref="fl-f8"/>
      </object_component>
      <object_component id="oc-295">
         <name>.text:memmove</name>
         <load_address>0x20008cbc</load_address>
         <run_address>0x20008cbc</run_address>
         <size>0x24</size>
         <input_file_ref idref="fl-cb"/>
      </object_component>
      <object_component id="oc-137">
         <name>.text:GPIOPinWrite</name>
         <load_address>0x20008ce0</load_address>
         <run_address>0x20008ce0</run_address>
         <size>0x20</size>
         <input_file_ref idref="fl-f4"/>
      </object_component>
      <object_component id="oc-260">
         <name>.text:IntRegister</name>
         <load_address>0x20008d00</load_address>
         <run_address>0x20008d00</run_address>
         <size>0x20</size>
         <input_file_ref idref="fl-f5"/>
      </object_component>
      <object_component id="oc-277">
         <name>.text:UARTCharPut</name>
         <load_address>0x20008d20</load_address>
         <run_address>0x20008d20</run_address>
         <size>0x1e</size>
         <input_file_ref idref="fl-f8"/>
      </object_component>
      <object_component id="oc-f8">
         <name>.text:UARTIntRegister</name>
         <load_address>0x20008d3e</load_address>
         <run_address>0x20008d3e</run_address>
         <size>0x1e</size>
         <input_file_ref idref="fl-f8"/>
      </object_component>
      <object_component id="oc-289">
         <name>.text:UARTCharGetNonBlocking</name>
         <load_address>0x20008d5c</load_address>
         <run_address>0x20008d5c</run_address>
         <size>0x1c</size>
         <input_file_ref idref="fl-f8"/>
      </object_component>
      <object_component id="oc-480">
         <name>.text:memccpy</name>
         <load_address>0x20008d78</load_address>
         <run_address>0x20008d78</run_address>
         <size>0x1c</size>
         <input_file_ref idref="fl-dc"/>
      </object_component>
      <object_component id="oc-212">
         <name>.text:uDMAChannelDisable</name>
         <load_address>0x20008d94</load_address>
         <run_address>0x20008d94</run_address>
         <size>0x1c</size>
         <input_file_ref idref="fl-f9"/>
      </object_component>
      <object_component id="oc-236">
         <name>.text:uDMAChannelEnable</name>
         <load_address>0x20008db0</load_address>
         <run_address>0x20008db0</run_address>
         <size>0x1c</size>
         <input_file_ref idref="fl-f9"/>
      </object_component>
      <object_component id="oc-20c">
         <name>.text:uDMAChannelRequest</name>
         <load_address>0x20008dcc</load_address>
         <run_address>0x20008dcc</run_address>
         <size>0x1c</size>
         <input_file_ref idref="fl-f9"/>
      </object_component>
      <object_component id="oc-247">
         <name>.text:PinTypeUART</name>
         <load_address>0x20008de8</load_address>
         <run_address>0x20008de8</run_address>
         <size>0x1a</size>
         <input_file_ref idref="fl-f6"/>
      </object_component>
      <object_component id="oc-283">
         <name>.text:UARTCharsAvail</name>
         <load_address>0x20008e02</load_address>
         <run_address>0x20008e02</run_address>
         <size>0x18</size>
         <input_file_ref idref="fl-f8"/>
      </object_component>
      <object_component id="oc-da">
         <name>.text:UARTDMADisable</name>
         <load_address>0x20008e1a</load_address>
         <run_address>0x20008e1a</run_address>
         <size>0x18</size>
         <input_file_ref idref="fl-f8"/>
      </object_component>
      <object_component id="oc-11c">
         <name>.text:UARTDMAEnable</name>
         <load_address>0x20008e32</load_address>
         <run_address>0x20008e32</run_address>
         <size>0x18</size>
         <input_file_ref idref="fl-f8"/>
      </object_component>
      <object_component id="oc-116">
         <name>.text:UARTFIFOLevelSet</name>
         <load_address>0x20008e4a</load_address>
         <run_address>0x20008e4a</run_address>
         <size>0x18</size>
         <input_file_ref idref="fl-f8"/>
      </object_component>
      <object_component id="oc-fe">
         <name>.text:UARTIntEnable</name>
         <load_address>0x20008e62</load_address>
         <run_address>0x20008e62</run_address>
         <size>0x18</size>
         <input_file_ref idref="fl-f8"/>
      </object_component>
      <object_component id="oc-39f">
         <name>.text:_outc</name>
         <load_address>0x20008e7a</load_address>
         <run_address>0x20008e7a</run_address>
         <size>0x18</size>
         <input_file_ref idref="fl-ce"/>
      </object_component>
      <object_component id="oc-404">
         <name>.text</name>
         <load_address>0x20008e92</load_address>
         <run_address>0x20008e92</run_address>
         <size>0x18</size>
         <input_file_ref idref="fl-f2"/>
      </object_component>
      <object_component id="oc-32a">
         <name>.text:strrchr</name>
         <load_address>0x20008eaa</load_address>
         <run_address>0x20008eaa</run_address>
         <size>0x18</size>
         <input_file_ref idref="fl-df"/>
      </object_component>
      <object_component id="oc-19c">
         <name>.text:PRCMHIBRegRead</name>
         <load_address>0x20008ec2</load_address>
         <run_address>0x20008ec2</run_address>
         <size>0x16</size>
         <input_file_ref idref="fl-f7"/>
      </object_component>
      <object_component id="oc-1a2">
         <name>.text:PRCMHIBRegWrite</name>
         <load_address>0x20008ed8</load_address>
         <run_address>0x20008ed8</run_address>
         <size>0x16</size>
         <input_file_ref idref="fl-f7"/>
      </object_component>
      <object_component id="oc-330">
         <name>.text:strchr</name>
         <load_address>0x20008eee</load_address>
         <run_address>0x20008eee</run_address>
         <size>0x16</size>
         <input_file_ref idref="fl-dd"/>
      </object_component>
      <object_component id="oc-1ee">
         <name>.text:uDMAIntRegister</name>
         <load_address>0x20008f04</load_address>
         <run_address>0x20008f04</run_address>
         <size>0x16</size>
         <input_file_ref idref="fl-f9"/>
      </object_component>
      <object_component id="oc-186">
         <name>.text:CPUcpsie</name>
         <load_address>0x20008f1a</load_address>
         <run_address>0x20008f1a</run_address>
         <size>0x14</size>
         <input_file_ref idref="fl-fb"/>
      </object_component>
      <object_component id="oc-c2">
         <name>.text:IntVTableBaseSet</name>
         <load_address>0x20008f30</load_address>
         <run_address>0x20008f30</run_address>
         <size>0x14</size>
         <input_file_ref idref="fl-f5"/>
      </object_component>
      <object_component id="oc-2f8">
         <name>.text:strcpy</name>
         <load_address>0x20008f44</load_address>
         <run_address>0x20008f44</run_address>
         <size>0x14</size>
         <input_file_ref idref="fl-de"/>
      </object_component>
      <object_component id="oc-28f">
         <name>.text:strlen</name>
         <load_address>0x20008f58</load_address>
         <run_address>0x20008f58</run_address>
         <size>0x14</size>
         <input_file_ref idref="fl-cd"/>
      </object_component>
      <object_component id="oc-1fa">
         <name>.text:uDMAControlBaseSet</name>
         <load_address>0x20008f6c</load_address>
         <run_address>0x20008f6c</run_address>
         <size>0x14</size>
         <input_file_ref idref="fl-f9"/>
      </object_component>
      <object_component id="oc-1e2">
         <name>.text:uDMAIntClear</name>
         <load_address>0x20008f80</load_address>
         <run_address>0x20008f80</run_address>
         <size>0x14</size>
         <input_file_ref idref="fl-f9"/>
      </object_component>
      <object_component id="oc-e6">
         <name>.text:UARTIntClear</name>
         <load_address>0x20008f94</load_address>
         <run_address>0x20008f94</run_address>
         <size>0x12</size>
         <input_file_ref idref="fl-f8"/>
      </object_component>
      <object_component id="oc-1c2">
         <name>.text:_inpchar</name>
         <load_address>0x20008fa6</load_address>
         <run_address>0x20008fa6</run_address>
         <size>0x12</size>
         <input_file_ref idref="fl-cc"/>
      </object_component>
      <object_component id="oc-218">
         <name>.text:uDMAIntUnregister</name>
         <load_address>0x20008fb8</load_address>
         <run_address>0x20008fb8</run_address>
         <size>0x12</size>
         <input_file_ref idref="fl-f9"/>
      </object_component>
      <object_component id="oc-486">
         <name>.text:wcslen</name>
         <load_address>0x20008fca</load_address>
         <run_address>0x20008fca</run_address>
         <size>0x12</size>
         <input_file_ref idref="fl-e8"/>
      </object_component>
      <object_component id="oc-18">
         <name>.text:decompress:none:__TI_decompress_none</name>
         <load_address>0x20008fdc</load_address>
         <run_address>0x20008fdc</run_address>
         <size>0xe</size>
         <input_file_ref idref="fl-c7"/>
      </object_component>
      <object_component id="oc-26">
         <name>.text</name>
         <load_address>0x20008fea</load_address>
         <run_address>0x20008fea</run_address>
         <size>0xe</size>
         <input_file_ref idref="fl-5"/>
      </object_component>
      <object_component id="oc-4c">
         <name>.text:decompress:ZI:__TI_zero_init</name>
         <load_address>0x20008ff8</load_address>
         <run_address>0x20008ff8</run_address>
         <size>0xc</size>
         <input_file_ref idref="fl-c6"/>
      </object_component>
      <object_component id="oc-21e">
         <name>.text:uDMADisable</name>
         <load_address>0x20009004</load_address>
         <run_address>0x20009004</run_address>
         <size>0xc</size>
         <input_file_ref idref="fl-f9"/>
      </object_component>
      <object_component id="oc-1f4">
         <name>.text:uDMAEnable</name>
         <load_address>0x20009010</load_address>
         <run_address>0x20009010</run_address>
         <size>0xc</size>
         <input_file_ref idref="fl-f9"/>
      </object_component>
      <object_component id="oc-1dc">
         <name>.text:uDMAIntStatus</name>
         <load_address>0x2000901c</load_address>
         <run_address>0x2000901c</run_address>
         <size>0xc</size>
         <input_file_ref idref="fl-f9"/>
      </object_component>
      <object_component id="oc-c8">
         <name>.text:IntMasterEnable</name>
         <load_address>0x20009028</load_address>
         <run_address>0x20009028</run_address>
         <size>0xa</size>
         <input_file_ref idref="fl-f5"/>
      </object_component>
      <object_component id="oc-40e">
         <name>.text:__aeabi_errno_addr</name>
         <load_address>0x20009034</load_address>
         <run_address>0x20009034</run_address>
         <size>0x8</size>
         <input_file_ref idref="fl-e5"/>
      </object_component>
      <object_component id="oc-1c8">
         <name>.text:_uninpchar</name>
         <load_address>0x2000903c</load_address>
         <run_address>0x2000903c</run_address>
         <size>0x8</size>
         <input_file_ref idref="fl-cc"/>
      </object_component>
      <object_component id="oc-4ca">
         <name>.text:copysign</name>
         <load_address>0x20009044</load_address>
         <run_address>0x20009044</run_address>
         <size>0x8</size>
         <input_file_ref idref="fl-e9"/>
      </object_component>
      <object_component id="oc-136">
         <name>.text:UtilsDelay</name>
         <load_address>0x2000904c</load_address>
         <run_address>0x2000904c</run_address>
         <size>0x6</size>
         <input_file_ref idref="fl-fa"/>
      </object_component>
      <object_component id="oc-8e">
         <name>.text:_system_pre_init</name>
         <load_address>0x20009052</load_address>
         <run_address>0x20009052</run_address>
         <size>0x4</size>
         <input_file_ref idref="fl-d3"/>
      </object_component>
      <object_component id="oc-147">
         <name>.text:abort:abort</name>
         <load_address>0x20009056</load_address>
         <run_address>0x20009056</run_address>
         <size>0x4</size>
         <input_file_ref idref="fl-d5"/>
      </object_component>
      <object_component id="oc-321">
         <name>.const:.string:_ctypes_</name>
         <load_address>0x20009060</load_address>
         <run_address>0x20009060</run_address>
         <size>0x101</size>
         <input_file_ref idref="fl-da"/>
      </object_component>
      <object_component id="oc-45b">
         <name>.const:g_ulPinToPadMap</name>
         <load_address>0x20009164</load_address>
         <run_address>0x20009164</run_address>
         <size>0x100</size>
         <input_file_ref idref="fl-f6"/>
      </object_component>
      <object_component id="oc-34b">
         <name>.const:g_pulRegs</name>
         <load_address>0x20009264</load_address>
         <run_address>0x20009264</run_address>
         <size>0xd4</size>
         <input_file_ref idref="fl-f5"/>
      </object_component>
      <object_component id="oc-432">
         <name>.const:$O1$$</name>
         <load_address>0x20009338</load_address>
         <run_address>0x20009338</run_address>
         <size>0xc8</size>
         <input_file_ref idref="fl-e0"/>
      </object_component>
      <object_component id="oc-2f1">
         <name>.const:PRCM_PeriphRegsList</name>
         <load_address>0x20009400</load_address>
         <run_address>0x20009400</run_address>
         <size>0xa8</size>
         <input_file_ref idref="fl-f7"/>
      </object_component>
      <object_component id="oc-192">
         <name>.const</name>
         <load_address>0x200094a8</load_address>
         <run_address>0x200094a8</run_address>
         <size>0x80</size>
         <input_file_ref idref="fl-f5"/>
      </object_component>
      <object_component id="oc-336">
         <name>.const:$O1$$</name>
         <load_address>0x20009528</load_address>
         <run_address>0x20009528</run_address>
         <size>0x10</size>
         <input_file_ref idref="fl-d7"/>
      </object_component>
      <object_component id="oc-389">
         <name>.const</name>
         <load_address>0x20009538</load_address>
         <run_address>0x20009538</run_address>
         <size>0x10</size>
         <input_file_ref idref="fl-f8"/>
      </object_component>
      <object_component id="oc-58a">
         <name>.cinit..data.load</name>
         <load_address>0x20009548</load_address>
         <run_address>0x20009548</run_address>
         <size>0x1f</size>
      </object_component>
      <object_component id="oc-588">
         <name>__TI_handler_table</name>
         <load_address>0x20009568</load_address>
         <run_address>0x20009568</run_address>
         <size>0xc</size>
      </object_component>
      <object_component id="oc-58b">
         <name>.cinit..bss.load</name>
         <load_address>0x20009578</load_address>
         <run_address>0x20009578</run_address>
         <size>0x8</size>
      </object_component>
      <object_component id="oc-589">
         <name>__TI_cinit_table</name>
         <load_address>0x20009580</load_address>
         <run_address>0x20009580</run_address>
         <size>0x10</size>
      </object_component>
      <object_component id="oc-143">
         <name>.data</name>
         <load_address>0x20017d50</load_address>
         <run_address>0x20017d50</run_address>
         <size>0x8</size>
         <input_file_ref idref="fl-3"/>
      </object_component>
      <object_component id="oc-3c9">
         <name>.data:$O1$$</name>
         <load_address>0x20017d3c</load_address>
         <run_address>0x20017d3c</run_address>
         <size>0xc</size>
         <input_file_ref idref="fl-c9"/>
      </object_component>
      <object_component id="oc-2ce">
         <name>.data:$O1$$</name>
         <load_address>0x20017d48</load_address>
         <run_address>0x20017d48</run_address>
         <size>0x8</size>
         <input_file_ref idref="fl-ca"/>
      </object_component>
      <object_component id="oc-4bd">
         <name>.data</name>
         <load_address>0x20017d58</load_address>
         <run_address>0x20017d58</run_address>
         <size>0x4</size>
         <input_file_ref idref="fl-e5"/>
      </object_component>
      <object_component id="oc-140">
         <name>.bss:ucTextBuff</name>
         <uninitialized>true</uninitialized>
         <run_address>0x20017d00</run_address>
         <size>0x34</size>
         <input_file_ref idref="fl-3"/>
      </object_component>
      <object_component id="oc-13d">
         <name>.bss</name>
         <uninitialized>true</uninitialized>
         <run_address>0x20017d38</run_address>
         <size>0x1</size>
         <input_file_ref idref="fl-3"/>
      </object_component>
      <object_component id="oc-2ad">
         <name>.bss</name>
         <uninitialized>true</uninitialized>
         <run_address>0x20017d34</run_address>
         <size>0x4</size>
         <input_file_ref idref="fl-6"/>
      </object_component>
      <object_component id="oc-23c">
         <name>.common:iDone</name>
         <uninitialized>true</uninitialized>
         <run_address>0x20017d39</run_address>
         <size>0x1</size>
      </object_component>
      <object_component id="oc-240">
         <name>.common:gfpAppCallbackHndl</name>
         <uninitialized>true</uninitialized>
         <run_address>0x20017c00</run_address>
         <size>0x100</size>
      </object_component>
      <object_component id="oc-23f">
         <name>.common:gpCtlTbl</name>
         <uninitialized>true</uninitialized>
         <run_address>0x20017800</run_address>
         <size>0x400</size>
      </object_component>
      <object_component id="oc-20">
         <name>.sysmem</name>
         <uninitialized>true</uninitialized>
         <run_address>0x20017000</run_address>
         <size>0x8</size>
         <input_file_ref idref="fl-c9"/>
      </object_component>
      <object_component id="oc-58d">
         <name>.sysmem</name>
         <uninitialized>true</uninitialized>
         <run_address>0x20017000</run_address>
         <size>0x0</size>
      </object_component>
      <object_component id="oc-23">
         <name>.stack</name>
         <uninitialized>true</uninitialized>
         <run_address>0x2002ff00</run_address>
         <size>0x4</size>
         <input_file_ref idref="fl-cf"/>
      </object_component>
      <object_component id="oc-58c">
         <name>.stack</name>
         <uninitialized>true</uninitialized>
         <run_address>0x2002ff00</run_address>
         <size>0x0</size>
      </object_component>
      <object_component id="oc-44d">
         <name>.debug_info</name>
         <load_address>0x0</load_address>
         <run_address>0x0</run_address>
         <size>0x34f</size>
         <input_file_ref idref="fl-2"/>
      </object_component>
      <object_component id="oc-370">
         <name>.debug_info</name>
         <load_address>0x34f</load_address>
         <run_address>0x34f</run_address>
         <size>0x26b</size>
         <input_file_ref idref="fl-2"/>
      </object_component>
      <object_component id="oc-3fd">
         <name>.debug_info</name>
         <load_address>0x5ba</load_address>
         <run_address>0x5ba</run_address>
         <size>0x62</size>
         <input_file_ref idref="fl-2"/>
      </object_component>
      <object_component id="oc-35">
         <name>.debug_info</name>
         <load_address>0x61c</load_address>
         <run_address>0x61c</run_address>
         <size>0x84</size>
         <input_file_ref idref="fl-2"/>
      </object_component>
      <object_component id="oc-344">
         <name>.debug_info</name>
         <load_address>0x6a0</load_address>
         <run_address>0x6a0</run_address>
         <size>0x297</size>
         <input_file_ref idref="fl-2"/>
      </object_component>
      <object_component id="oc-18d">
         <name>.debug_info</name>
         <load_address>0x937</load_address>
         <run_address>0x937</run_address>
         <size>0x2c</size>
         <input_file_ref idref="fl-2"/>
      </object_component>
      <object_component id="oc-375">
         <name>.debug_info</name>
         <load_address>0x963</load_address>
         <run_address>0x963</run_address>
         <size>0xcc</size>
         <input_file_ref idref="fl-2"/>
      </object_component>
      <object_component id="oc-1d6">
         <name>.debug_info</name>
         <load_address>0xa2f</load_address>
         <run_address>0xa2f</run_address>
         <size>0x2c</size>
         <input_file_ref idref="fl-2"/>
      </object_component>
      <object_component id="oc-2c5">
         <name>.debug_info</name>
         <load_address>0xa5b</load_address>
         <run_address>0xa5b</run_address>
         <size>0x59f</size>
         <input_file_ref idref="fl-3"/>
      </object_component>
      <object_component id="oc-144">
         <name>.debug_info</name>
         <load_address>0xffa</load_address>
         <run_address>0xffa</run_address>
         <size>0xe5</size>
         <input_file_ref idref="fl-3"/>
      </object_component>
      <object_component id="oc-141">
         <name>.debug_info</name>
         <load_address>0x10df</load_address>
         <run_address>0x10df</run_address>
         <size>0xc9</size>
         <input_file_ref idref="fl-3"/>
      </object_component>
      <object_component id="oc-13e">
         <name>.debug_info</name>
         <load_address>0x11a8</load_address>
         <run_address>0x11a8</run_address>
         <size>0xc3</size>
         <input_file_ref idref="fl-3"/>
      </object_component>
      <object_component id="oc-95">
         <name>.debug_info</name>
         <load_address>0x126b</load_address>
         <run_address>0x126b</run_address>
         <size>0x5a5</size>
         <input_file_ref idref="fl-3"/>
      </object_component>
      <object_component id="oc-36b">
         <name>.debug_info</name>
         <load_address>0x1810</load_address>
         <run_address>0x1810</run_address>
         <size>0x86</size>
         <input_file_ref idref="fl-3"/>
      </object_component>
      <object_component id="oc-242">
         <name>.debug_info</name>
         <load_address>0x1896</load_address>
         <run_address>0x1896</run_address>
         <size>0x2c</size>
         <input_file_ref idref="fl-3"/>
      </object_component>
      <object_component id="oc-f3">
         <name>.debug_info</name>
         <load_address>0x18c2</load_address>
         <run_address>0x18c2</run_address>
         <size>0x218</size>
         <input_file_ref idref="fl-4"/>
      </object_component>
      <object_component id="oc-2e">
         <name>.debug_info</name>
         <load_address>0x1ada</load_address>
         <run_address>0x1ada</run_address>
         <size>0x183</size>
         <input_file_ref idref="fl-5"/>
      </object_component>
      <object_component id="oc-10">
         <name>.debug_info</name>
         <load_address>0x1c5d</load_address>
         <run_address>0x1c5d</run_address>
         <size>0x102</size>
         <input_file_ref idref="fl-5"/>
      </object_component>
      <object_component id="oc-27">
         <name>.debug_info</name>
         <load_address>0x1d5f</load_address>
         <run_address>0x1d5f</run_address>
         <size>0x423</size>
         <input_file_ref idref="fl-5"/>
      </object_component>
      <object_component id="oc-2b1">
         <name>.debug_info</name>
         <load_address>0x2182</load_address>
         <run_address>0x2182</run_address>
         <size>0x3c8</size>
         <input_file_ref idref="fl-6"/>
      </object_component>
      <object_component id="oc-2ae">
         <name>.debug_info</name>
         <load_address>0x254a</load_address>
         <run_address>0x254a</run_address>
         <size>0xf9</size>
         <input_file_ref idref="fl-6"/>
      </object_component>
      <object_component id="oc-111">
         <name>.debug_info</name>
         <load_address>0x2643</load_address>
         <run_address>0x2643</run_address>
         <size>0x8d5</size>
         <input_file_ref idref="fl-6"/>
      </object_component>
      <object_component id="oc-2b2">
         <name>.debug_info</name>
         <load_address>0x2f18</load_address>
         <run_address>0x2f18</run_address>
         <size>0x110</size>
         <input_file_ref idref="fl-6"/>
      </object_component>
      <object_component id="oc-23d">
         <name>.debug_info</name>
         <load_address>0x3028</load_address>
         <run_address>0x3028</run_address>
         <size>0x618</size>
         <input_file_ref idref="fl-7"/>
      </object_component>
      <object_component id="oc-ed">
         <name>.debug_info</name>
         <load_address>0x3640</load_address>
         <run_address>0x3640</run_address>
         <size>0xeaf</size>
         <input_file_ref idref="fl-7"/>
      </object_component>
      <object_component id="oc-89">
         <name>.debug_info</name>
         <load_address>0x44ef</load_address>
         <run_address>0x44ef</run_address>
         <size>0x13f</size>
         <input_file_ref idref="fl-c2"/>
      </object_component>
      <object_component id="oc-128">
         <name>.debug_info</name>
         <load_address>0x462e</load_address>
         <run_address>0x462e</run_address>
         <size>0x144</size>
         <input_file_ref idref="fl-c3"/>
      </object_component>
      <object_component id="oc-123">
         <name>.debug_info</name>
         <load_address>0x4772</load_address>
         <run_address>0x4772</run_address>
         <size>0x146</size>
         <input_file_ref idref="fl-c3"/>
      </object_component>
      <object_component id="oc-12f">
         <name>.debug_info</name>
         <load_address>0x48b8</load_address>
         <run_address>0x48b8</run_address>
         <size>0x132</size>
         <input_file_ref idref="fl-c4"/>
      </object_component>
      <object_component id="oc-132">
         <name>.debug_info</name>
         <load_address>0x49ea</load_address>
         <run_address>0x49ea</run_address>
         <size>0x141</size>
         <input_file_ref idref="fl-c5"/>
      </object_component>
      <object_component id="oc-87">
         <name>.debug_info</name>
         <load_address>0x4b2b</load_address>
         <run_address>0x4b2b</run_address>
         <size>0x1e5</size>
         <input_file_ref idref="fl-c6"/>
      </object_component>
      <object_component id="oc-4e">
         <name>.debug_info</name>
         <load_address>0x4d10</load_address>
         <run_address>0x4d10</run_address>
         <size>0x1aa</size>
         <input_file_ref idref="fl-c6"/>
      </object_component>
      <object_component id="oc-82">
         <name>.debug_info</name>
         <load_address>0x4eba</load_address>
         <run_address>0x4eba</run_address>
         <size>0x46</size>
         <input_file_ref idref="fl-c6"/>
      </object_component>
      <object_component id="oc-b9">
         <name>.debug_info</name>
         <load_address>0x4f00</load_address>
         <run_address>0x4f00</run_address>
         <size>0x2c</size>
         <input_file_ref idref="fl-c6"/>
      </object_component>
      <object_component id="oc-45">
         <name>.debug_info</name>
         <load_address>0x4f2c</load_address>
         <run_address>0x4f2c</run_address>
         <size>0x16f</size>
         <input_file_ref idref="fl-c7"/>
      </object_component>
      <object_component id="oc-19">
         <name>.debug_info</name>
         <load_address>0x509b</load_address>
         <run_address>0x509b</run_address>
         <size>0x1df</size>
         <input_file_ref idref="fl-c7"/>
      </object_component>
      <object_component id="oc-40">
         <name>.debug_info</name>
         <load_address>0x527a</load_address>
         <run_address>0x527a</run_address>
         <size>0x46</size>
         <input_file_ref idref="fl-c7"/>
      </object_component>
      <object_component id="oc-7a">
         <name>.debug_info</name>
         <load_address>0x52c0</load_address>
         <run_address>0x52c0</run_address>
         <size>0x2c</size>
         <input_file_ref idref="fl-c7"/>
      </object_component>
      <object_component id="oc-78">
         <name>.debug_info</name>
         <load_address>0x52ec</load_address>
         <run_address>0x52ec</run_address>
         <size>0x165</size>
         <input_file_ref idref="fl-c8"/>
      </object_component>
      <object_component id="oc-13">
         <name>.debug_info</name>
         <load_address>0x5451</load_address>
         <run_address>0x5451</run_address>
         <size>0x245</size>
         <input_file_ref idref="fl-c8"/>
      </object_component>
      <object_component id="oc-30">
         <name>.debug_info</name>
         <load_address>0x5696</load_address>
         <run_address>0x5696</run_address>
         <size>0x60</size>
         <input_file_ref idref="fl-c8"/>
      </object_component>
      <object_component id="oc-b2">
         <name>.debug_info</name>
         <load_address>0x56f6</load_address>
         <run_address>0x56f6</run_address>
         <size>0x46</size>
         <input_file_ref idref="fl-c8"/>
      </object_component>
      <object_component id="oc-73">
         <name>.debug_info</name>
         <load_address>0x573c</load_address>
         <run_address>0x573c</run_address>
         <size>0x39</size>
         <input_file_ref idref="fl-c8"/>
      </object_component>
      <object_component id="oc-6c">
         <name>.debug_info</name>
         <load_address>0x5775</load_address>
         <run_address>0x5775</run_address>
         <size>0x28d</size>
         <input_file_ref idref="fl-c9"/>
      </object_component>
      <object_component id="oc-21">
         <name>.debug_info</name>
         <load_address>0x5a02</load_address>
         <run_address>0x5a02</run_address>
         <size>0x101</size>
         <input_file_ref idref="fl-c9"/>
      </object_component>
      <object_component id="oc-3ca">
         <name>.debug_info</name>
         <load_address>0x5b03</load_address>
         <run_address>0x5b03</run_address>
         <size>0x14c</size>
         <input_file_ref idref="fl-c9"/>
      </object_component>
      <object_component id="oc-3b9">
         <name>.debug_info</name>
         <load_address>0x5c4f</load_address>
         <run_address>0x5c4f</run_address>
         <size>0x139</size>
         <input_file_ref idref="fl-c9"/>
      </object_component>
      <object_component id="oc-3bf">
         <name>.debug_info</name>
         <load_address>0x5d88</load_address>
         <run_address>0x5d88</run_address>
         <size>0x174</size>
         <input_file_ref idref="fl-c9"/>
      </object_component>
      <object_component id="oc-3c5">
         <name>.debug_info</name>
         <load_address>0x5efc</load_address>
         <run_address>0x5efc</run_address>
         <size>0x172</size>
         <input_file_ref idref="fl-c9"/>
      </object_component>
      <object_component id="oc-29d">
         <name>.debug_info</name>
         <load_address>0x606e</load_address>
         <run_address>0x606e</run_address>
         <size>0x1db</size>
         <input_file_ref idref="fl-c9"/>
      </object_component>
      <object_component id="oc-2a9">
         <name>.debug_info</name>
         <load_address>0x6249</load_address>
         <run_address>0x6249</run_address>
         <size>0x1e6</size>
         <input_file_ref idref="fl-c9"/>
      </object_component>
      <object_component id="oc-2a3">
         <name>.debug_info</name>
         <load_address>0x642f</load_address>
         <run_address>0x642f</run_address>
         <size>0x27e</size>
         <input_file_ref idref="fl-c9"/>
      </object_component>
      <object_component id="oc-a8">
         <name>.debug_info</name>
         <load_address>0x66ad</load_address>
         <run_address>0x66ad</run_address>
         <size>0x2c</size>
         <input_file_ref idref="fl-c9"/>
      </object_component>
      <object_component id="oc-ad">
         <name>.debug_info</name>
         <load_address>0x66d9</load_address>
         <run_address>0x66d9</run_address>
         <size>0x62</size>
         <input_file_ref idref="fl-c9"/>
      </object_component>
      <object_component id="oc-3e0">
         <name>.debug_info</name>
         <load_address>0x673b</load_address>
         <run_address>0x673b</run_address>
         <size>0x190</size>
         <input_file_ref idref="fl-ca"/>
      </object_component>
      <object_component id="oc-2cf">
         <name>.debug_info</name>
         <load_address>0x68cb</load_address>
         <run_address>0x68cb</run_address>
         <size>0x113</size>
         <input_file_ref idref="fl-ca"/>
      </object_component>
      <object_component id="oc-3d9">
         <name>.debug_info</name>
         <load_address>0x69de</load_address>
         <run_address>0x69de</run_address>
         <size>0x123</size>
         <input_file_ref idref="fl-ca"/>
      </object_component>
      <object_component id="oc-3b6">
         <name>.debug_info</name>
         <load_address>0x6b01</load_address>
         <run_address>0x6b01</run_address>
         <size>0x16c</size>
         <input_file_ref idref="fl-cb"/>
      </object_component>
      <object_component id="oc-296">
         <name>.debug_info</name>
         <load_address>0x6c6d</load_address>
         <run_address>0x6c6d</run_address>
         <size>0x1ab</size>
         <input_file_ref idref="fl-cb"/>
      </object_component>
      <object_component id="oc-1d5">
         <name>.debug_info</name>
         <load_address>0x6e18</load_address>
         <run_address>0x6e18</run_address>
         <size>0x265</size>
         <input_file_ref idref="fl-cc"/>
      </object_component>
      <object_component id="oc-e1">
         <name>.debug_info</name>
         <load_address>0x707d</load_address>
         <run_address>0x707d</run_address>
         <size>0x173</size>
         <input_file_ref idref="fl-cc"/>
      </object_component>
      <object_component id="oc-1c9">
         <name>.debug_info</name>
         <load_address>0x71f0</load_address>
         <run_address>0x71f0</run_address>
         <size>0x166</size>
         <input_file_ref idref="fl-cc"/>
      </object_component>
      <object_component id="oc-1c3">
         <name>.debug_info</name>
         <load_address>0x7356</load_address>
         <run_address>0x7356</run_address>
         <size>0x173</size>
         <input_file_ref idref="fl-cc"/>
      </object_component>
      <object_component id="oc-1cf">
         <name>.debug_info</name>
         <load_address>0x74c9</load_address>
         <run_address>0x74c9</run_address>
         <size>0x1d3</size>
         <input_file_ref idref="fl-cc"/>
      </object_component>
      <object_component id="oc-3b4">
         <name>.debug_info</name>
         <load_address>0x769c</load_address>
         <run_address>0x769c</run_address>
         <size>0x156</size>
         <input_file_ref idref="fl-cd"/>
      </object_component>
      <object_component id="oc-290">
         <name>.debug_info</name>
         <load_address>0x77f2</load_address>
         <run_address>0x77f2</run_address>
         <size>0x22a</size>
         <input_file_ref idref="fl-cd"/>
      </object_component>
      <object_component id="oc-3a6">
         <name>.debug_info</name>
         <load_address>0x7a1c</load_address>
         <run_address>0x7a1c</run_address>
         <size>0x207</size>
         <input_file_ref idref="fl-ce"/>
      </object_component>
      <object_component id="oc-27e">
         <name>.debug_info</name>
         <load_address>0x7c23</load_address>
         <run_address>0x7c23</run_address>
         <size>0x1fd</size>
         <input_file_ref idref="fl-ce"/>
      </object_component>
      <object_component id="oc-39a">
         <name>.debug_info</name>
         <load_address>0x7e20</load_address>
         <run_address>0x7e20</run_address>
         <size>0x1bb</size>
         <input_file_ref idref="fl-ce"/>
      </object_component>
      <object_component id="oc-3a0">
         <name>.debug_info</name>
         <load_address>0x7fdb</load_address>
         <run_address>0x7fdb</run_address>
         <size>0x16e</size>
         <input_file_ref idref="fl-ce"/>
      </object_component>
      <object_component id="oc-3a7">
         <name>.debug_info</name>
         <load_address>0x8149</load_address>
         <run_address>0x8149</run_address>
         <size>0x2c</size>
         <input_file_ref idref="fl-ce"/>
      </object_component>
      <object_component id="oc-3ac">
         <name>.debug_info</name>
         <load_address>0x8175</load_address>
         <run_address>0x8175</run_address>
         <size>0x69</size>
         <input_file_ref idref="fl-ce"/>
      </object_component>
      <object_component id="oc-24">
         <name>.debug_info</name>
         <load_address>0x81de</load_address>
         <run_address>0x81de</run_address>
         <size>0x100</size>
         <input_file_ref idref="fl-cf"/>
      </object_component>
      <object_component id="oc-59">
         <name>.debug_info</name>
         <load_address>0x82de</load_address>
         <run_address>0x82de</run_address>
         <size>0x1a4</size>
         <input_file_ref idref="fl-cf"/>
      </object_component>
      <object_component id="oc-2bd">
         <name>.debug_info</name>
         <load_address>0x8482</load_address>
         <run_address>0x8482</run_address>
         <size>0x126</size>
         <input_file_ref idref="fl-d0"/>
      </object_component>
      <object_component id="oc-3b">
         <name>.debug_info</name>
         <load_address>0x85a8</load_address>
         <run_address>0x85a8</run_address>
         <size>0x111</size>
         <input_file_ref idref="fl-d1"/>
      </object_component>
      <object_component id="oc-2d5">
         <name>.debug_info</name>
         <load_address>0x86b9</load_address>
         <run_address>0x86b9</run_address>
         <size>0x419</size>
         <input_file_ref idref="fl-d2"/>
      </object_component>
      <object_component id="oc-154">
         <name>.debug_info</name>
         <load_address>0x8ad2</load_address>
         <run_address>0x8ad2</run_address>
         <size>0x19b</size>
         <input_file_ref idref="fl-d2"/>
      </object_component>
      <object_component id="oc-3e6">
         <name>.debug_info</name>
         <load_address>0x8c6d</load_address>
         <run_address>0x8c6d</run_address>
         <size>0x39</size>
         <input_file_ref idref="fl-d2"/>
      </object_component>
      <object_component id="oc-4a8">
         <name>.debug_info</name>
         <load_address>0x8ca6</load_address>
         <run_address>0x8ca6</run_address>
         <size>0x39</size>
         <input_file_ref idref="fl-d2"/>
      </object_component>
      <object_component id="oc-3eb">
         <name>.debug_info</name>
         <load_address>0x8cdf</load_address>
         <run_address>0x8cdf</run_address>
         <size>0x39</size>
         <input_file_ref idref="fl-d2"/>
      </object_component>
      <object_component id="oc-3f0">
         <name>.debug_info</name>
         <load_address>0x8d18</load_address>
         <run_address>0x8d18</run_address>
         <size>0xcd</size>
         <input_file_ref idref="fl-d2"/>
      </object_component>
      <object_component id="oc-8f">
         <name>.debug_info</name>
         <load_address>0x8de5</load_address>
         <run_address>0x8de5</run_address>
         <size>0x148</size>
         <input_file_ref idref="fl-d3"/>
      </object_component>
      <object_component id="oc-14a">
         <name>.debug_info</name>
         <load_address>0x8f2d</load_address>
         <run_address>0x8f2d</run_address>
         <size>0x117</size>
         <input_file_ref idref="fl-d5"/>
      </object_component>
      <object_component id="oc-48d">
         <name>.debug_info</name>
         <load_address>0x9044</load_address>
         <run_address>0x9044</run_address>
         <size>0x778</size>
         <input_file_ref idref="fl-d6"/>
      </object_component>
      <object_component id="oc-463">
         <name>.debug_info</name>
         <load_address>0x97bc</load_address>
         <run_address>0x97bc</run_address>
         <size>0x213</size>
         <input_file_ref idref="fl-d6"/>
      </object_component>
      <object_component id="oc-504">
         <name>.debug_info</name>
         <load_address>0x99cf</load_address>
         <run_address>0x99cf</run_address>
         <size>0x1a8</size>
         <input_file_ref idref="fl-d6"/>
      </object_component>
      <object_component id="oc-50a">
         <name>.debug_info</name>
         <load_address>0x9b77</load_address>
         <run_address>0x9b77</run_address>
         <size>0x210</size>
         <input_file_ref idref="fl-d6"/>
      </object_component>
      <object_component id="oc-469">
         <name>.debug_info</name>
         <load_address>0x9d87</load_address>
         <run_address>0x9d87</run_address>
         <size>0x3af</size>
         <input_file_ref idref="fl-d6"/>
      </object_component>
      <object_component id="oc-511">
         <name>.debug_info</name>
         <load_address>0xa136</load_address>
         <run_address>0xa136</run_address>
         <size>0x2fb</size>
         <input_file_ref idref="fl-d6"/>
      </object_component>
      <object_component id="oc-517">
         <name>.debug_info</name>
         <load_address>0xa431</load_address>
         <run_address>0xa431</run_address>
         <size>0x20a</size>
         <input_file_ref idref="fl-d6"/>
      </object_component>
      <object_component id="oc-46f">
         <name>.debug_info</name>
         <load_address>0xa63b</load_address>
         <run_address>0xa63b</run_address>
         <size>0x21d</size>
         <input_file_ref idref="fl-d6"/>
      </object_component>
      <object_component id="oc-475">
         <name>.debug_info</name>
         <load_address>0xa858</load_address>
         <run_address>0xa858</run_address>
         <size>0x2f8</size>
         <input_file_ref idref="fl-d6"/>
      </object_component>
      <object_component id="oc-47b">
         <name>.debug_info</name>
         <load_address>0xab50</load_address>
         <run_address>0xab50</run_address>
         <size>0x4a4</size>
         <input_file_ref idref="fl-d6"/>
      </object_component>
      <object_component id="oc-394">
         <name>.debug_info</name>
         <load_address>0xaff4</load_address>
         <run_address>0xaff4</run_address>
         <size>0x5cd</size>
         <input_file_ref idref="fl-d6"/>
      </object_component>
      <object_component id="oc-48e">
         <name>.debug_info</name>
         <load_address>0xb5c1</load_address>
         <run_address>0xb5c1</run_address>
         <size>0x86</size>
         <input_file_ref idref="fl-d6"/>
      </object_component>
      <object_component id="oc-448">
         <name>.debug_info</name>
         <load_address>0xb647</load_address>
         <run_address>0xb647</run_address>
[...]
         <value>0x20008079</value>
         <object_component_ref idref="oc-88"/>
      </symbol>
      <symbol id="sm-163">
         <name>__aeabi_cfrcmple</name>
         <value>0x200084b9</value>
         <object_component_ref idref="oc-122"/>
      </symbol>
      <symbol id="sm-164">
         <name>__aeabi_cfcmpeq</name>
         <value>0x20008459</value>
         <object_component_ref idref="oc-127"/>
      </symbol>
      <symbol id="sm-165">
         <name>__aeabi_cfcmple</name>
         <value>0x20008459</value>
         <object_component_ref idref="oc-127"/>
      </symbol>
      <symbol id="sm-172">
         <name>__aeabi_fdiv</name>
         <value>0x20007dcd</value>
         <object_component_ref idref="oc-12c"/>
      </symbol>
      <symbol id="sm-17d">
         <name>__aeabi_f2uiz</name>
         <value>0x20008adb</value>
         <object_component_ref idref="oc-131"/>
      </symbol>
      <symbol id="sm-194">
         <name>__TI_zero_init</name>
         <value>0x20008ff9</value>
         <object_component_ref idref="oc-4c"/>
      </symbol>
      <symbol id="sm-1ab">
         <name>__TI_decompress_none</name>
         <value>0x20008fdd</value>
         <object_component_ref idref="oc-18"/>
      </symbol>
      <symbol id="sm-1ce">
         <name>__TI_decompress_lzss</name>
         <value>0x20008329</value>
         <object_component_ref idref="oc-12"/>
      </symbol>
      <symbol id="sm-264">
         <name>_sys_memory</name>
         <value>0x20017000</value>
         <object_component_ref idref="oc-20"/>
      </symbol>
      <symbol id="sm-265">
         <name>free</name>
         <value>0x20007859</value>
         <object_component_ref idref="oc-2a7"/>
      </symbol>
      <symbol id="sm-266">
         <name>realloc</name>
         <value>0x20007449</value>
         <object_component_ref idref="oc-2a1"/>
      </symbol>
      <symbol id="sm-267">
         <name>malloc</name>
         <value>0x200080f5</value>
         <object_component_ref idref="oc-29b"/>
      </symbol>
      <symbol id="sm-268">
         <name>minit</name>
         <value>0x200089fd</value>
         <object_component_ref idref="oc-3b7"/>
      </symbol>
      <symbol id="sm-27d">
         <name>_nop</name>
         <value>0x20006caf</value>
         <object_component_ref idref="oc-3d8"/>
      </symbol>
      <symbol id="sm-27e">
         <name>_lock</name>
         <value>0x20017d48</value>
         <object_component_ref idref="oc-2ce"/>
      </symbol>
      <symbol id="sm-27f">
         <name>_unlock</name>
         <value>0x20017d4c</value>
         <object_component_ref idref="oc-2ce"/>
      </symbol>
      <symbol id="sm-28f">
         <name>memmove</name>
         <value>0x20008cbd</value>
         <object_component_ref idref="oc-295"/>
      </symbol>
      <symbol id="sm-2c6">
         <name>sscanf</name>
         <value>0x20008a6d</value>
         <object_component_ref idref="oc-e0"/>
      </symbol>
      <symbol id="sm-2d4">
         <name>strlen</name>
         <value>0x20008f59</value>
         <object_component_ref idref="oc-28f"/>
      </symbol>
      <symbol id="sm-303">
         <name>vsnprintf</name>
         <value>0x200088c9</value>
         <object_component_ref idref="oc-27d"/>
      </symbol>
      <symbol id="sm-315">
         <name>__stack</name>
         <value>0x2002ff00</value>
         <object_component_ref idref="oc-23"/>
      </symbol>
      <symbol id="sm-316">
         <name>_c_int00_noargs</name>
         <value>0x20008c25</value>
         <object_component_ref idref="oc-58"/>
      </symbol>
      <symbol id="sm-320">
         <name>__aeabi_f2iz</name>
         <value>0x20008a35</value>
         <object_component_ref idref="oc-2bc"/>
      </symbol>
      <symbol id="sm-33b">
         <name>memcpy</name>
         <value>0x20007c05</value>
         <object_component_ref idref="oc-3a"/>
      </symbol>
      <symbol id="sm-33c">
         <name>__aeabi_memcpy</name>
         <value>0x20007c05</value>
         <object_component_ref idref="oc-3a"/>
      </symbol>
      <symbol id="sm-33d">
         <name>__aeabi_memcpy8</name>
         <value>0x20007c05</value>
         <object_component_ref idref="oc-3a"/>
      </symbol>
      <symbol id="sm-33e">
         <name>__aeabi_memcpy4</name>
         <value>0x20007c05</value>
         <object_component_ref idref="oc-3a"/>
      </symbol>
      <symbol id="sm-366">
         <name>__TI_auto_init_nobinit_nopinit</name>
         <value>0x20008845</value>
         <object_component_ref idref="oc-153"/>
      </symbol>
      <symbol id="sm-370">
         <name>_system_pre_init</name>
         <value>0x20009053</value>
         <object_component_ref idref="oc-8e"/>
      </symbol>
      <symbol id="sm-37c">
         <name>C$$EXIT</name>
         <value>0x20009057</value>
         <object_component_ref idref="oc-147"/>
      </symbol>
      <symbol id="sm-37d">
         <name>abort</name>
         <value>0x20009057</value>
         <object_component_ref idref="oc-147"/>
      </symbol>
      <symbol id="sm-4e2">
         <name>__TI_printfi</name>
         <value>0x20004eb9</value>
         <object_component_ref idref="oc-393"/>
      </symbol>
      <symbol id="sm-592">
         <name>__TI_scanfi</name>
         <value>0x20004401</value>
         <object_component_ref idref="oc-1bc"/>
      </symbol>
      <symbol id="sm-5a9">
         <name>atoi</name>
         <value>0x20008721</value>
         <object_component_ref idref="oc-324"/>
      </symbol>
      <symbol id="sm-5b4">
         <name>_ctypes_</name>
         <value>0x20009060</value>
         <object_component_ref idref="oc-321"/>
      </symbol>
      <symbol id="sm-5c3">
         <name>ltoa</name>
         <value>0x20008679</value>
         <object_component_ref idref="oc-4f8"/>
      </symbol>
      <symbol id="sm-5d3">
         <name>memccpy</name>
         <value>0x20008d79</value>
         <object_component_ref idref="oc-480"/>
      </symbol>
      <symbol id="sm-5e3">
         <name>strchr</name>
         <value>0x20008eef</value>
         <object_component_ref idref="oc-330"/>
      </symbol>
      <symbol id="sm-5f1">
         <name>strcpy</name>
         <value>0x20008f45</value>
         <object_component_ref idref="oc-2f8"/>
      </symbol>
      <symbol id="sm-600">
         <name>strrchr</name>
         <value>0x20008eab</value>
         <object_component_ref idref="oc-32a"/>
      </symbol>
      <symbol id="sm-65f">
         <name>strtold</name>
         <value>0x20005905</value>
         <object_component_ref idref="oc-30a"/>
      </symbol>
      <symbol id="sm-660">
         <name>strtod</name>
         <value>0x20005905</value>
         <object_component_ref idref="oc-30a"/>
      </symbol>
      <symbol id="sm-684">
         <name>strtol</name>
         <value>0x200071f9</value>
         <object_component_ref idref="oc-315"/>
      </symbol>
      <symbol id="sm-6aa">
         <name>strtoll</name>
         <value>0x20006585</value>
         <object_component_ref idref="oc-31b"/>
      </symbol>
      <symbol id="sm-6ca">
         <name>strtoul</name>
         <value>0x2000755d</value>
         <object_component_ref idref="oc-304"/>
      </symbol>
      <symbol id="sm-6ed">
         <name>strtoull</name>
         <value>0x20006e29</value>
         <object_component_ref idref="oc-2fe"/>
      </symbol>
      <symbol id="sm-703">
         <name>__aeabi_errno_addr</name>
         <value>0x20009035</value>
         <object_component_ref idref="oc-40e"/>
      </symbol>
      <symbol id="sm-704">
         <name>errno</name>
         <value>0x20017d58</value>
         <object_component_ref idref="oc-4bd"/>
      </symbol>
      <symbol id="sm-724">
         <name>frexpl</name>
         <value>0x20008519</value>
         <object_component_ref idref="oc-51e"/>
      </symbol>
      <symbol id="sm-725">
         <name>frexp</name>
         <value>0x20008519</value>
         <object_component_ref idref="oc-51e"/>
      </symbol>
      <symbol id="sm-743">
         <name>scalbn</name>
         <value>0x20007931</value>
         <object_component_ref idref="oc-42c"/>
      </symbol>
      <symbol id="sm-744">
         <name>scalbnl</name>
         <value>0x20007931</value>
         <object_component_ref idref="oc-42c"/>
      </symbol>
      <symbol id="sm-745">
         <name>ldexpl</name>
         <value>0x20007931</value>
         <object_component_ref idref="oc-42c"/>
      </symbol>
      <symbol id="sm-746">
         <name>ldexp</name>
         <value>0x20007931</value>
         <object_component_ref idref="oc-42c"/>
      </symbol>
      <symbol id="sm-75f">
         <name>wcslen</name>
         <value>0x20008fcb</value>
         <object_component_ref idref="oc-486"/>
      </symbol>
      <symbol id="sm-769">
         <name>copysign</name>
         <value>0x20009045</value>
         <object_component_ref idref="oc-4ca"/>
      </symbol>
      <symbol id="sm-76a">
         <name>copysignl</name>
         <value>0x20009045</value>
         <object_component_ref idref="oc-4ca"/>
      </symbol>
      <symbol id="sm-777">
         <name>__aeabi_uldivmod</name>
         <value>0x20007ca1</value>
         <object_component_ref idref="oc-409"/>
      </symbol>
      <symbol id="sm-78e">
         <name>__aeabi_dsub</name>
         <value>0x20006af9</value>
         <object_component_ref idref="oc-41d"/>
      </symbol>
      <symbol id="sm-78f">
         <name>__aeabi_dadd</name>
         <value>0x20006b03</value>
         <object_component_ref idref="oc-41d"/>
      </symbol>
      <symbol id="sm-7b1">
         <name>__aeabi_cdcmpeq</name>
         <value>0x20007ee9</value>
         <object_component_ref idref="oc-422"/>
      </symbol>
      <symbol id="sm-7b2">
         <name>__aeabi_cdcmple</name>
         <value>0x20007ee9</value>
         <object_component_ref idref="oc-422"/>
      </symbol>
      <symbol id="sm-7b3">
         <name>__aeabi_cdrcmple</name>
         <value>0x20007f6f</value>
         <object_component_ref idref="oc-4ee"/>
      </symbol>
      <symbol id="sm-7c7">
         <name>__aeabi_ddiv</name>
         <value>0x200070c1</value>
         <object_component_ref idref="oc-427"/>
      </symbol>
      <symbol id="sm-7d2">
         <name>__aeabi_dmul</name>
         <value>0x2000766d</value>
         <object_component_ref idref="oc-418"/>
      </symbol>
      <symbol id="sm-7dc">
         <name>__aeabi_d2iz</name>
         <value>0x200087b9</value>
         <object_component_ref idref="oc-4f3"/>
      </symbol>
      <symbol id="sm-7e8">
         <name>__aeabi_d2f</name>
         <value>0x20008251</value>
         <object_component_ref idref="oc-310"/>
      </symbol>
      <symbol id="sm-7f2">
         <name>__aeabi_i2d</name>
         <value>0x20008ba1</value>
         <object_component_ref idref="oc-4fe"/>
      </symbol>
      <symbol id="sm-7fb">
         <name>__aeabi_lmul</name>
         <value>0x20008e93</value>
         <object_component_ref idref="oc-404"/>
      </symbol>
      <symbol id="sm-805">
         <name>__aeabi_idiv0</name>
         <value>0x200071f7</value>
         <object_component_ref idref="oc-4b7"/>
      </symbol>
      <symbol id="sm-806">
         <name>__aeabi_ldiv0</name>
         <value>0x200071f7</value>
         <object_component_ref idref="oc-4b7"/>
      </symbol>
      <symbol id="sm-81a">
         <name>GPIODirModeSet</name>
         <value>0x20008aa5</value>
         <object_component_ref idref="oc-253"/>
      </symbol>
      <symbol id="sm-81b">
         <name>GPIOPinWrite</name>
         <value>0x20008ce1</value>
         <object_component_ref idref="oc-137"/>
      </symbol>
      <symbol id="sm-893">
         <name>IntPrioritySet</name>
         <value>0x20008625</value>
         <object_component_ref idref="oc-1e8"/>
      </symbol>
      <symbol id="sm-894">
         <name>IntVTableBaseSet</name>
         <value>0x20008f31</value>
         <object_component_ref idref="oc-c2"/>
      </symbol>
      <symbol id="sm-895">
         <name>IntEnable</name>
         <value>0x20007b5d</value>
         <object_component_ref idref="oc-ce"/>
      </symbol>
      <symbol id="sm-896">
         <name>IntDisable</name>
         <value>0x20007ab5</value>
         <object_component_ref idref="oc-357"/>
      </symbol>
      <symbol id="sm-897">
         <name>IntRegister</name>
         <value>0x20008d01</value>
         <object_component_ref idref="oc-260"/>
      </symbol>
      <symbol id="sm-898">
         <name>IntUnregister</name>
         <value>0x20008c75</value>
         <object_component_ref idref="oc-35d"/>
      </symbol>
      <symbol id="sm-899">
         <name>IntMasterEnable</name>
         <value>0x20009029</value>
         <object_component_ref idref="oc-c8"/>
      </symbol>
      <symbol id="sm-8d0">
         <name>PinTypeUART</name>
         <value>0x20008de9</value>
         <object_component_ref idref="oc-247"/>
      </symbol>
      <symbol id="sm-8d1">
         <name>PinTypeGPIO</name>
         <value>0x20008b0f</value>
         <object_component_ref idref="oc-24d"/>
      </symbol>
      <symbol id="sm-8d2">
         <name>PinConfigSet</name>
         <value>0x20007e61</value>
         <object_component_ref idref="oc-380"/>
      </symbol>
      <symbol id="sm-8d3">
         <name>PinModeSet</name>
         <value>0x20008889</value>
         <object_component_ref idref="oc-37a"/>
      </symbol>
      <symbol id="sm-959">
         <name>PRCMPeripheralReset</name>
         <value>0x20008575</value>
         <object_component_ref idref="oc-1ae"/>
      </symbol>
      <symbol id="sm-95a">
         <name>PRCMPeripheralClkEnable</name>
         <value>0x20008949</value>
         <object_component_ref idref="oc-1a8"/>
      </symbol>
      <symbol id="sm-95b">
         <name>PRCMPeripheralClockGet</name>
         <value>0x20007d39</value>
         <object_component_ref idref="oc-104"/>
      </symbol>
      <symbol id="sm-95c">
         <name>PRCMCC3200MCUInit</name>
         <value>0x20006cb1</value>
         <object_component_ref idref="oc-d4"/>
      </symbol>
      <symbol id="sm-95d">
         <name>PRCMHIBRegWrite</name>
         <value>0x20008ed9</value>
         <object_component_ref idref="oc-1a2"/>
      </symbol>
      <symbol id="sm-95e">
         <name>PRCMSysResetCauseGet</name>
         <value>0x20008bd1</value>
         <object_component_ref idref="oc-196"/>
      </symbol>
      <symbol id="sm-95f">
         <name>PRCMPeripheralClkDisable</name>
         <value>0x20008bfd</value>
         <object_component_ref idref="oc-1b4"/>
      </symbol>
      <symbol id="sm-960">
         <name>PRCMHIBRegRead</name>
         <value>0x20008ec3</value>
         <object_component_ref idref="oc-19c"/>
      </symbol>
      <symbol id="sm-9e6">
         <name>UARTDMAEnable</name>
         <value>0x20008e33</value>
         <object_component_ref idref="oc-11c"/>
      </symbol>
      <symbol id="sm-9e7">
         <name>UARTConfigSetExpClk</name>
         <value>0x2000816d</value>
         <object_component_ref idref="oc-10a"/>
      </symbol>
      <symbol id="sm-9e8">
         <name>UARTDisable</name>
         <value>0x20008b41</value>
         <object_component_ref idref="oc-26a"/>
      </symbol>
      <symbol id="sm-9e9">
         <name>UARTIntEnable</name>
         <value>0x20008e63</value>
         <object_component_ref idref="oc-fe"/>
      </symbol>
      <symbol id="sm-9ea">
         <name>UARTCharsAvail</name>
         <value>0x20008e03</value>
         <object_component_ref idref="oc-283"/>
      </symbol>
      <symbol id="sm-9eb">
         <name>UARTCharGetNonBlocking</name>
         <value>0x20008d5d</value>
         <object_component_ref idref="oc-289"/>
      </symbol>
      <symbol id="sm-9ec">
         <name>UARTCharPut</name>
         <value>0x20008d21</value>
         <object_component_ref idref="oc-277"/>
      </symbol>
      <symbol id="sm-9ed">
         <name>UARTEnable</name>
         <value>0x20008c99</value>
         <object_component_ref idref="oc-270"/>
      </symbol>
      <symbol id="sm-9ee">
         <name>UARTIntClear</name>
         <value>0x20008f95</value>
         <object_component_ref idref="oc-e6"/>
      </symbol>
      <symbol id="sm-9ef">
         <name>UARTDMADisable</name>
         <value>0x20008e1b</value>
         <object_component_ref idref="oc-da"/>
      </symbol>
      <symbol id="sm-9f0">
         <name>UARTFIFOLevelSet</name>
         <value>0x20008e4b</value>
         <object_component_ref idref="oc-116"/>
      </symbol>
      <symbol id="sm-9f1">
         <name>UARTIntRegister</name>
         <value>0x20008d3f</value>
         <object_component_ref idref="oc-f8"/>
      </symbol>
      <symbol id="sm-a9e">
         <name>uDMAChannelControlSet</name>
         <value>0x200089c1</value>
         <object_component_ref idref="oc-224"/>
      </symbol>
      <symbol id="sm-a9f">
         <name>uDMAIntClear</name>
         <value>0x20008f81</value>
         <object_component_ref idref="oc-1e2"/>
      </symbol>
      <symbol id="sm-aa0">
         <name>uDMAChannelDisable</name>
         <value>0x20008d95</value>
         <object_component_ref idref="oc-212"/>
      </symbol>
      <symbol id="sm-aa1">
         <name>uDMAIntUnregister</name>
         <value>0x20008fb9</value>
         <object_component_ref idref="oc-218"/>
      </symbol>
      <symbol id="sm-aa2">
         <name>uDMAChannelAttributeEnable</name>
         <value>0x200083f5</value>
         <object_component_ref idref="oc-22a"/>
      </symbol>
      <symbol id="sm-aa3">
         <name>uDMADisable</name>
         <value>0x20009005</value>
         <object_component_ref idref="oc-21e"/>
      </symbol>
      <symbol id="sm-aa4">
         <name>uDMAChannelTransferSet</name>
         <value>0x20007769</value>
         <object_component_ref idref="oc-230"/>
      </symbol>
      <symbol id="sm-aa5">
         <name>uDMAIntStatus</name>
         <value>0x2000901d</value>
         <object_component_ref idref="oc-1dc"/>
      </symbol>
      <symbol id="sm-aa6">
         <name>uDMAChannelAssign</name>
         <value>0x2000876d</value>
         <object_component_ref idref="oc-200"/>
      </symbol>
      <symbol id="sm-aa7">
         <name>uDMAIntRegister</name>
         <value>0x20008f05</value>
         <object_component_ref idref="oc-1ee"/>
      </symbol>
      <symbol id="sm-aa8">
         <name>uDMAEnable</name>
         <value>0x20009011</value>
         <object_component_ref idref="oc-1f4"/>
      </symbol>
      <symbol id="sm-aa9">
         <name>uDMAControlBaseSet</name>
         <value>0x20008f6d</value>
         <object_component_ref idref="oc-1fa"/>
      </symbol>
      <symbol id="sm-aaa">
         <name>uDMAChannelAttributeDisable</name>
         <value>0x20008391</value>
         <object_component_ref idref="oc-206"/>
      </symbol>
      <symbol id="sm-aab">
         <name>uDMAChannelEnable</name>
         <value>0x20008db1</value>
         <object_component_ref idref="oc-236"/>
      </symbol>
      <symbol id="sm-aac">
         <name>uDMAChannelRequest</name>
         <value>0x20008dcd</value>
         <object_component_ref idref="oc-20c"/>
      </symbol>
      <symbol id="sm-ab0">
         <name>UtilsDelay</name>
         <value>0x2000904d</value>
         <object_component_ref idref="oc-136"/>
      </symbol>
      <symbol id="sm-aba">
         <name>CPUcpsie</name>
         <value>0x20008f1b</value>
         <object_component_ref idref="oc-186"/>
      </symbol>
      <symbol id="sm-abc">
         <name>__TI_static_base__</name>
         <value>0x20009548</value>
      </symbol>
      <symbol id="sm-abf">
         <name>__mpu_init</name>
         <value>0x0</value>
      </symbol>
      <symbol id="sm-ac0">
         <name>_system_post_cinit</name>
         <value>0x0</value>
      </symbol>
   </symbol_table>
   <title>Link successful</title>
</link_info>
